../Core/Src/rfp.c:45:6:RFP_Handle	8	static
../Core/Src/rfp.c:53:6:RFP_Init	24	static
../Core/Src/rfp.c:68:13:RFP_ChangeState	16	static
../Core/Src/rfp.c:81:6:RFP_RegisterCommandFunction	16	static
../Core/Src/rfp.c:85:6:RFP_RegisterDataFunction	16	static
../Core/Src/rfp.c:89:6:RFP_RegisterMessageFunction	16	static
../Core/Src/rfp.c:93:6:RFP_InterruptTask	4	static
../Core/Src/rfp.c:97:6:RFP_SendData	32	static
../Core/Src/rfp.c:114:13:RFP_SendResponseFunction	24	static
../Core/Src/rfp.c:128:13:RFP_InitializeFunction	8	static
../Core/Src/rfp.c:135:13:RFP_IdleFunction	8	static
../Core/Src/rfp.c:149:13:RFP_ParseFunction	16	static
../Core/Src/rfp.c:187:13:RFP_RunningFunction	8	static
../Core/Src/rfp.c:222:13:RFP_SendFunction	16	static
../Core/Src/rfp.c:239:13:RFP_WaitForResponseFunction	8	static
../Core/Src/rfp.c:251:13:RFP_ParseResponseFunction	16	static
