Archive member included to satisfy reference by file (symbol)

c:/st/stm32cubeide_1.7.0/stm32cubeide/plugins/com.st.stm32cube.ide.mcu.externaltools.gnu-tools-for-stm32.10.3-2021.10.win32_1.0.100.202210260954/tools/bin/../lib/gcc/arm-none-eabi/10.3.1/../../../../arm-none-eabi/lib/thumb/v7e-m+fp/hard\libc_nano.a(lib_a-errno.o)
                              ./Core/Src/syscalls.o (__errno)
c:/st/stm32cubeide_1.7.0/stm32cubeide/plugins/com.st.stm32cube.ide.mcu.externaltools.gnu-tools-for-stm32.10.3-2021.10.win32_1.0.100.202210260954/tools/bin/../lib/gcc/arm-none-eabi/10.3.1/../../../../arm-none-eabi/lib/thumb/v7e-m+fp/hard\libc_nano.a(lib_a-exit.o)
                              c:/st/stm32cubeide_1.7.0/stm32cubeide/plugins/com.st.stm32cube.ide.mcu.externaltools.gnu-tools-for-stm32.10.3-2021.10.win32_1.0.100.202210260954/tools/bin/../lib/gcc/arm-none-eabi/10.3.1/../../../../arm-none-eabi/lib/thumb/v7e-m+fp/hard/crt0.o (exit)
c:/st/stm32cubeide_1.7.0/stm32cubeide/plugins/com.st.stm32cube.ide.mcu.externaltools.gnu-tools-for-stm32.10.3-2021.10.win32_1.0.100.202210260954/tools/bin/../lib/gcc/arm-none-eabi/10.3.1/../../../../arm-none-eabi/lib/thumb/v7e-m+fp/hard\libc_nano.a(lib_a-impure.o)
                              c:/st/stm32cubeide_1.7.0/stm32cubeide/plugins/com.st.stm32cube.ide.mcu.externaltools.gnu-tools-for-stm32.10.3-2021.10.win32_1.0.100.202210260954/tools/bin/../lib/gcc/arm-none-eabi/10.3.1/../../../../arm-none-eabi/lib/thumb/v7e-m+fp/hard\libc_nano.a(lib_a-exit.o) (_global_impure_ptr)
c:/st/stm32cubeide_1.7.0/stm32cubeide/plugins/com.st.stm32cube.ide.mcu.externaltools.gnu-tools-for-stm32.10.3-2021.10.win32_1.0.100.202210260954/tools/bin/../lib/gcc/arm-none-eabi/10.3.1/../../../../arm-none-eabi/lib/thumb/v7e-m+fp/hard\libc_nano.a(lib_a-init.o)
                              c:/st/stm32cubeide_1.7.0/stm32cubeide/plugins/com.st.stm32cube.ide.mcu.externaltools.gnu-tools-for-stm32.10.3-2021.10.win32_1.0.100.202210260954/tools/bin/../lib/gcc/arm-none-eabi/10.3.1/../../../../arm-none-eabi/lib/thumb/v7e-m+fp/hard/crt0.o (__libc_init_array)
c:/st/stm32cubeide_1.7.0/stm32cubeide/plugins/com.st.stm32cube.ide.mcu.externaltools.gnu-tools-for-stm32.10.3-2021.10.win32_1.0.100.202210260954/tools/bin/../lib/gcc/arm-none-eabi/10.3.1/../../../../arm-none-eabi/lib/thumb/v7e-m+fp/hard\libc_nano.a(lib_a-memcpy-stub.o)
                              ./Middlewares/Third_Party/FreeRTOS/Source/CMSIS_RTOS_V2/cmsis_os2.o (memcpy)
c:/st/stm32cubeide_1.7.0/stm32cubeide/plugins/com.st.stm32cube.ide.mcu.externaltools.gnu-tools-for-stm32.10.3-2021.10.win32_1.0.100.202210260954/tools/bin/../lib/gcc/arm-none-eabi/10.3.1/../../../../arm-none-eabi/lib/thumb/v7e-m+fp/hard\libc_nano.a(lib_a-memset.o)
                              c:/st/stm32cubeide_1.7.0/stm32cubeide/plugins/com.st.stm32cube.ide.mcu.externaltools.gnu-tools-for-stm32.10.3-2021.10.win32_1.0.100.202210260954/tools/bin/../lib/gcc/arm-none-eabi/10.3.1/../../../../arm-none-eabi/lib/thumb/v7e-m+fp/hard/crt0.o (memset)
c:/st/stm32cubeide_1.7.0/stm32cubeide/plugins/com.st.stm32cube.ide.mcu.externaltools.gnu-tools-for-stm32.10.3-2021.10.win32_1.0.100.202210260954/tools/bin/../lib/gcc/arm-none-eabi/10.3.1/../../../../arm-none-eabi/lib/thumb/v7e-m+fp/hard\libc_nano.a(lib_a-sprintf.o)
                              ./Core/Src/freertos.o (sprintf)
c:/st/stm32cubeide_1.7.0/stm32cubeide/plugins/com.st.stm32cube.ide.mcu.externaltools.gnu-tools-for-stm32.10.3-2021.10.win32_1.0.100.202210260954/tools/bin/../lib/gcc/arm-none-eabi/10.3.1/../../../../arm-none-eabi/lib/thumb/v7e-m+fp/hard\libc_nano.a(lib_a-nano-svfprintf.o)
                              c:/st/stm32cubeide_1.7.0/stm32cubeide/plugins/com.st.stm32cube.ide.mcu.externaltools.gnu-tools-for-stm32.10.3-2021.10.win32_1.0.100.202210260954/tools/bin/../lib/gcc/arm-none-eabi/10.3.1/../../../../arm-none-eabi/lib/thumb/v7e-m+fp/hard\libc_nano.a(lib_a-sprintf.o) (_svfprintf_r)
c:/st/stm32cubeide_1.7.0/stm32cubeide/plugins/com.st.stm32cube.ide.mcu.externaltools.gnu-tools-for-stm32.10.3-2021.10.win32_1.0.100.202210260954/tools/bin/../lib/gcc/arm-none-eabi/10.3.1/../../../../arm-none-eabi/lib/thumb/v7e-m+fp/hard\libc_nano.a(lib_a-nano-vfprintf_i.o)
                              c:/st/stm32cubeide_1.7.0/stm32cubeide/plugins/com.st.stm32cube.ide.mcu.externaltools.gnu-tools-for-stm32.10.3-2021.10.win32_1.0.100.202210260954/tools/bin/../lib/gcc/arm-none-eabi/10.3.1/../../../../arm-none-eabi/lib/thumb/v7e-m+fp/hard\libc_nano.a(lib_a-nano-svfprintf.o) (_printf_i)
c:/st/stm32cubeide_1.7.0/stm32cubeide/plugins/com.st.stm32cube.ide.mcu.externaltools.gnu-tools-for-stm32.10.3-2021.10.win32_1.0.100.202210260954/tools/bin/../lib/gcc/arm-none-eabi/10.3.1/../../../../arm-none-eabi/lib/thumb/v7e-m+fp/hard\libc_nano.a(lib_a-memchr.o)
[...]
Memory Configuration

Name             Origin             Length             Attributes
RAM              0x0000000020000000 0x0000000000050000 xrw
RAM2             0x0000000010000000 0x0000000000010000 xrw
RAM3             0x0000000020030000 0x0000000000020000 xrw
FLASH            0x0000000008000000 0x0000000000100000 xr
*default*        0x0000000000000000 0xffffffffffffffff

Linker script and memory map

LOAD c:/st/stm32cubeide_1.7.0/stm32cubeide/plugins/com.st.stm32cube.ide.mcu.externaltools.gnu-tools-for-stm32.10.3-2021.10.win32_1.0.100.202210260954/tools/bin/../lib/gcc/arm-none-eabi/10.3.1/thumb/v7e-m+fp/hard/crti.o
LOAD c:/st/stm32cubeide_1.7.0/stm32cubeide/plugins/com.st.stm32cube.ide.mcu.externaltools.gnu-tools-for-stm32.10.3-2021.10.win32_1.0.100.202210260954/tools/bin/../lib/gcc/arm-none-eabi/10.3.1/thumb/v7e-m+fp/hard/crtbegin.o
LOAD c:/st/stm32cubeide_1.7.0/stm32cubeide/plugins/com.st.stm32cube.ide.mcu.externaltools.gnu-tools-for-stm32.10.3-2021.10.win32_1.0.100.202210260954/tools/bin/../lib/gcc/arm-none-eabi/10.3.1/../../../../arm-none-eabi/lib/thumb/v7e-m+fp/hard/crt0.o
LOAD ./Core/Src/GFX_BW.o
LOAD ./Core/Src/HC12.o
LOAD ./Core/Src/crc.o
LOAD ./Core/Src/dma.o
LOAD ./Core/Src/e_papier.o
LOAD ./Core/Src/flash_spi.o
LOAD ./Core/Src/fram.o
LOAD ./Core/Src/freertos.o
LOAD ./Core/Src/gpio.o
LOAD ./Core/Src/main.o
LOAD ./Core/Src/rfp.o
LOAD ./Core/Src/rng.o
LOAD ./Core/Src/rtc.o
LOAD ./Core/Src/spi.o
LOAD ./Core/Src/ssd1306_spi.o
LOAD ./Core/Src/stm32l4xx_hal_msp.o
LOAD ./Core/Src/stm32l4xx_hal_timebase_tim.o
LOAD ./Core/Src/stm32l4xx_it.o
LOAD ./Core/Src/syscalls.o
LOAD ./Core/Src/sysmem.o
LOAD ./Core/Src/system_stm32l4xx.o
LOAD ./Core/Src/tim.o
LOAD ./Core/Src/usart.o
LOAD ./Core/Startup/startup_stm32l4p5cgtx.o
LOAD ./Drivers/STM32L4xx_HAL_Driver/Src/stm32l4xx_hal.o
LOAD ./Drivers/STM32L4xx_HAL_Driver/Src/stm32l4xx_hal_cortex.o
LOAD ./Drivers/STM32L4xx_HAL_Driver/Src/stm32l4xx_hal_dma.o
LOAD ./Drivers/STM32L4xx_HAL_Driver/Src/stm32l4xx_hal_dma_ex.o
LOAD ./Drivers/STM32L4xx_HAL_Driver/Src/stm32l4xx_hal_exti.o
LOAD ./Drivers/STM32L4xx_HAL_Driver/Src/stm32l4xx_hal_flash.o
LOAD ./Drivers/STM32L4xx_HAL_Driver/Src/stm32l4xx_hal_flash_ex.o
LOAD ./Drivers/STM32L4xx_HAL_Driver/Src/stm32l4xx_hal_flash_ramfunc.o
LOAD ./Drivers/STM32L4xx_HAL_Driver/Src/stm32l4xx_hal_gpio.o
LOAD ./Drivers/STM32L4xx_HAL_Driver/Src/stm32l4xx_hal_i2c.o
LOAD ./Drivers/STM32L4xx_HAL_Driver/Src/stm32l4xx_hal_i2c_ex.o
LOAD ./Drivers/STM32L4xx_HAL_Driver/Src/stm32l4xx_hal_pwr.o
LOAD ./Drivers/STM32L4xx_HAL_Driver/Src/stm32l4xx_hal_pwr_ex.o
LOAD ./Drivers/STM32L4xx_HAL_Driver/Src/stm32l4xx_hal_rcc.o
LOAD ./Drivers/STM32L4xx_HAL_Driver/Src/stm32l4xx_hal_rcc_ex.o
LOAD ./Drivers/STM32L4xx_HAL_Driver/Src/stm32l4xx_hal_rng.o
LOAD ./Drivers/STM32L4xx_HAL_Driver/Src/stm32l4xx_hal_rng_ex.o
LOAD ./Drivers/STM32L4xx_HAL_Driver/Src/stm32l4xx_hal_rtc.o
LOAD ./Drivers/STM32L4xx_HAL_Driver/Src/stm32l4xx_hal_rtc_ex.o
LOAD ./Drivers/STM32L4xx_HAL_Driver/Src/stm32l4xx_hal_spi.o
LOAD ./Drivers/STM32L4xx_HAL_Driver/Src/stm32l4xx_hal_spi_ex.o
LOAD ./Drivers/STM32L4xx_HAL_Driver/Src/stm32l4xx_hal_tim.o
LOAD ./Drivers/STM32L4xx_HAL_Driver/Src/stm32l4xx_hal_tim_ex.o
LOAD ./Drivers/STM32L4xx_HAL_Driver/Src/stm32l4xx_hal_uart.o
LOAD ./Drivers/STM32L4xx_HAL_Driver/Src/stm32l4xx_hal_uart_ex.o
LOAD ./Middlewares/Third_Party/FreeRTOS/Source/CMSIS_RTOS_V2/cmsis_os2.o
LOAD ./Middlewares/Third_Party/FreeRTOS/Source/croutine.o
LOAD ./Middlewares/Third_Party/FreeRTOS/Source/event_groups.o
LOAD ./Middlewares/Third_Party/FreeRTOS/Source/list.o
LOAD ./Middlewares/Third_Party/FreeRTOS/Source/queue.o
LOAD ./Middlewares/Third_Party/FreeRTOS/Source/stream_buffer.o
LOAD ./Middlewares/Third_Party/FreeRTOS/Source/tasks.o
LOAD ./Middlewares/Third_Party/FreeRTOS/Source/timers.o
LOAD ./Middlewares/Third_Party/FreeRTOS/Source/portable/GCC/ARM_CM4F/port.o
LOAD ./Middlewares/Third_Party/FreeRTOS/Source/portable/MemMang/heap_4.o
START GROUP
LOAD c:/st/stm32cubeide_1.7.0/stm32cubeide/plugins/com.st.stm32cube.ide.mcu.externaltools.gnu-tools-for-stm32.10.3-2021.10.win32_1.0.100.202210260954/tools/bin/../lib/gcc/arm-none-eabi/10.3.1/../../../../arm-none-eabi/lib/thumb/v7e-m+fp/hard\libc_nano.a
LOAD c:/st/stm32cubeide_1.7.0/stm32cubeide/plugins/com.st.stm32cube.ide.mcu.externaltools.gnu-tools-for-stm32.10.3-2021.10.win32_1.0.100.202210260954/tools/bin/../lib/gcc/arm-none-eabi/10.3.1/../../../../arm-none-eabi/lib/thumb/v7e-m+fp/hard\libm.a
END GROUP
START GROUP
LOAD c:/st/stm32cubeide_1.7.0/stm32cubeide/plugins/com.st.stm32cube.ide.mcu.externaltools.gnu-tools-for-stm32.10.3-2021.10.win32_1.0.100.202210260954/tools/bin/../lib/gcc/arm-none-eabi/10.3.1/thumb/v7e-m+fp/hard\libgcc.a
LOAD c:/st/stm32cubeide_1.7.0/stm32cubeide/plugins/com.st.stm32cube.ide.mcu.externaltools.gnu-tools-for-stm32.10.3-2021.10.win32_1.0.100.202210260954/tools/bin/../lib/gcc/arm-none-eabi/10.3.1/../../../../arm-none-eabi/lib/thumb/v7e-m+fp/hard\libc_nano.a
END GROUP
START GROUP
LOAD c:/st/stm32cubeide_1.7.0/stm32cubeide/plugins/com.st.stm32cube.ide.mcu.externaltools.gnu-tools-for-stm32.10.3-2021.10.win32_1.0.100.202210260954/tools/bin/../lib/gcc/arm-none-eabi/10.3.1/thumb/v7e-m+fp/hard\libgcc.a
LOAD c:/st/stm32cubeide_1.7.0/stm32cubeide/plugins/com.st.stm32cube.ide.mcu.externaltools.gnu-tools-for-stm32.10.3-2021.10.win32_1.0.100.202210260954/tools/bin/../lib/gcc/arm-none-eabi/10.3.1/../../../../arm-none-eabi/lib/thumb/v7e-m+fp/hard\libc_nano.a
LOAD c:/st/stm32cubeide_1.7.0/stm32cubeide/plugins/com.st.stm32cube.ide.mcu.externaltools.gnu-tools-for-stm32.10.3-2021.10.win32_1.0.100.202210260954/tools/bin/../lib/gcc/arm-none-eabi/10.3.1/../../../../arm-none-eabi/lib/thumb/v7e-m+fp/hard\libnosys.a
END GROUP
START GROUP
LOAD c:/st/stm32cubeide_1.7.0/stm32cubeide/plugins/com.st.stm32cube.ide.mcu.externaltools.gnu-tools-for-stm32.10.3-2021.10.win32_1.0.100.202210260954/tools/bin/../lib/gcc/arm-none-eabi/10.3.1/thumb/v7e-m+fp/hard\libgcc.a
LOAD c:/st/stm32cubeide_1.7.0/stm32cubeide/plugins/com.st.stm32cube.ide.mcu.externaltools.gnu-tools-for-stm32.10.3-2021.10.win32_1.0.100.202210260954/tools/bin/../lib/gcc/arm-none-eabi/10.3.1/../../../../arm-none-eabi/lib/thumb/v7e-m+fp/hard\libc_nano.a
LOAD c:/st/stm32cubeide_1.7.0/stm32cubeide/plugins/com.st.stm32cube.ide.mcu.externaltools.gnu-tools-for-stm32.10.3-2021.10.win32_1.0.100.202210260954/tools/bin/../lib/gcc/arm-none-eabi/10.3.1/../../../../arm-none-eabi/lib/thumb/v7e-m+fp/hard\libnosys.a
END GROUP
LOAD c:/st/stm32cubeide_1.7.0/stm32cubeide/plugins/com.st.stm32cube.ide.mcu.externaltools.gnu-tools-for-stm32.10.3-2021.10.win32_1.0.100.202210260954/tools/bin/../lib/gcc/arm-none-eabi/10.3.1/thumb/v7e-m+fp/hard/crtend.o
LOAD c:/st/stm32cubeide_1.7.0/stm32cubeide/plugins/com.st.stm32cube.ide.mcu.externaltools.gnu-tools-for-stm32.10.3-2021.10.win32_1.0.100.202210260954/tools/bin/../lib/gcc/arm-none-eabi/10.3.1/thumb/v7e-m+fp/hard/crtn.o
                0x0000000020050000                _estack = (ORIGIN (RAM) + LENGTH (RAM))
                0x0000000000000200                _Min_Heap_Size = 0x200
                0x0000000000000c00                _Min_Stack_Size = 0xc00

.isr_vector     0x0000000008000000      0x1bc
                0x0000000008000000                . = ALIGN (0x4)
 *(.isr_vector)
 .isr_vector    0x0000000008000000      0x1bc ./Core/Startup/startup_stm32l4p5cgtx.o
                0x0000000008000000                g_pfnVectors
                0x00000000080001bc                . = ALIGN (0x4)

.text           0x00000000080001c0     0xc4f4
                0x00000000080001c0                . = ALIGN (0x4)
 *(.text)
 .text          0x00000000080001c0       0x40 c:/st/stm32cubeide_1.7.0/stm32cubeide/plugins/com.st.stm32cube.ide.mcu.externaltools.gnu-tools-for-stm32.10.3-2021.10.win32_1.0.100.202210260954/tools/bin/../lib/gcc/arm-none-eabi/10.3.1/thumb/v7e-m+fp/hard/crtbegin.o
 .text          0x0000000008000200       0xa0 c:/st/stm32cubeide_1.7.0/stm32cubeide/plugins/com.st.stm32cube.ide.mcu.externaltools.gnu-tools-for-stm32.10.3-2021.10.win32_1.0.100.202210260954/tools/bin/../lib/gcc/arm-none-eabi/10.3.1/../../../../arm-none-eabi/lib/thumb/v7e-m+fp/hard\libc_nano.a(lib_a-memchr.o)
                0x0000000008000200                memchr
 .text          0x00000000080002a0       0x30 c:/st/stm32cubeide_1.7.0/stm32cubeide/plugins/com.st.stm32cube.ide.mcu.externaltools.gnu-tools-for-stm32.10.3-2021.10.win32_1.0.100.202210260954/tools/bin/../lib/gcc/arm-none-eabi/10.3.1/thumb/v7e-m+fp/hard\libgcc.a(_aeabi_uldivmod.o)
                0x00000000080002a0                __aeabi_uldivmod
 .text          0x00000000080002d0      0x2d0 c:/st/stm32cubeide_1.7.0/stm32cubeide/plugins/com.st.stm32cube.ide.mcu.externaltools.gnu-tools-for-stm32.10.3-2021.10.win32_1.0.100.202210260954/tools/bin/../lib/gcc/arm-none-eabi/10.3.1/thumb/v7e-m+fp/hard\libgcc.a(_udivmoddi4.o)
                0x00000000080002d0                __udivmoddi4
 .text          0x00000000080005a0        0x4 c:/st/stm32cubeide_1.7.0/stm32cubeide/plugins/com.st.stm32cube.ide.mcu.externaltools.gnu-tools-for-stm32.10.3-2021.10.win32_1.0.100.202210260954/tools/bin/../lib/gcc/arm-none-eabi/10.3.1/thumb/v7e-m+fp/hard\libgcc.a(_dvmd_tls.o)
                0x00000000080005a0                __aeabi_idiv0
                0x00000000080005a0                __aeabi_ldiv0
 *(.text*)
 .text.GFX_DrawPixelScreen
                0x00000000080005a4       0x50 ./Core/Src/GFX_BW.o
 .text.GFX_SetFont
                0x00000000080005f4       0x20 ./Core/Src/GFX_BW.o
                0x00000000080005f4                GFX_SetFont
 .text.GFX_DrawChar
                0x0000000008000614      0x17c ./Core/Src/GFX_BW.o
                0x0000000008000614                GFX_DrawChar
 .text.GFX_DrawString
                0x0000000008000790       0xbc ./Core/Src/GFX_BW.o
                0x0000000008000790                GFX_DrawString
 .text.GFX_WriteLine
                0x000000000800084c      0x122 ./Core/Src/GFX_BW.o
                0x000000000800084c                GFX_WriteLine
 .text.GFX_DrawFastVLine
                0x000000000800096e       0x32 ./Core/Src/GFX_BW.o
                0x000000000800096e                GFX_DrawFastVLine
 .text.GFX_DrawFillRectangle
                0x00000000080009a0       0x4e ./Core/Src/GFX_BW.o
                0x00000000080009a0                GFX_DrawFillRectangle
 .text.HC12_ExitCommandMode
                0x00000000080009ee       0x16 ./Core/Src/HC12.o
                0x00000000080009ee                HC12_ExitCommandMode
 .text.HC12_TransmitData
                0x0000000008000a04       0x28 ./Core/Src/HC12.o
                0x0000000008000a04                HC12_TransmitData
 .text.HC12_ReciveToIdleDMA
                0x0000000008000a2c       0x24 ./Core/Src/HC12.o
                0x0000000008000a2c                HC12_ReciveToIdleDMA
 .text.HC12_Init
                0x0000000008000a50       0x2c ./Core/Src/HC12.o
                0x0000000008000a50                HC12_Init
 .text.Crc      0x0000000008000a7c       0xb0 ./Core/Src/crc.o
                0x0000000008000a7c                Crc
 .text.RepareMessage
                0x0000000008000b2c       0xa0 ./Core/Src/crc.o
                0x0000000008000b2c                RepareMessage
 .text.MX_DMA_Init
                0x0000000008000bcc       0x48 ./Core/Src/dma.o
                0x0000000008000bcc                MX_DMA_Init
 .text.e_papier_reset
                0x0000000008000c14       0x44 ./Core/Src/e_papier.o
                0x0000000008000c14                e_papier_reset
 .text.e_papier_send_command
                0x0000000008000c58       0x48 ./Core/Src/e_papier.o
                0x0000000008000c58                e_papier_send_command
 .text.e_papier_send_data
                0x0000000008000ca0       0x48 ./Core/Src/e_papier.o
                0x0000000008000ca0                e_papier_send_data
 .text.e_papier_wait_until_idle
                0x0000000008000ce8       0x24 ./Core/Src/e_papier.o
                0x0000000008000ce8                e_papier_wait_until_idle
 .text.e_papier_set_pixel
                0x0000000008000d0c       0xbc ./Core/Src/e_papier.o
                0x0000000008000d0c                e_papier_set_pixel
 .text.e_papier_set_lut
                0x0000000008000dc8       0xd8 ./Core/Src/e_papier.o
                0x0000000008000dc8                e_papier_set_lut
 .text.e_papier_turn_on_display
                0x0000000008000ea0       0x12 ./Core/Src/e_papier.o
                0x0000000008000ea0                e_papier_turn_on_display
 *fill*         0x0000000008000eb2        0x2 
 .text.e_papier_display
                0x0000000008000eb4       0x9c ./Core/Src/e_papier.o
                0x0000000008000eb4                e_papier_display
 .text.e_papier_clear
                0x0000000008000f50       0x18 ./Core/Src/e_papier.o
                0x0000000008000f50                e_papier_clear
 .text.e_papier_init
                0x0000000008000f68       0xc0 ./Core/Src/e_papier.o
                0x0000000008000f68                e_papier_init
 .text.MX_FREERTOS_Init
                0x0000000008001028       0x98 ./Core/Src/freertos.o
                0x0000000008001028                MX_FREERTOS_Init
 .text.StartDefaultTask
                0x00000000080010c0       0x10 ./Core/Src/freertos.o
                0x00000000080010c0                StartDefaultTask
 .text.StartInitAndTimeTask
                0x00000000080010d0      0x138 ./Core/Src/freertos.o
                0x00000000080010d0                StartInitAndTimeTask
 .text.StartRfpTask
                0x0000000008001208       0x20 ./Core/Src/freertos.o
                0x0000000008001208                StartRfpTask
 .text.MX_GPIO_Init
                0x0000000008001228      0x134 ./Core/Src/gpio.o
                0x0000000008001228                MX_GPIO_Init
 .text.main     0x000000000800135c       0x42 ./Core/Src/main.o
                0x000000000800135c                main
 *fill*         0x000000000800139e        0x2 
 .text.SystemClock_Config
                0x00000000080013a0       0xc4 ./Core/Src/main.o
                0x00000000080013a0                SystemClock_Config
 .text.MX_NVIC_Init
                0x0000000008001464       0x28 ./Core/Src/main.o
 .text.HAL_TIM_PeriodElapsedCallback
                0x000000000800148c       0x24 ./Core/Src/main.o
                0x000000000800148c                HAL_TIM_PeriodElapsedCallback
 .text.Error_Handler
                0x00000000080014b0        0xa ./Core/Src/main.o
                0x00000000080014b0                Error_Handler
 *fill*         0x00000000080014ba        0x2 
 .text.RFP_Handle
                0x00000000080014bc       0x38 ./Core/Src/rfp.o
                0x00000000080014bc                RFP_Handle
 .text.RFP_Init
                0x00000000080014f4       0x7c ./Core/Src/rfp.o
                0x00000000080014f4                RFP_Init
 .text.RFP_ChangeState
                0x0000000008001570       0x84 ./Core/Src/rfp.o
 .text.RFP_SendResponseFunction
                0x00000000080015f4       0x7c ./Core/Src/rfp.o
 .text.RFP_InitializeFunction
                0x0000000008001670       0x30 ./Core/Src/rfp.o
 .text.RFP_IdleFunction
                0x00000000080016a0       0x50 ./Core/Src/rfp.o
 .text.RFP_ParseFunction
                0x00000000080016f0       0xfc ./Core/Src/rfp.o
 .text.RFP_RunningFunction
                0x00000000080017ec       0xb8 ./Core/Src/rfp.o
 .text.RFP_SendFunction
                0x00000000080018a4       0x6c ./Core/Src/rfp.o
 .text.RFP_WaitForResponseFunction
                0x0000000008001910       0x48 ./Core/Src/rfp.o
 .text.RFP_ParseResponseFunction
                0x0000000008001958      0x150 ./Core/Src/rfp.o
 .text.MX_RNG_Init
                0x0000000008001aa8       0x2c ./Core/Src/rng.o
                0x0000000008001aa8                MX_RNG_Init
 .text.HAL_RNG_MspInit
                0x0000000008001ad4       0x68 ./Core/Src/rng.o
                0x0000000008001ad4                HAL_RNG_MspInit
 .text.MX_RTC_Init
                0x0000000008001b3c       0x70 ./Core/Src/rtc.o
                0x0000000008001b3c                MX_RTC_Init
 .text.HAL_RTC_MspInit
                0x0000000008001bac       0x7c ./Core/Src/rtc.o
                0x0000000008001bac                HAL_RTC_MspInit
 .text.MX_SPI1_Init
                0x0000000008001c28       0x7c ./Core/Src/spi.o
                0x0000000008001c28                MX_SPI1_Init
 .text.MX_SPI3_Init
                0x0000000008001ca4       0x7c ./Core/Src/spi.o
                0x0000000008001ca4                MX_SPI3_Init
 .text.HAL_SPI_MspInit
                0x0000000008001d20       0xe8 ./Core/Src/spi.o
                0x0000000008001d20                HAL_SPI_MspInit
 .text.ssd1306_command
                0x0000000008001e08       0x4c ./Core/Src/ssd1306_spi.o
 .text.ssd1306_set_pixel
                0x0000000008001e54       0xb8 ./Core/Src/ssd1306_spi.o
                0x0000000008001e54                ssd1306_set_pixel
 .text.ssd1306_display
                0x0000000008001f0c       0x58 ./Core/Src/ssd1306_spi.o
                0x0000000008001f0c                ssd1306_display
 .text.ssd1306_clear
                0x0000000008001f64       0x18 ./Core/Src/ssd1306_spi.o
                0x0000000008001f64                ssd1306_clear
 .text.ssd1306_init
                0x0000000008001f7c       0xe4 ./Core/Src/ssd1306_spi.o
                0x0000000008001f7c                ssd1306_init
 .text.HAL_MspInit
                0x0000000008002060       0x50 ./Core/Src/stm32l4xx_hal_msp.o
                0x0000000008002060                HAL_MspInit
 .text.HAL_InitTick
                0x00000000080020b0       0xdc ./Core/Src/stm32l4xx_hal_timebase_tim.o
                0x00000000080020b0                HAL_InitTick
 .text.NMI_Handler
                0x000000000800218c        0x6 ./Core/Src/stm32l4xx_it.o
                0x000000000800218c                NMI_Handler
 .text.HardFault_Handler
                0x0000000008002192        0x6 ./Core/Src/stm32l4xx_it.o
                0x0000000008002192                HardFault_Handler
 .text.MemManage_Handler
                0x0000000008002198        0x6 ./Core/Src/stm32l4xx_it.o
                0x0000000008002198                MemManage_Handler
 .text.BusFault_Handler
                0x000000000800219e        0x6 ./Core/Src/stm32l4xx_it.o
                0x000000000800219e                BusFault_Handler
 .text.UsageFault_Handler
                0x00000000080021a4        0x6 ./Core/Src/stm32l4xx_it.o
                0x00000000080021a4                UsageFault_Handler
 .text.DebugMon_Handler
                0x00000000080021aa        0xe ./Core/Src/stm32l4xx_it.o
                0x00000000080021aa                DebugMon_Handler
 .text.DMA1_Channel1_IRQHandler
                0x00000000080021b8       0x14 ./Core/Src/stm32l4xx_it.o
                0x00000000080021b8                DMA1_Channel1_IRQHandler
 .text.TIM1_TRG_COM_TIM17_IRQHandler
                0x00000000080021cc       0x14 ./Core/Src/stm32l4xx_it.o
                0x00000000080021cc                TIM1_TRG_COM_TIM17_IRQHandler
 .text.USART1_IRQHandler
                0x00000000080021e0       0x14 ./Core/Src/stm32l4xx_it.o
                0x00000000080021e0                USART1_IRQHandler
 .text._sbrk    0x00000000080021f4       0x6c ./Core/Src/sysmem.o
                0x00000000080021f4                _sbrk
 .text.SystemInit
                0x0000000008002260       0x2c ./Core/Src/system_stm32l4xx.o
                0x0000000008002260                SystemInit
 .text.MX_TIM2_Init
                0x000000000800228c       0xec ./Core/Src/tim.o
                0x000000000800228c                MX_TIM2_Init
 .text.MX_TIM5_Init
                0x0000000008002378       0xac ./Core/Src/tim.o
                0x0000000008002378                MX_TIM5_Init
 .text.HAL_TIM_Base_MspInit
                0x0000000008002424       0x3c ./Core/Src/tim.o
                0x0000000008002424                HAL_TIM_Base_MspInit
 .text.HAL_TIM_Encoder_MspInit
                0x0000000008002460       0x84 ./Core/Src/tim.o
                0x0000000008002460                HAL_TIM_Encoder_MspInit
 .text.HAL_TIM_MspPostInit
                0x00000000080024e4       0x6c ./Core/Src/tim.o
                0x00000000080024e4                HAL_TIM_MspPostInit
 .text.MX_USART1_UART_Init
                0x0000000008002550       0xa0 ./Core/Src/usart.o
                0x0000000008002550                MX_USART1_UART_Init
 .text.HAL_UART_MspInit
                0x00000000080025f0      0x114 ./Core/Src/usart.o
                0x00000000080025f0                HAL_UART_MspInit
 .text.Reset_Handler
                0x0000000008002704       0x50 ./Core/Startup/startup_stm32l4p5cgtx.o
                0x0000000008002704                Reset_Handler
 .text.Default_Handler
                0x0000000008002754        0x2 ./Core/Startup/startup_stm32l4p5cgtx.o
                0x0000000008002754                RTC_Alarm_IRQHandler
                0x0000000008002754                EXTI2_IRQHandler
                0x0000000008002754                TIM8_TRG_COM_IRQHandler
                0x0000000008002754                TIM8_CC_IRQHandler
                0x0000000008002754                TIM1_CC_IRQHandler
                0x0000000008002754                TSC_IRQHandler
                0x0000000008002754                TAMP_STAMP_IRQHandler
                0x0000000008002754                EXTI3_IRQHandler
                0x0000000008002754                LPTIM2_IRQHandler
                0x0000000008002754                DFSDM1_FLT1_IRQHandler
                0x0000000008002754                I2C3_ER_IRQHandler
                0x0000000008002754                EXTI0_IRQHandler
                0x0000000008002754                I2C2_EV_IRQHandler
                0x0000000008002754                CAN1_RX0_IRQHandler
                0x0000000008002754                FPU_IRQHandler
                0x0000000008002754                TIM1_UP_TIM16_IRQHandler
                0x0000000008002754                LTDC_ER_IRQHandler
                0x0000000008002754                ADC1_2_IRQHandler
                0x0000000008002754                SPI1_IRQHandler
                0x0000000008002754                OCTOSPI1_IRQHandler
                0x0000000008002754                TIM6_DAC_IRQHandler
                0x0000000008002754                TIM8_UP_IRQHandler
                0x0000000008002754                OCTOSPI2_IRQHandler
                0x0000000008002754                DMA2_Channel2_IRQHandler
                0x0000000008002754                DMA1_Channel4_IRQHandler
                0x0000000008002754                SAI2_IRQHandler
                0x0000000008002754                USART3_IRQHandler
                0x0000000008002754                DMA1_Channel7_IRQHandler
                0x0000000008002754                CAN1_RX1_IRQHandler
                0x0000000008002754                UART5_IRQHandler
                0x0000000008002754                TIM4_IRQHandler
                0x0000000008002754                DMA2_Channel1_IRQHandler
                0x0000000008002754                I2C1_EV_IRQHandler
                0x0000000008002754                DMAMUX1_OVR_IRQHandler
                0x0000000008002754                DMA1_Channel6_IRQHandler
                0x0000000008002754                UART4_IRQHandler
                0x0000000008002754                DMA2_Channel4_IRQHandler
                0x0000000008002754                TIM3_IRQHandler
                0x0000000008002754                RCC_IRQHandler
                0x0000000008002754                Default_Handler
                0x0000000008002754                DMA2_Channel7_IRQHandler
                0x0000000008002754                EXTI15_10_IRQHandler
                0x0000000008002754                TIM7_IRQHandler
                0x0000000008002754                SDMMC1_IRQHandler
                0x0000000008002754                TIM5_IRQHandler
                0x0000000008002754                I2C3_EV_IRQHandler
                0x0000000008002754                EXTI9_5_IRQHandler
                0x0000000008002754                RTC_WKUP_IRQHandler
                0x0000000008002754                LTDC_IRQHandler
                0x0000000008002754                PVD_PVM_IRQHandler
                0x0000000008002754                SPI2_IRQHandler
                0x0000000008002754                CAN1_TX_IRQHandler
                0x0000000008002754                DMA2_Channel5_IRQHandler
                0x0000000008002754                DMA1_Channel5_IRQHandler
                0x0000000008002754                EXTI4_IRQHandler
                0x0000000008002754                RNG_IRQHandler
                0x0000000008002754                DMA1_Channel3_IRQHandler
                0x0000000008002754                COMP_IRQHandler
                0x0000000008002754                HASH_CRS_IRQHandler
                0x0000000008002754                WWDG_IRQHandler
                0x0000000008002754                I2C4_EV_IRQHandler
                0x0000000008002754                LPUART1_IRQHandler
                0x0000000008002754                DMA2_Channel6_IRQHandler
                0x0000000008002754                TIM2_IRQHandler
                0x0000000008002754                DMA2D_IRQHandler
                0x0000000008002754                EXTI1_IRQHandler
                0x0000000008002754                SDMMC2_IRQHandler
                0x0000000008002754                USART2_IRQHandler
                0x0000000008002754                DFSDM1_FLT0_IRQHandler
                0x0000000008002754                I2C2_ER_IRQHandler
                0x0000000008002754                DMA1_Channel2_IRQHandler
                0x0000000008002754                TIM8_BRK_IRQHandler
                0x0000000008002754                CAN1_SCE_IRQHandler
                0x0000000008002754                FLASH_IRQHandler
                0x0000000008002754                OTG_FS_IRQHandler
                0x0000000008002754                SPI3_IRQHandler
                0x0000000008002754                I2C1_ER_IRQHandler
                0x0000000008002754                FMC_IRQHandler
                0x0000000008002754                LPTIM1_IRQHandler
                0x0000000008002754                DCMI_PSSI_IRQHandler
                0x0000000008002754                I2C4_ER_IRQHandler
                0x0000000008002754                SAI1_IRQHandler
                0x0000000008002754                DMA2_Channel3_IRQHandler
                0x0000000008002754                TIM1_BRK_TIM15_IRQHandler
 .text.HAL_Init
                0x0000000008002756       0x30 ./Drivers/STM32L4xx_HAL_Driver/Src/stm32l4xx_hal.o
                0x0000000008002756                HAL_Init
 *fill*         0x0000000008002786        0x2 
 .text.HAL_IncTick
                0x0000000008002788       0x28 ./Drivers/STM32L4xx_HAL_Driver/Src/stm32l4xx_hal.o
                0x0000000008002788                HAL_IncTick
 .text.HAL_GetTick
                0x00000000080027b0       0x18 ./Drivers/STM32L4xx_HAL_Driver/Src/stm32l4xx_hal.o
                0x00000000080027b0                HAL_GetTick
 .text.HAL_Delay
                0x00000000080027c8       0x48 ./Drivers/STM32L4xx_HAL_Driver/Src/stm32l4xx_hal.o
                0x00000000080027c8                HAL_Delay
 .text.__NVIC_SetPriorityGrouping
                0x0000000008002810       0x48 ./Drivers/STM32L4xx_HAL_Driver/Src/stm32l4xx_hal_cortex.o
 .text.__NVIC_GetPriorityGrouping
                0x0000000008002858       0x1c ./Drivers/STM32L4xx_HAL_Driver/Src/stm32l4xx_hal_cortex.o
 .text.__NVIC_EnableIRQ
                0x0000000008002874       0x3c ./Drivers/STM32L4xx_HAL_Driver/Src/stm32l4xx_hal_cortex.o
 .text.__NVIC_SetPriority
                0x00000000080028b0       0x54 ./Drivers/STM32L4xx_HAL_Driver/Src/stm32l4xx_hal_cortex.o
 .text.NVIC_EncodePriority
                0x0000000008002904       0x66 ./Drivers/STM32L4xx_HAL_Driver/Src/stm32l4xx_hal_cortex.o
 .text.HAL_NVIC_SetPriorityGrouping
                0x000000000800296a       0x16 ./Drivers/STM32L4xx_HAL_Driver/Src/stm32l4xx_hal_cortex.o
                0x000000000800296a                HAL_NVIC_SetPriorityGrouping
 .text.HAL_NVIC_SetPriority
                0x0000000008002980       0x38 ./Drivers/STM32L4xx_HAL_Driver/Src/stm32l4xx_hal_cortex.o
                0x0000000008002980                HAL_NVIC_SetPriority
 .text.HAL_NVIC_EnableIRQ
                0x00000000080029b8       0x1c ./Drivers/STM32L4xx_HAL_Driver/Src/stm32l4xx_hal_cortex.o
                0x00000000080029b8                HAL_NVIC_EnableIRQ
 .text.HAL_DMA_Init
                0x00000000080029d4      0x150 ./Drivers/STM32L4xx_HAL_Driver/Src/stm32l4xx_hal_dma.o
                0x00000000080029d4                HAL_DMA_Init
 .text.HAL_DMA_Start_IT
                0x0000000008002b24       0xf6 ./Drivers/STM32L4xx_HAL_Driver/Src/stm32l4xx_hal_dma.o
                0x0000000008002b24                HAL_DMA_Start_IT
 .text.HAL_DMA_Abort
                0x0000000008002c1a       0xb8 ./Drivers/STM32L4xx_HAL_Driver/Src/stm32l4xx_hal_dma.o
                0x0000000008002c1a                HAL_DMA_Abort
 .text.HAL_DMA_Abort_IT
                0x0000000008002cd2       0xbe ./Drivers/STM32L4xx_HAL_Driver/Src/stm32l4xx_hal_dma.o
                0x0000000008002cd2                HAL_DMA_Abort_IT
 .text.HAL_DMA_IRQHandler
                0x0000000008002d90      0x15e ./Drivers/STM32L4xx_HAL_Driver/Src/stm32l4xx_hal_dma.o
                0x0000000008002d90                HAL_DMA_IRQHandler
 .text.DMA_SetConfig
                0x0000000008002eee       0x7c ./Drivers/STM32L4xx_HAL_Driver/Src/stm32l4xx_hal_dma.o
 *fill*         0x0000000008002f6a        0x2 
 .text.DMA_CalcDMAMUXChannelBaseAndMask
                0x0000000008002f6c       0x7c ./Drivers/STM32L4xx_HAL_Driver/Src/stm32l4xx_hal_dma.o
 .text.DMA_CalcDMAMUXRequestGenBaseAndMask
                0x0000000008002fe8       0x48 ./Drivers/STM32L4xx_HAL_Driver/Src/stm32l4xx_hal_dma.o
 .text.HAL_GPIO_Init
                0x0000000008003030      0x324 ./Drivers/STM32L4xx_HAL_Driver/Src/stm32l4xx_hal_gpio.o
                0x0000000008003030                HAL_GPIO_Init
 .text.HAL_GPIO_ReadPin
                0x0000000008003354       0x30 ./Drivers/STM32L4xx_HAL_Driver/Src/stm32l4xx_hal_gpio.o
                0x0000000008003354                HAL_GPIO_ReadPin
 .text.HAL_GPIO_WritePin
                0x0000000008003384       0x30 ./Drivers/STM32L4xx_HAL_Driver/Src/stm32l4xx_hal_gpio.o
                0x0000000008003384                HAL_GPIO_WritePin
 .text.HAL_PWR_EnableBkUpAccess
                0x00000000080033b4       0x20 ./Drivers/STM32L4xx_HAL_Driver/Src/stm32l4xx_hal_pwr.o
                0x00000000080033b4                HAL_PWR_EnableBkUpAccess
 .text.HAL_PWREx_GetVoltageRange
                0x00000000080033d4       0x40 ./Drivers/STM32L4xx_HAL_Driver/Src/stm32l4xx_hal_pwr_ex.o
                0x00000000080033d4                HAL_PWREx_GetVoltageRange
 .text.HAL_PWREx_ControlVoltageScaling
                0x0000000008003414      0x148 ./Drivers/STM32L4xx_HAL_Driver/Src/stm32l4xx_hal_pwr_ex.o
                0x0000000008003414                HAL_PWREx_ControlVoltageScaling
 .text.HAL_RCC_OscConfig
                0x000000000800355c      0x8f8 ./Drivers/STM32L4xx_HAL_Driver/Src/stm32l4xx_hal_rcc.o
                0x000000000800355c                HAL_RCC_OscConfig
 .text.HAL_RCC_ClockConfig
                0x0000000008003e54      0x274 ./Drivers/STM32L4xx_HAL_Driver/Src/stm32l4xx_hal_rcc.o
                0x0000000008003e54                HAL_RCC_ClockConfig
 .text.HAL_RCC_GetSysClockFreq
                0x00000000080040c8      0x118 ./Drivers/STM32L4xx_HAL_Driver/Src/stm32l4xx_hal_rcc.o
                0x00000000080040c8                HAL_RCC_GetSysClockFreq
 .text.HAL_RCC_GetHCLKFreq
                0x00000000080041e0       0x18 ./Drivers/STM32L4xx_HAL_Driver/Src/stm32l4xx_hal_rcc.o
                0x00000000080041e0                HAL_RCC_GetHCLKFreq
 .text.HAL_RCC_GetPCLK1Freq
                0x00000000080041f8       0x2c ./Drivers/STM32L4xx_HAL_Driver/Src/stm32l4xx_hal_rcc.o
                0x00000000080041f8                HAL_RCC_GetPCLK1Freq
 .text.HAL_RCC_GetPCLK2Freq
                0x0000000008004224       0x2c ./Drivers/STM32L4xx_HAL_Driver/Src/stm32l4xx_hal_rcc.o
                0x0000000008004224                HAL_RCC_GetPCLK2Freq
 .text.HAL_RCC_GetClockConfig
                0x0000000008004250       0x64 ./Drivers/STM32L4xx_HAL_Driver/Src/stm32l4xx_hal_rcc.o
                0x0000000008004250                HAL_RCC_GetClockConfig
 .text.RCC_SetFlashLatencyFromMSIRange
                0x00000000080042b4       0xb4 ./Drivers/STM32L4xx_HAL_Driver/Src/stm32l4xx_hal_rcc.o
 .text.RCC_GetSysClockFreqFromPLLSource
                0x0000000008004368       0xcc ./Drivers/STM32L4xx_HAL_Driver/Src/stm32l4xx_hal_rcc.o
 .text.HAL_RCCEx_PeriphCLKConfig
                0x0000000008004434      0x6d8 ./Drivers/STM32L4xx_HAL_Driver/Src/stm32l4xx_hal_rcc_ex.o
                0x0000000008004434                HAL_RCCEx_PeriphCLKConfig
 .text.RCCEx_PLLSAI1_Config
                0x0000000008004b0c      0x1e8 ./Drivers/STM32L4xx_HAL_Driver/Src/stm32l4xx_hal_rcc_ex.o
 .text.RCCEx_PLLSAI2_Config
                0x0000000008004cf4      0x1e8 ./Drivers/STM32L4xx_HAL_Driver/Src/stm32l4xx_hal_rcc_ex.o
 .text.HAL_RNG_Init
                0x0000000008004edc      0x154 ./Drivers/STM32L4xx_HAL_Driver/Src/stm32l4xx_hal_rng.o
                0x0000000008004edc                HAL_RNG_Init
 .text.HAL_RNG_GenerateRandomNumber
                0x0000000008005030       0x9e ./Drivers/STM32L4xx_HAL_Driver/Src/stm32l4xx_hal_rng.o
                0x0000000008005030                HAL_RNG_GenerateRandomNumber
 *fill*         0x00000000080050ce        0x2 
 .text.HAL_RTC_Init
                0x00000000080050d0      0x120 ./Drivers/STM32L4xx_HAL_Driver/Src/stm32l4xx_hal_rtc.o
                0x00000000080050d0                HAL_RTC_Init
 .text.HAL_RTC_GetTime
                0x00000000080051f0       0xc4 ./Drivers/STM32L4xx_HAL_Driver/Src/stm32l4xx_hal_rtc.o
                0x00000000080051f0                HAL_RTC_GetTime
 .text.HAL_RTC_GetDate
                0x00000000080052b4       0x9c ./Drivers/STM32L4xx_HAL_Driver/Src/stm32l4xx_hal_rtc.o
                0x00000000080052b4                HAL_RTC_GetDate
 .text.HAL_RTC_WaitForSynchro
                0x0000000008005350       0x4c ./Drivers/STM32L4xx_HAL_Driver/Src/stm32l4xx_hal_rtc.o
                0x0000000008005350                HAL_RTC_WaitForSynchro
 .text.RTC_EnterInitMode
                0x000000000800539c       0x6c ./Drivers/STM32L4xx_HAL_Driver/Src/stm32l4xx_hal_rtc.o
                0x000000000800539c                RTC_EnterInitMode
 .text.RTC_ExitInitMode
                0x0000000008005408       0x7c ./Drivers/STM32L4xx_HAL_Driver/Src/stm32l4xx_hal_rtc.o
                0x0000000008005408                RTC_ExitInitMode
 .text.RTC_Bcd2ToByte
                0x0000000008005484       0x34 ./Drivers/STM32L4xx_HAL_Driver/Src/stm32l4xx_hal_rtc.o
                0x0000000008005484                RTC_Bcd2ToByte
 .text.HAL_SPI_Init
                0x00000000080054b8      0x146 ./Drivers/STM32L4xx_HAL_Driver/Src/stm32l4xx_hal_spi.o
                0x00000000080054b8                HAL_SPI_Init
 .text.HAL_SPI_Transmit
                0x00000000080055fe      0x2dc ./Drivers/STM32L4xx_HAL_Driver/Src/stm32l4xx_hal_spi.o
                0x00000000080055fe                HAL_SPI_Transmit
 *fill*         0x00000000080058da        0x2 
 .text.SPI_WaitFlagStateUntilTimeout
                0x00000000080058dc      0x110 ./Drivers/STM32L4xx_HAL_Driver/Src/stm32l4xx_hal_spi.o
 .text.SPI_WaitFifoStateUntilTimeout
                0x00000000080059ec      0x12c ./Drivers/STM32L4xx_HAL_Driver/Src/stm32l4xx_hal_spi.o
 .text.SPI_EndRxTxTransaction
                0x0000000008005b18       0x8c ./Drivers/STM32L4xx_HAL_Driver/Src/stm32l4xx_hal_spi.o
 .text.HAL_TIM_Base_Init
                0x0000000008005ba4       0xae ./Drivers/STM32L4xx_HAL_Driver/Src/stm32l4xx_hal_tim.o
                0x0000000008005ba4                HAL_TIM_Base_Init
 *fill*         0x0000000008005c52        0x2 
 .text.HAL_TIM_Base_Start_IT
                0x0000000008005c54       0xe0 ./Drivers/STM32L4xx_HAL_Driver/Src/stm32l4xx_hal_tim.o
                0x0000000008005c54                HAL_TIM_Base_Start_IT
 .text.HAL_TIM_PWM_Init
                0x0000000008005d34       0xae ./Drivers/STM32L4xx_HAL_Driver/Src/stm32l4xx_hal_tim.o
                0x0000000008005d34                HAL_TIM_PWM_Init
 .text.HAL_TIM_PWM_MspInit
                0x0000000008005de2       0x14 ./Drivers/STM32L4xx_HAL_Driver/Src/stm32l4xx_hal_tim.o
                0x0000000008005de2                HAL_TIM_PWM_MspInit
 .text.HAL_TIM_Encoder_Init
                0x0000000008005df6      0x14c ./Drivers/STM32L4xx_HAL_Driver/Src/stm32l4xx_hal_tim.o
                0x0000000008005df6                HAL_TIM_Encoder_Init
 .text.HAL_TIM_IRQHandler
                0x0000000008005f42      0x23e ./Drivers/STM32L4xx_HAL_Driver/Src/stm32l4xx_hal_tim.o
                0x0000000008005f42                HAL_TIM_IRQHandler
 .text.HAL_TIM_PWM_ConfigChannel
                0x0000000008006180      0x228 ./Drivers/STM32L4xx_HAL_Driver/Src/stm32l4xx_hal_tim.o
                0x0000000008006180                HAL_TIM_PWM_ConfigChannel
 .text.HAL_TIM_ConfigClockSource
                0x00000000080063a8      0x192 ./Drivers/STM32L4xx_HAL_Driver/Src/stm32l4xx_hal_tim.o
                0x00000000080063a8                HAL_TIM_ConfigClockSource
 .text.HAL_TIM_OC_DelayElapsedCallback
                0x000000000800653a       0x14 ./Drivers/STM32L4xx_HAL_Driver/Src/stm32l4xx_hal_tim.o
                0x000000000800653a                HAL_TIM_OC_DelayElapsedCallback
 .text.HAL_TIM_IC_CaptureCallback
                0x000000000800654e       0x14 ./Drivers/STM32L4xx_HAL_Driver/Src/stm32l4xx_hal_tim.o
                0x000000000800654e                HAL_TIM_IC_CaptureCallback
 .text.HAL_TIM_PWM_PulseFinishedCallback
                0x0000000008006562       0x14 ./Drivers/STM32L4xx_HAL_Driver/Src/stm32l4xx_hal_tim.o
                0x0000000008006562                HAL_TIM_PWM_PulseFinishedCallback
 .text.HAL_TIM_TriggerCallback
                0x0000000008006576       0x14 ./Drivers/STM32L4xx_HAL_Driver/Src/stm32l4xx_hal_tim.o
                0x0000000008006576                HAL_TIM_TriggerCallback
 *fill*         0x000000000800658a        0x2 
 .text.TIM_Base_SetConfig
                0x000000000800658c      0x134 ./Drivers/STM32L4xx_HAL_Driver/Src/stm32l4xx_hal_tim.o
                0x000000000800658c                TIM_Base_SetConfig
 .text.TIM_OC1_SetConfig
                0x00000000080066c0      0x120 ./Drivers/STM32L4xx_HAL_Driver/Src/stm32l4xx_hal_tim.o
 .text.TIM_OC2_SetConfig
                0x00000000080067e0      0x114 ./Drivers/STM32L4xx_HAL_Driver/Src/stm32l4xx_hal_tim.o
                0x00000000080067e0                TIM_OC2_SetConfig
 .text.TIM_OC3_SetConfig
                0x00000000080068f4      0x110 ./Drivers/STM32L4xx_HAL_Driver/Src/stm32l4xx_hal_tim.o
 .text.TIM_OC4_SetConfig
                0x0000000008006a04       0xd4 ./Drivers/STM32L4xx_HAL_Driver/Src/stm32l4xx_hal_tim.o
 .text.TIM_OC5_SetConfig
                0x0000000008006ad8       0xc8 ./Drivers/STM32L4xx_HAL_Driver/Src/stm32l4xx_hal_tim.o
 .text.TIM_OC6_SetConfig
                0x0000000008006ba0       0xcc ./Drivers/STM32L4xx_HAL_Driver/Src/stm32l4xx_hal_tim.o
 .text.TIM_TI1_ConfigInputStage
                0x0000000008006c6c       0x5e ./Drivers/STM32L4xx_HAL_Driver/Src/stm32l4xx_hal_tim.o
 .text.TIM_TI2_ConfigInputStage
                0x0000000008006cca       0x60 ./Drivers/STM32L4xx_HAL_Driver/Src/stm32l4xx_hal_tim.o
 .text.TIM_ITRx_SetConfig
                0x0000000008006d2a       0x36 ./Drivers/STM32L4xx_HAL_Driver/Src/stm32l4xx_hal_tim.o
 .text.TIM_ETR_SetConfig
                0x0000000008006d60       0x40 ./Drivers/STM32L4xx_HAL_Driver/Src/stm32l4xx_hal_tim.o
                0x0000000008006d60                TIM_ETR_SetConfig
 .text.HAL_TIMEx_MasterConfigSynchronization
                0x0000000008006da0      0x110 ./Drivers/STM32L4xx_HAL_Driver/Src/stm32l4xx_hal_tim_ex.o
                0x0000000008006da0                HAL_TIMEx_MasterConfigSynchronization
 .text.HAL_TIMEx_CommutCallback
                0x0000000008006eb0       0x14 ./Drivers/STM32L4xx_HAL_Driver/Src/stm32l4xx_hal_tim_ex.o
                0x0000000008006eb0                HAL_TIMEx_CommutCallback
 .text.HAL_TIMEx_BreakCallback
                0x0000000008006ec4       0x14 ./Drivers/STM32L4xx_HAL_Driver/Src/stm32l4xx_hal_tim_ex.o
                0x0000000008006ec4                HAL_TIMEx_BreakCallback
 .text.HAL_TIMEx_Break2Callback
                0x0000000008006ed8       0x14 ./Drivers/STM32L4xx_HAL_Driver/Src/stm32l4xx_hal_tim_ex.o
                0x0000000008006ed8                HAL_TIMEx_Break2Callback
 .text.HAL_UART_Init
                0x0000000008006eec       0xa0 ./Drivers/STM32L4xx_HAL_Driver/Src/stm32l4xx_hal_uart.o
                0x0000000008006eec                HAL_UART_Init
 .text.HAL_UART_Transmit
                0x0000000008006f8c      0x12c ./Drivers/STM32L4xx_HAL_Driver/Src/stm32l4xx_hal_uart.o
                0x0000000008006f8c                HAL_UART_Transmit
 .text.HAL_UART_IRQHandler
                0x00000000080070b8      0x630 ./Drivers/STM32L4xx_HAL_Driver/Src/stm32l4xx_hal_uart.o
                0x00000000080070b8                HAL_UART_IRQHandler
 .text.HAL_UART_TxCpltCallback
                0x00000000080076e8       0x14 ./Drivers/STM32L4xx_HAL_Driver/Src/stm32l4xx_hal_uart.o
                0x00000000080076e8                HAL_UART_TxCpltCallback
 .text.HAL_UART_RxCpltCallback
                0x00000000080076fc       0x14 ./Drivers/STM32L4xx_HAL_Driver/Src/stm32l4xx_hal_uart.o
                0x00000000080076fc                HAL_UART_RxCpltCallback
 .text.HAL_UART_RxHalfCpltCallback
                0x0000000008007710       0x14 ./Drivers/STM32L4xx_HAL_Driver/Src/stm32l4xx_hal_uart.o
                0x0000000008007710                HAL_UART_RxHalfCpltCallback
 .text.HAL_UART_ErrorCallback
                0x0000000008007724       0x14 ./Drivers/STM32L4xx_HAL_Driver/Src/stm32l4xx_hal_uart.o
                0x0000000008007724                HAL_UART_ErrorCallback
 .text.HAL_UARTEx_RxEventCallback
                0x0000000008007738       0x18 ./Drivers/STM32L4xx_HAL_Driver/Src/stm32l4xx_hal_uart.o
                0x0000000008007738                HAL_UARTEx_RxEventCallback
 .text.UART_SetConfig
                0x0000000008007750      0x5f8 ./Drivers/STM32L4xx_HAL_Driver/Src/stm32l4xx_hal_uart.o
                0x0000000008007750                UART_SetConfig
 .text.UART_AdvFeatureConfig
                0x0000000008007d48      0x144 ./Drivers/STM32L4xx_HAL_Driver/Src/stm32l4xx_hal_uart.o
                0x0000000008007d48                UART_AdvFeatureConfig
 .text.UART_CheckIdleState
                0x0000000008007e8c       0x96 ./Drivers/STM32L4xx_HAL_Driver/Src/stm32l4xx_hal_uart.o
                0x0000000008007e8c                UART_CheckIdleState
 .text.UART_WaitOnFlagUntilTimeout
                0x0000000008007f22      0x190 ./Drivers/STM32L4xx_HAL_Driver/Src/stm32l4xx_hal_uart.o
                0x0000000008007f22                UART_WaitOnFlagUntilTimeout
 *fill*         0x00000000080080b2        0x2 
 .text.UART_Start_Receive_DMA
                0x00000000080080b4      0x150 ./Drivers/STM32L4xx_HAL_Driver/Src/stm32l4xx_hal_uart.o
                0x00000000080080b4                UART_Start_Receive_DMA
 .text.UART_EndTxTransfer
                0x0000000008008204       0x82 ./Drivers/STM32L4xx_HAL_Driver/Src/stm32l4xx_hal_uart.o
 .text.UART_EndRxTransfer
                0x0000000008008286       0xcc ./Drivers/STM32L4xx_HAL_Driver/Src/stm32l4xx_hal_uart.o
 .text.UART_DMAReceiveCplt
                0x0000000008008352      0x126 ./Drivers/STM32L4xx_HAL_Driver/Src/stm32l4xx_hal_uart.o
 .text.UART_DMARxHalfCplt
                0x0000000008008478       0x38 ./Drivers/STM32L4xx_HAL_Driver/Src/stm32l4xx_hal_uart.o
 .text.UART_DMAError
                0x00000000080084b0       0x80 ./Drivers/STM32L4xx_HAL_Driver/Src/stm32l4xx_hal_uart.o
 .text.UART_DMAAbortOnError
                0x0000000008008530       0x2c ./Drivers/STM32L4xx_HAL_Driver/Src/stm32l4xx_hal_uart.o
 .text.UART_EndTransmit_IT
                0x000000000800855c       0x56 ./Drivers/STM32L4xx_HAL_Driver/Src/stm32l4xx_hal_uart.o
 .text.HAL_UARTEx_WakeupCallback
                0x00000000080085b2       0x14 ./Drivers/STM32L4xx_HAL_Driver/Src/stm32l4xx_hal_uart_ex.o
                0x00000000080085b2                HAL_UARTEx_WakeupCallback
 .text.HAL_UARTEx_RxFifoFullCallback
                0x00000000080085c6       0x14 ./Drivers/STM32L4xx_HAL_Driver/Src/stm32l4xx_hal_uart_ex.o
                0x00000000080085c6                HAL_UARTEx_RxFifoFullCallback
 .text.HAL_UARTEx_TxFifoEmptyCallback
                0x00000000080085da       0x14 ./Drivers/STM32L4xx_HAL_Driver/Src/stm32l4xx_hal_uart_ex.o
                0x00000000080085da                HAL_UARTEx_TxFifoEmptyCallback
 .text.HAL_UARTEx_DisableFifoMode
                0x00000000080085ee       0x72 ./Drivers/STM32L4xx_HAL_Driver/Src/stm32l4xx_hal_uart_ex.o
                0x00000000080085ee                HAL_UARTEx_DisableFifoMode
 .text.HAL_UARTEx_SetTxFifoThreshold
                0x0000000008008660       0x7c ./Drivers/STM32L4xx_HAL_Driver/Src/stm32l4xx_hal_uart_ex.o
                0x0000000008008660                HAL_UARTEx_SetTxFifoThreshold
 .text.HAL_UARTEx_SetRxFifoThreshold
                0x00000000080086dc       0x7c ./Drivers/STM32L4xx_HAL_Driver/Src/stm32l4xx_hal_uart_ex.o
                0x00000000080086dc                HAL_UARTEx_SetRxFifoThreshold
 .text.HAL_UARTEx_ReceiveToIdle_DMA
                0x0000000008008758       0xb8 ./Drivers/STM32L4xx_HAL_Driver/Src/stm32l4xx_hal_uart_ex.o
                0x0000000008008758                HAL_UARTEx_ReceiveToIdle_DMA
 .text.UARTEx_SetNbDataToProcess
                0x0000000008008810       0x9c ./Drivers/STM32L4xx_HAL_Driver/Src/stm32l4xx_hal_uart_ex.o
 .text.__NVIC_SetPriority
                0x00000000080088ac       0x54 ./Middlewares/Third_Party/FreeRTOS/Source/CMSIS_RTOS_V2/cmsis_os2.o
 .text.SysTick_Handler
                0x0000000008008900       0x20 ./Middlewares/Third_Party/FreeRTOS/Source/CMSIS_RTOS_V2/cmsis_os2.o
                0x0000000008008900                SysTick_Handler
 .text.SVC_Setup
                0x0000000008008920       0x12 ./Middlewares/Third_Party/FreeRTOS/Source/CMSIS_RTOS_V2/cmsis_os2.o
 *fill*         0x0000000008008932        0x2 
 .text.osKernelInitialize
                0x0000000008008934       0x48 ./Middlewares/Third_Party/FreeRTOS/Source/CMSIS_RTOS_V2/cmsis_os2.o
                0x0000000008008934                osKernelInitialize
 .text.osKernelStart
                0x000000000800897c       0x4c ./Middlewares/Third_Party/FreeRTOS/Source/CMSIS_RTOS_V2/cmsis_os2.o
                0x000000000800897c                osKernelStart
 .text.osThreadNew
                0x00000000080089c8      0x124 ./Middlewares/Third_Party/FreeRTOS/Source/CMSIS_RTOS_V2/cmsis_os2.o
                0x00000000080089c8                osThreadNew
 .text.osDelay  0x0000000008008aec       0x36 ./Middlewares/Third_Party/FreeRTOS/Source/CMSIS_RTOS_V2/cmsis_os2.o
                0x0000000008008aec                osDelay
 .text.osEventFlagsNew
                0x0000000008008b22       0x7e ./Middlewares/Third_Party/FreeRTOS/Source/CMSIS_RTOS_V2/cmsis_os2.o
                0x0000000008008b22                osEventFlagsNew
 .text.osMutexNew
                0x0000000008008ba0      0x10c ./Middlewares/Third_Party/FreeRTOS/Source/CMSIS_RTOS_V2/cmsis_os2.o
                0x0000000008008ba0                osMutexNew
 .text.osMutexAcquire
                0x0000000008008cac       0x96 ./Middlewares/Third_Party/FreeRTOS/Source/CMSIS_RTOS_V2/cmsis_os2.o
                0x0000000008008cac                osMutexAcquire
 .text.osMutexRelease
                0x0000000008008d42       0x7a ./Middlewares/Third_Party/FreeRTOS/Source/CMSIS_RTOS_V2/cmsis_os2.o
                0x0000000008008d42                osMutexRelease
 .text.vApplicationGetIdleTaskMemory
                0x0000000008008dbc       0x34 ./Middlewares/Third_Party/FreeRTOS/Source/CMSIS_RTOS_V2/cmsis_os2.o
                0x0000000008008dbc                vApplicationGetIdleTaskMemory
 .text.vApplicationGetTimerTaskMemory
                0x0000000008008df0       0x34 ./Middlewares/Third_Party/FreeRTOS/Source/CMSIS_RTOS_V2/cmsis_os2.o
                0x0000000008008df0                vApplicationGetTimerTaskMemory
 .text.xEventGroupCreateStatic
                0x0000000008008e24       0x6e ./Middlewares/Third_Party/FreeRTOS/Source/event_groups.o
                0x0000000008008e24                xEventGroupCreateStatic
 .text.xEventGroupCreate
                0x0000000008008e92       0x34 ./Middlewares/Third_Party/FreeRTOS/Source/event_groups.o
                0x0000000008008e92                xEventGroupCreate
 .text.vListInitialise
                0x0000000008008ec6       0x40 ./Middlewares/Third_Party/FreeRTOS/Source/list.o
                0x0000000008008ec6                vListInitialise
 .text.vListInitialiseItem
                0x0000000008008f06       0x1a ./Middlewares/Third_Party/FreeRTOS/Source/list.o
                0x0000000008008f06                vListInitialiseItem
 .text.vListInsertEnd
                0x0000000008008f20       0x48 ./Middlewares/Third_Party/FreeRTOS/Source/list.o
                0x0000000008008f20                vListInsertEnd
 .text.vListInsert
                0x0000000008008f68       0x72 ./Middlewares/Third_Party/FreeRTOS/Source/list.o
                0x0000000008008f68                vListInsert
 .text.uxListRemove
                0x0000000008008fda       0x54 ./Middlewares/Third_Party/FreeRTOS/Source/list.o
                0x0000000008008fda                uxListRemove
 *fill*         0x000000000800902e        0x2 
 .text.xQueueGenericReset
                0x0000000008009030       0xd0 ./Middlewares/Third_Party/FreeRTOS/Source/queue.o
                0x0000000008009030                xQueueGenericReset
 .text.xQueueGenericCreateStatic
                0x0000000008009100       0xf0 ./Middlewares/Third_Party/FreeRTOS/Source/queue.o
                0x0000000008009100                xQueueGenericCreateStatic
 .text.xQueueGenericCreate
                0x00000000080091f0       0x74 ./Middlewares/Third_Party/FreeRTOS/Source/queue.o
                0x00000000080091f0                xQueueGenericCreate
 .text.prvInitialiseNewQueue
                0x0000000008009264       0x46 ./Middlewares/Third_Party/FreeRTOS/Source/queue.o
 .text.prvInitialiseMutex
                0x00000000080092aa       0x34 ./Middlewares/Third_Party/FreeRTOS/Source/queue.o
 .text.xQueueCreateMutex
                0x00000000080092de       0x30 ./Middlewares/Third_Party/FreeRTOS/Source/queue.o
                0x00000000080092de                xQueueCreateMutex
 .text.xQueueCreateMutexStatic
                0x000000000800930e       0x36 ./Middlewares/Third_Party/FreeRTOS/Source/queue.o
                0x000000000800930e                xQueueCreateMutexStatic
 .text.xQueueGiveMutexRecursive
                0x0000000008009344       0x68 ./Middlewares/Third_Party/FreeRTOS/Source/queue.o
                0x0000000008009344                xQueueGiveMutexRecursive
 .text.xQueueTakeMutexRecursive
                0x00000000080093ac       0x6c ./Middlewares/Third_Party/FreeRTOS/Source/queue.o
                0x00000000080093ac                xQueueTakeMutexRecursive
 .text.xQueueGenericSend
                0x0000000008009418      0x1fc ./Middlewares/Third_Party/FreeRTOS/Source/queue.o
                0x0000000008009418                xQueueGenericSend
 .text.xQueueGenericSendFromISR
                0x0000000008009614      0x136 ./Middlewares/Third_Party/FreeRTOS/Source/queue.o
                0x0000000008009614                xQueueGenericSendFromISR
 *fill*         0x000000000800974a        0x2 
 .text.xQueueReceive
                0x000000000800974c      0x1c0 ./Middlewares/Third_Party/FreeRTOS/Source/queue.o
                0x000000000800974c                xQueueReceive
 .text.xQueueSemaphoreTake
                0x000000000800990c      0x218 ./Middlewares/Third_Party/FreeRTOS/Source/queue.o
                0x000000000800990c                xQueueSemaphoreTake
 .text.prvGetDisinheritPriorityAfterTimeout
                0x0000000008009b24       0x30 ./Middlewares/Third_Party/FreeRTOS/Source/queue.o
 .text.prvCopyDataToQueue
                0x0000000008009b54       0xd4 ./Middlewares/Third_Party/FreeRTOS/Source/queue.o
 .text.prvCopyDataFromQueue
                0x0000000008009c28       0x4c ./Middlewares/Third_Party/FreeRTOS/Source/queue.o
 .text.prvUnlockQueue
                0x0000000008009c74       0xa4 ./Middlewares/Third_Party/FreeRTOS/Source/queue.o
 .text.prvIsQueueEmpty
                0x0000000008009d18       0x2c ./Middlewares/Third_Party/FreeRTOS/Source/queue.o
 .text.prvIsQueueFull
                0x0000000008009d44       0x30 ./Middlewares/Third_Party/FreeRTOS/Source/queue.o
 .text.vQueueAddToRegistry
                0x0000000008009d74       0x54 ./Middlewares/Third_Party/FreeRTOS/Source/queue.o
                0x0000000008009d74                vQueueAddToRegistry
 .text.vQueueWaitForMessageRestricted
                0x0000000008009dc8       0x68 ./Middlewares/Third_Party/FreeRTOS/Source/queue.o
                0x0000000008009dc8                vQueueWaitForMessageRestricted
 .text.xTaskCreateStatic
                0x0000000008009e30       0xba ./Middlewares/Third_Party/FreeRTOS/Source/tasks.o
                0x0000000008009e30                xTaskCreateStatic
 .text.xTaskCreate
                0x0000000008009eea       0x8a ./Middlewares/Third_Party/FreeRTOS/Source/tasks.o
                0x0000000008009eea                xTaskCreate
 .text.prvInitialiseNewTask
                0x0000000008009f74      0x11e ./Middlewares/Third_Party/FreeRTOS/Source/tasks.o
 *fill*         0x000000000800a092        0x2 
 .text.prvAddNewTaskToReadyList
                0x000000000800a094       0xe0 ./Middlewares/Third_Party/FreeRTOS/Source/tasks.o
 .text.vTaskDelay
                0x000000000800a174       0x68 ./Middlewares/Third_Party/FreeRTOS/Source/tasks.o
                0x000000000800a174                vTaskDelay
 .text.vTaskStartScheduler
                0x000000000800a1dc       0xcc ./Middlewares/Third_Party/FreeRTOS/Source/tasks.o
                0x000000000800a1dc                vTaskStartScheduler
 .text.vTaskSuspendAll
                0x000000000800a2a8       0x1c ./Middlewares/Third_Party/FreeRTOS/Source/tasks.o
                0x000000000800a2a8                vTaskSuspendAll
 .text.xTaskResumeAll
                0x000000000800a2c4      0x13c ./Middlewares/Third_Party/FreeRTOS/Source/tasks.o
                0x000000000800a2c4                xTaskResumeAll
 .text.xTaskGetTickCount
                0x000000000800a400       0x20 ./Middlewares/Third_Party/FreeRTOS/Source/tasks.o
                0x000000000800a400                xTaskGetTickCount
 .text.xTaskIncrementTick
                0x000000000800a420      0x174 ./Middlewares/Third_Party/FreeRTOS/Source/tasks.o
                0x000000000800a420                xTaskIncrementTick
 .text.vTaskSwitchContext
                0x000000000800a594       0xbc ./Middlewares/Third_Party/FreeRTOS/Source/tasks.o
                0x000000000800a594                vTaskSwitchContext
 .text.vTaskPlaceOnEventList
                0x000000000800a650       0x48 ./Middlewares/Third_Party/FreeRTOS/Source/tasks.o
                0x000000000800a650                vTaskPlaceOnEventList
 .text.vTaskPlaceOnEventListRestricted
                0x000000000800a698       0x58 ./Middlewares/Third_Party/FreeRTOS/Source/tasks.o
                0x000000000800a698                vTaskPlaceOnEventListRestricted
 .text.xTaskRemoveFromEventList
                0x000000000800a6f0       0xc8 ./Middlewares/Third_Party/FreeRTOS/Source/tasks.o
                0x000000000800a6f0                xTaskRemoveFromEventList
 .text.vTaskInternalSetTimeOutState
                0x000000000800a7b8       0x2c ./Middlewares/Third_Party/FreeRTOS/Source/tasks.o
                0x000000000800a7b8                vTaskInternalSetTimeOutState
 .text.xTaskCheckForTimeOut
                0x000000000800a7e4       0xc4 ./Middlewares/Third_Party/FreeRTOS/Source/tasks.o
                0x000000000800a7e4                xTaskCheckForTimeOut
 .text.vTaskMissedYield
                0x000000000800a8a8       0x18 ./Middlewares/Third_Party/FreeRTOS/Source/tasks.o
                0x000000000800a8a8                vTaskMissedYield
 .text.prvIdleTask
                0x000000000800a8c0       0x30 ./Middlewares/Third_Party/FreeRTOS/Source/tasks.o
 .text.prvInitialiseTaskLists
                0x000000000800a8f0       0x80 ./Middlewares/Third_Party/FreeRTOS/Source/tasks.o
 .text.prvCheckTasksWaitingTermination
                0x000000000800a970       0x5c ./Middlewares/Third_Party/FreeRTOS/Source/tasks.o
 .text.prvDeleteTCB
                0x000000000800a9cc       0x5e ./Middlewares/Third_Party/FreeRTOS/Source/tasks.o
 *fill*         0x000000000800aa2a        0x2 
 .text.prvResetNextTaskUnblockTime
                0x000000000800aa2c       0x40 ./Middlewares/Third_Party/FreeRTOS/Source/tasks.o
 .text.xTaskGetCurrentTaskHandle
                0x000000000800aa6c       0x20 ./Middlewares/Third_Party/FreeRTOS/Source/tasks.o
                0x000000000800aa6c                xTaskGetCurrentTaskHandle
 .text.xTaskGetSchedulerState
                0x000000000800aa8c       0x3c ./Middlewares/Third_Party/FreeRTOS/Source/tasks.o
                0x000000000800aa8c                xTaskGetSchedulerState
 .text.xTaskPriorityInherit
                0x000000000800aac8       0xd0 ./Middlewares/Third_Party/FreeRTOS/Source/tasks.o
                0x000000000800aac8                xTaskPriorityInherit
 .text.xTaskPriorityDisinherit
                0x000000000800ab98       0xdc ./Middlewares/Third_Party/FreeRTOS/Source/tasks.o
                0x000000000800ab98                xTaskPriorityDisinherit
 .text.vTaskPriorityDisinheritAfterTimeout
                0x000000000800ac74      0x104 ./Middlewares/Third_Party/FreeRTOS/Source/tasks.o
                0x000000000800ac74                vTaskPriorityDisinheritAfterTimeout
 .text.pvTaskIncrementMutexHeldCount
                0x000000000800ad78       0x28 ./Middlewares/Third_Party/FreeRTOS/Source/tasks.o
                0x000000000800ad78                pvTaskIncrementMutexHeldCount
 .text.prvAddCurrentTaskToDelayedList
                0x000000000800ada0       0xa8 ./Middlewares/Third_Party/FreeRTOS/Source/tasks.o
 .text.xTimerCreateTimerTask
                0x000000000800ae48       0x90 ./Middlewares/Third_Party/FreeRTOS/Source/timers.o
                0x000000000800ae48                xTimerCreateTimerTask
 .text.xTimerGenericCommand
                0x000000000800aed8       0x9c ./Middlewares/Third_Party/FreeRTOS/Source/timers.o
                0x000000000800aed8                xTimerGenericCommand
 .text.prvProcessExpiredTimer
                0x000000000800af74       0x98 ./Middlewares/Third_Party/FreeRTOS/Source/timers.o
 .text.prvTimerTask
                0x000000000800b00c       0x24 ./Middlewares/Third_Party/FreeRTOS/Source/timers.o
 .text.prvProcessTimerOrBlockTask
                0x000000000800b030       0x9c ./Middlewares/Third_Party/FreeRTOS/Source/timers.o
 .text.prvGetNextExpireTime
                0x000000000800b0cc       0x48 ./Middlewares/Third_Party/FreeRTOS/Source/timers.o
 .text.prvSampleTimeNow
                0x000000000800b114       0x40 ./Middlewares/Third_Party/FreeRTOS/Source/timers.o
 .text.prvInsertTimerInActiveList
                0x000000000800b154       0x84 ./Middlewares/Third_Party/FreeRTOS/Source/timers.o
 .text.prvProcessReceivedCommands
                0x000000000800b1d8      0x1c4 ./Middlewares/Third_Party/FreeRTOS/Source/timers.o
 .text.prvSwitchTimerLists
                0x000000000800b39c       0xc8 ./Middlewares/Third_Party/FreeRTOS/Source/timers.o
 .text.prvCheckForValidListAndQueue
                0x000000000800b464       0x80 ./Middlewares/Third_Party/FreeRTOS/Source/timers.o
 .text.pxPortInitialiseStack
                0x000000000800b4e4       0x68 ./Middlewares/Third_Party/FreeRTOS/Source/portable/GCC/ARM_CM4F/port.o
                0x000000000800b4e4                pxPortInitialiseStack
 .text.prvTaskExitError
                0x000000000800b54c       0x58 ./Middlewares/Third_Party/FreeRTOS/Source/portable/GCC/ARM_CM4F/port.o
 *fill*         0x000000000800b5a4        0xc 
 .text.SVC_Handler
                0x000000000800b5b0       0x28 ./Middlewares/Third_Party/FreeRTOS/Source/portable/GCC/ARM_CM4F/port.o
                0x000000000800b5b0                SVC_Handler
 .text.prvPortStartFirstTask
                0x000000000800b5d8       0x28 ./Middlewares/Third_Party/FreeRTOS/Source/portable/GCC/ARM_CM4F/port.o
 .text.xPortStartScheduler
                0x000000000800b600      0x144 ./Middlewares/Third_Party/FreeRTOS/Source/portable/GCC/ARM_CM4F/port.o
                0x000000000800b600                xPortStartScheduler
 .text.vPortEnterCritical
                0x000000000800b744       0x60 ./Middlewares/Third_Party/FreeRTOS/Source/portable/GCC/ARM_CM4F/port.o
                0x000000000800b744                vPortEnterCritical
 .text.vPortExitCritical
                0x000000000800b7a4       0x54 ./Middlewares/Third_Party/FreeRTOS/Source/portable/GCC/ARM_CM4F/port.o
                0x000000000800b7a4                vPortExitCritical
 *fill*         0x000000000800b7f8        0x8 
 .text.PendSV_Handler
                0x000000000800b800       0x68 ./Middlewares/Third_Party/FreeRTOS/Source/portable/GCC/ARM_CM4F/port.o
                0x000000000800b800                PendSV_Handler
 .text.xPortSysTickHandler
                0x000000000800b868       0x44 ./Middlewares/Third_Party/FreeRTOS/Source/portable/GCC/ARM_CM4F/port.o
                0x000000000800b868                xPortSysTickHandler
 .text.vPortSetupTimerInterrupt
                0x000000000800b8ac       0x48 ./Middlewares/Third_Party/FreeRTOS/Source/portable/GCC/ARM_CM4F/port.o
                0x000000000800b8ac                vPortSetupTimerInterrupt
 .text.vPortEnableVFP
                0x000000000800b8f4       0x14 ./Middlewares/Third_Party/FreeRTOS/Source/portable/GCC/ARM_CM4F/port.o
 .text.vPortValidateInterruptPriority
                0x000000000800b908       0x80 ./Middlewares/Third_Party/FreeRTOS/Source/portable/GCC/ARM_CM4F/port.o
                0x000000000800b908                vPortValidateInterruptPriority
 .text.pvPortMalloc
                0x000000000800b988      0x198 ./Middlewares/Third_Party/FreeRTOS/Source/portable/MemMang/heap_4.o
                0x000000000800b988                pvPortMalloc
 .text.vPortFree
                0x000000000800bb20       0xc4 ./Middlewares/Third_Party/FreeRTOS/Source/portable/MemMang/heap_4.o
                0x000000000800bb20                vPortFree
 .text.prvHeapInit
                0x000000000800bbe4       0xc4 ./Middlewares/Third_Party/FreeRTOS/Source/portable/MemMang/heap_4.o
 .text.prvInsertBlockIntoFreeList
                0x000000000800bca8       0xb4 ./Middlewares/Third_Party/FreeRTOS/Source/portable/MemMang/heap_4.o
 .text.__errno  0x000000000800bd5c        0xc c:/st/stm32cubeide_1.7.0/stm32cubeide/plugins/com.st.stm32cube.ide.mcu.externaltools.gnu-tools-for-stm32.10.3-2021.10.win32_1.0.100.202210260954/tools/bin/../lib/gcc/arm-none-eabi/10.3.1/../../../../arm-none-eabi/lib/thumb/v7e-m+fp/hard\libc_nano.a(lib_a-errno.o)
                0x000000000800bd5c                __errno
 .text.__libc_init_array
                0x000000000800bd68       0x48 c:/st/stm32cubeide_1.7.0/stm32cubeide/plugins/com.st.stm32cube.ide.mcu.externaltools.gnu-tools-for-stm32.10.3-2021.10.win32_1.0.100.202210260954/tools/bin/../lib/gcc/arm-none-eabi/10.3.1/../../../../arm-none-eabi/lib/thumb/v7e-m+fp/hard\libc_nano.a(lib_a-init.o)
                0x000000000800bd68                __libc_init_array
 .text.memcpy   0x000000000800bdb0       0x1c c:/st/stm32cubeide_1.7.0/stm32cubeide/plugins/com.st.stm32cube.ide.mcu.externaltools.gnu-tools-for-stm32.10.3-2021.10.win32_1.0.100.202210260954/tools/bin/../lib/gcc/arm-none-eabi/10.3.1/../../../../arm-none-eabi/lib/thumb/v7e-m+fp/hard\libc_nano.a(lib_a-memcpy-stub.o)
                0x000000000800bdb0                memcpy
 .text.memset   0x000000000800bdcc       0x10 c:/st/stm32cubeide_1.7.0/stm32cubeide/plugins/com.st.stm32cube.ide.mcu.externaltools.gnu-tools-for-stm32.10.3-2021.10.win32_1.0.100.202210260954/tools/bin/../lib/gcc/arm-none-eabi/10.3.1/../../../../arm-none-eabi/lib/thumb/v7e-m+fp/hard\libc_nano.a(lib_a-memset.o)
                0x000000000800bdcc                memset
 .text.sprintf  0x000000000800bddc       0x40 c:/st/stm32cubeide_1.7.0/stm32cubeide/plugins/com.st.stm32cube.ide.mcu.externaltools.gnu-tools-for-stm32.10.3-2021.10.win32_1.0.100.202210260954/tools/bin/../lib/gcc/arm-none-eabi/10.3.1/../../../../arm-none-eabi/lib/thumb/v7e-m+fp/hard\libc_nano.a(lib_a-sprintf.o)
                0x000000000800bddc                siprintf
                0x000000000800bddc                sprintf
 .text.__ssputs_r
                0x000000000800be1c       0xb6 c:/st/stm32cubeide_1.7.0/stm32cubeide/plugins/com.st.stm32cube.ide.mcu.externaltools.gnu-tools-for-stm32.10.3-2021.10.win32_1.0.100.202210260954/tools/bin/../lib/gcc/arm-none-eabi/10.3.1/../../../../arm-none-eabi/lib/thumb/v7e-m+fp/hard\libc_nano.a(lib_a-nano-svfprintf.o)
                0x000000000800be1c                __ssputs_r
 *fill*         0x000000000800bed2        0x2 
 .text._svfprintf_r
                0x000000000800bed4      0x200 c:/st/stm32cubeide_1.7.0/stm32cubeide/plugins/com.st.stm32cube.ide.mcu.externaltools.gnu-tools-for-stm32.10.3-2021.10.win32_1.0.100.202210260954/tools/bin/../lib/gcc/arm-none-eabi/10.3.1/../../../../arm-none-eabi/lib/thumb/v7e-m+fp/hard\libc_nano.a(lib_a-nano-svfprintf.o)
                0x000000000800bed4                _svfiprintf_r
                0x000000000800bed4                _svfprintf_r
 .text._printf_common
                0x000000000800c0d4       0xda c:/st/stm32cubeide_1.7.0/stm32cubeide/plugins/com.st.stm32cube.ide.mcu.externaltools.gnu-tools-for-stm32.10.3-2021.10.win32_1.0.100.202210260954/tools/bin/../lib/gcc/arm-none-eabi/10.3.1/../../../../arm-none-eabi/lib/thumb/v7e-m+fp/hard\libc_nano.a(lib_a-nano-vfprintf_i.o)
                0x000000000800c0d4                _printf_common
 *fill*         0x000000000800c1ae        0x2 
 .text._printf_i
                0x000000000800c1b0      0x24c c:/st/stm32cubeide_1.7.0/stm32cubeide/plugins/com.st.stm32cube.ide.mcu.externaltools.gnu-tools-for-stm32.10.3-2021.10.win32_1.0.100.202210260954/tools/bin/../lib/gcc/arm-none-eabi/10.3.1/../../../../arm-none-eabi/lib/thumb/v7e-m+fp/hard\libc_nano.a(lib_a-nano-vfprintf_i.o)
                0x000000000800c1b0                _printf_i
 .text.memmove  0x000000000800c3fc       0x34 c:/st/stm32cubeide_1.7.0/stm32cubeide/plugins/com.st.stm32cube.ide.mcu.externaltools.gnu-tools-for-stm32.10.3-2021.10.win32_1.0.100.202210260954/tools/bin/../lib/gcc/arm-none-eabi/10.3.1/../../../../arm-none-eabi/lib/thumb/v7e-m+fp/hard\libc_nano.a(lib_a-memmove.o)
                0x000000000800c3fc                memmove
 .text._free_r  0x000000000800c430       0x98 c:/st/stm32cubeide_1.7.0/stm32cubeide/plugins/com.st.stm32cube.ide.mcu.externaltools.gnu-tools-for-stm32.10.3-2021.10.win32_1.0.100.202210260954/tools/bin/../lib/gcc/arm-none-eabi/10.3.1/../../../../arm-none-eabi/lib/thumb/v7e-m+fp/hard\libc_nano.a(lib_a-nano-freer.o)
                0x000000000800c430                _free_r
 .text.sbrk_aligned
                0x000000000800c4c8       0x40 c:/st/stm32cubeide_1.7.0/stm32cubeide/plugins/com.st.stm32cube.ide.mcu.externaltools.gnu-tools-for-stm32.10.3-2021.10.win32_1.0.100.202210260954/tools/bin/../lib/gcc/arm-none-eabi/10.3.1/../../../../arm-none-eabi/lib/thumb/v7e-m+fp/hard\libc_nano.a(lib_a-nano-mallocr.o)
 .text._malloc_r
                0x000000000800c508       0xe8 c:/st/stm32cubeide_1.7.0/stm32cubeide/plugins/com.st.stm32cube.ide.mcu.externaltools.gnu-tools-for-stm32.10.3-2021.10.win32_1.0.100.202210260954/tools/bin/../lib/gcc/arm-none-eabi/10.3.1/../../../../arm-none-eabi/lib/thumb/v7e-m+fp/hard\libc_nano.a(lib_a-nano-mallocr.o)
                0x000000000800c508                _malloc_r
 .text._realloc_r
                0x000000000800c5f0       0x5e c:/st/stm32cubeide_1.7.0/stm32cubeide/plugins/com.st.stm32cube.ide.mcu.externaltools.gnu-tools-for-stm32.10.3-2021.10.win32_1.0.100.202210260954/tools/bin/../lib/gcc/arm-none-eabi/10.3.1/../../../../arm-none-eabi/lib/thumb/v7e-m+fp/hard\libc_nano.a(lib_a-nano-reallocr.o)
                0x000000000800c5f0                _realloc_r
 *fill*         0x000000000800c64e        0x2 
 .text._sbrk_r  0x000000000800c650       0x20 c:/st/stm32cubeide_1.7.0/stm32cubeide/plugins/com.st.stm32cube.ide.mcu.externaltools.gnu-tools-for-stm32.10.3-2021.10.win32_1.0.100.202210260954/tools/bin/../lib/gcc/arm-none-eabi/10.3.1/../../../../arm-none-eabi/lib/thumb/v7e-m+fp/hard\libc_nano.a(lib_a-sbrkr.o)
                0x000000000800c650                _sbrk_r
 .text.__malloc_lock
                0x000000000800c670        0xc c:/st/stm32cubeide_1.7.0/stm32cubeide/plugins/com.st.stm32cube.ide.mcu.externaltools.gnu-tools-for-stm32.10.3-2021.10.win32_1.0.100.202210260954/tools/bin/../lib/gcc/arm-none-eabi/10.3.1/../../../../arm-none-eabi/lib/thumb/v7e-m+fp/hard\libc_nano.a(lib_a-mlock.o)
                0x000000000800c670                __malloc_lock
 .text.__malloc_unlock
                0x000000000800c67c        0xc c:/st/stm32cubeide_1.7.0/stm32cubeide/plugins/com.st.stm32cube.ide.mcu.externaltools.gnu-tools-for-stm32.10.3-2021.10.win32_1.0.100.202210260954/tools/bin/../lib/gcc/arm-none-eabi/10.3.1/../../../../arm-none-eabi/lib/thumb/v7e-m+fp/hard\libc_nano.a(lib_a-mlock.o)
                0x000000000800c67c                __malloc_unlock
 .text._malloc_usable_size_r
                0x000000000800c688       0x10 c:/st/stm32cubeide_1.7.0/stm32cubeide/plugins/com.st.stm32cube.ide.mcu.externaltools.gnu-tools-for-stm32.10.3-2021.10.win32_1.0.100.202210260954/tools/bin/../lib/gcc/arm-none-eabi/10.3.1/../../../../arm-none-eabi/lib/thumb/v7e-m+fp/hard\libc_nano.a(lib_a-nano-msizer.o)
                0x000000000800c688                _malloc_usable_size_r
 .text.__retarget_lock_acquire_recursive
                0x000000000800c698        0x2 c:/st/stm32cubeide_1.7.0/stm32cubeide/plugins/com.st.stm32cube.ide.mcu.externaltools.gnu-tools-for-stm32.10.3-2021.10.win32_1.0.100.202210260954/tools/bin/../lib/gcc/arm-none-eabi/10.3.1/../../../../arm-none-eabi/lib/thumb/v7e-m+fp/hard\libc_nano.a(lib_a-lock.o)
                0x000000000800c698                __retarget_lock_acquire_recursive
 .text.__retarget_lock_release_recursive
                0x000000000800c69a        0x2 c:/st/stm32cubeide_1.7.0/stm32cubeide/plugins/com.st.stm32cube.ide.mcu.externaltools.gnu-tools-for-stm32.10.3-2021.10.win32_1.0.100.202210260954/tools/bin/../lib/gcc/arm-none-eabi/10.3.1/../../../../arm-none-eabi/lib/thumb/v7e-m+fp/hard\libc_nano.a(lib_a-lock.o)
                0x000000000800c69a                __retarget_lock_release_recursive
 *(.glue_7)
 .glue_7        0x000000000800c69c        0x0 linker stubs
 *(.glue_7t)
 .glue_7t       0x000000000800c69c        0x0 linker stubs
 *(.eh_frame)
 .eh_frame      0x000000000800c69c        0x0 c:/st/stm32cubeide_1.7.0/stm32cubeide/plugins/com.st.stm32cube.ide.mcu.externaltools.gnu-tools-for-stm32.10.3-2021.10.win32_1.0.100.202210260954/tools/bin/../lib/gcc/arm-none-eabi/10.3.1/thumb/v7e-m+fp/hard/crtbegin.o
 *(.init)
 .init          0x000000000800c69c        0x4 c:/st/stm32cubeide_1.7.0/stm32cubeide/plugins/com.st.stm32cube.ide.mcu.externaltools.gnu-tools-for-stm32.10.3-2021.10.win32_1.0.100.202210260954/tools/bin/../lib/gcc/arm-none-eabi/10.3.1/thumb/v7e-m+fp/hard/crti.o
                0x000000000800c69c                _init
 .init          0x000000000800c6a0        0x8 c:/st/stm32cubeide_1.7.0/stm32cubeide/plugins/com.st.stm32cube.ide.mcu.externaltools.gnu-tools-for-stm32.10.3-2021.10.win32_1.0.100.202210260954/tools/bin/../lib/gcc/arm-none-eabi/10.3.1/thumb/v7e-m+fp/hard/crtn.o
 *(.fini)
 .fini          0x000000000800c6a8        0x4 c:/st/stm32cubeide_1.7.0/stm32cubeide/plugins/com.st.stm32cube.ide.mcu.externaltools.gnu-tools-for-stm32.10.3-2021.10.win32_1.0.100.202210260954/tools/bin/../lib/gcc/arm-none-eabi/10.3.1/thumb/v7e-m+fp/hard/crti.o
                0x000000000800c6a8                _fini
 .fini          0x000000000800c6ac        0x8 c:/st/stm32cubeide_1.7.0/stm32cubeide/plugins/com.st.stm32cube.ide.mcu.externaltools.gnu-tools-for-stm32.10.3-2021.10.win32_1.0.100.202210260954/tools/bin/../lib/gcc/arm-none-eabi/10.3.1/thumb/v7e-m+fp/hard/crtn.o
                0x000000000800c6b4                . = ALIGN (0x4)
                0x000000000800c6b4                _etext = .

.vfp11_veneer   0x000000000800c6b4        0x0
 .vfp11_veneer  0x000000000800c6b4        0x0 linker stubs

.v4_bx          0x000000000800c6b4        0x0
 .v4_bx         0x000000000800c6b4        0x0 linker stubs

.iplt           0x000000000800c6b4        0x0
 .iplt          0x000000000800c6b4        0x0 c:/st/stm32cubeide_1.7.0/stm32cubeide/plugins/com.st.stm32cube.ide.mcu.externaltools.gnu-tools-for-stm32.10.3-2021.10.win32_1.0.100.202210260954/tools/bin/../lib/gcc/arm-none-eabi/10.3.1/thumb/v7e-m+fp/hard/crtbegin.o

.rodata         0x000000000800c6b4      0x48c
                0x000000000800c6b4                . = ALIGN (0x4)
 *(.rodata)
 .rodata        0x000000000800c6b4       0x78 ./Core/Src/freertos.o
 .rodata        0x000000000800c72c        0x5 ./Middlewares/Third_Party/FreeRTOS/Source/tasks.o
 *fill*         0x000000000800c731        0x3 
 .rodata        0x000000000800c734        0xd ./Middlewares/Third_Party/FreeRTOS/Source/timers.o
 *(.rodata*)
 *fill*         0x000000000800c741        0x3 
 .rodata.lut_vcom0
                0x000000000800c744       0x2c ./Core/Src/e_papier.o
                0x000000000800c744                lut_vcom0
 .rodata.lut_ww
                0x000000000800c770       0x2a ./Core/Src/e_papier.o
                0x000000000800c770                lut_ww
 *fill*         0x000000000800c79a        0x2 
 .rodata.lut_bw
                0x000000000800c79c       0x2a ./Core/Src/e_papier.o
                0x000000000800c79c                lut_bw
 *fill*         0x000000000800c7c6        0x2 
 .rodata.lut_wb
                0x000000000800c7c8       0x2a ./Core/Src/e_papier.o
                0x000000000800c7c8                lut_wb
 *fill*         0x000000000800c7f2        0x2 
 .rodata.lut_bb
                0x000000000800c7f4       0x2a ./Core/Src/e_papier.o
                0x000000000800c7f4                lut_bb
 *fill*         0x000000000800c81e        0x2 
 .rodata.font_8x5
                0x000000000800c820      0x1dd ./Core/Src/freertos.o
                0x000000000800c820                font_8x5
 *fill*         0x000000000800c9fd        0x3 
 .rodata.defaultTask_attributes
                0x000000000800ca00       0x24 ./Core/Src/freertos.o
                0x000000000800ca00                defaultTask_attributes
 .rodata.InitAndTimeTask_attributes
                0x000000000800ca24       0x24 ./Core/Src/freertos.o
                0x000000000800ca24                InitAndTimeTask_attributes
 .rodata.RfpTask_attributes
                0x000000000800ca48       0x24 ./Core/Src/freertos.o
                0x000000000800ca48                RfpTask_attributes
 .rodata.ScreensDcMutex_attributes
                0x000000000800ca6c       0x10 ./Core/Src/freertos.o
                0x000000000800ca6c                ScreensDcMutex_attributes
 .rodata.SSD1306Mutex_attributes
                0x000000000800ca7c       0x10 ./Core/Src/freertos.o
                0x000000000800ca7c                SSD1306Mutex_attributes
 .rodata.C3V1Flags_attributes
                0x000000000800ca8c       0x10 ./Core/Src/freertos.o
                0x000000000800ca8c                C3V1Flags_attributes
 .rodata.AHBPrescTable
                0x000000000800ca9c       0x10 ./Core/Src/system_stm32l4xx.o
                0x000000000800ca9c                AHBPrescTable
 .rodata.APBPrescTable
                0x000000000800caac        0x8 ./Core/Src/system_stm32l4xx.o
                0x000000000800caac                APBPrescTable
 .rodata.MSIRangeTable
                0x000000000800cab4       0x30 ./Core/Src/system_stm32l4xx.o
                0x000000000800cab4                MSIRangeTable
 .rodata.UARTPrescTable
                0x000000000800cae4       0x18 ./Drivers/STM32L4xx_HAL_Driver/Src/stm32l4xx_hal_uart.o
                0x000000000800cae4                UARTPrescTable
 .rodata.numerator.1
                0x000000000800cafc        0x8 ./Drivers/STM32L4xx_HAL_Driver/Src/stm32l4xx_hal_uart_ex.o
 .rodata.denominator.0
                0x000000000800cb04        0x8 ./Drivers/STM32L4xx_HAL_Driver/Src/stm32l4xx_hal_uart_ex.o
 .rodata._svfprintf_r.str1.1
                0x000000000800cb0c       0x11 c:/st/stm32cubeide_1.7.0/stm32cubeide/plugins/com.st.stm32cube.ide.mcu.externaltools.gnu-tools-for-stm32.10.3-2021.10.win32_1.0.100.202210260954/tools/bin/../lib/gcc/arm-none-eabi/10.3.1/../../../../arm-none-eabi/lib/thumb/v7e-m+fp/hard\libc_nano.a(lib_a-nano-svfprintf.o)
 .rodata._printf_i.str1.1
                0x000000000800cb1d       0x22 c:/st/stm32cubeide_1.7.0/stm32cubeide/plugins/com.st.stm32cube.ide.mcu.externaltools.gnu-tools-for-stm32.10.3-2021.10.win32_1.0.100.202210260954/tools/bin/../lib/gcc/arm-none-eabi/10.3.1/../../../../arm-none-eabi/lib/thumb/v7e-m+fp/hard\libc_nano.a(lib_a-nano-vfprintf_i.o)
                0x000000000800cb40                . = ALIGN (0x4)
 *fill*         0x000000000800cb3f        0x1 

.ARM.extab      0x000000000800cb40        0x0
                0x000000000800cb40                . = ALIGN (0x4)
 *(.ARM.extab* .gnu.linkonce.armextab.*)
                0x000000000800cb40                . = ALIGN (0x4)

.ARM            0x000000000800cb40        0x8
                0x000000000800cb40                . = ALIGN (0x4)
                0x000000000800cb40                __exidx_start = .
 *(.ARM.exidx*)
 .ARM.exidx     0x000000000800cb40        0x8 c:/st/stm32cubeide_1.7.0/stm32cubeide/plugins/com.st.stm32cube.ide.mcu.externaltools.gnu-tools-for-stm32.10.3-2021.10.win32_1.0.100.202210260954/tools/bin/../lib/gcc/arm-none-eabi/10.3.1/thumb/v7e-m+fp/hard\libgcc.a(_udivmoddi4.o)
                0x000000000800cb48                __exidx_end = .
                0x000000000800cb48                . = ALIGN (0x4)

.rel.dyn        0x000000000800cb48        0x0
 .rel.iplt      0x000000000800cb48        0x0 c:/st/stm32cubeide_1.7.0/stm32cubeide/plugins/com.st.stm32cube.ide.mcu.externaltools.gnu-tools-for-stm32.10.3-2021.10.win32_1.0.100.202210260954/tools/bin/../lib/gcc/arm-none-eabi/10.3.1/thumb/v7e-m+fp/hard/crtbegin.o

.preinit_array  0x000000000800cb48        0x0
                0x000000000800cb48                . = ALIGN (0x4)
                0x000000000800cb48                PROVIDE (__preinit_array_start = .)
 *(.preinit_array*)
                0x000000000800cb48                PROVIDE (__preinit_array_end = .)
                0x000000000800cb48                . = ALIGN (0x4)

.init_array     0x000000000800cb48        0x4
                0x000000000800cb48                . = ALIGN (0x4)
                0x000000000800cb48                PROVIDE (__init_array_start = .)
 *(SORT_BY_NAME(.init_array.*))
 *(.init_array*)
 .init_array    0x000000000800cb48        0x4 c:/st/stm32cubeide_1.7.0/stm32cubeide/plugins/com.st.stm32cube.ide.mcu.externaltools.gnu-tools-for-stm32.10.3-2021.10.win32_1.0.100.202210260954/tools/bin/../lib/gcc/arm-none-eabi/10.3.1/thumb/v7e-m+fp/hard/crtbegin.o
                0x000000000800cb4c                PROVIDE (__init_array_end = .)
                0x000000000800cb4c                . = ALIGN (0x4)

.fini_array     0x000000000800cb4c        0x4
                0x000000000800cb4c                . = ALIGN (0x4)
                [!provide]                        PROVIDE (__fini_array_start = .)
 *(SORT_BY_NAME(.fini_array.*))
 *(.fini_array*)
 .fini_array    0x000000000800cb4c        0x4 c:/st/stm32cubeide_1.7.0/stm32cubeide/plugins/com.st.stm32cube.ide.mcu.externaltools.gnu-tools-for-stm32.10.3-2021.10.win32_1.0.100.202210260954/tools/bin/../lib/gcc/arm-none-eabi/10.3.1/thumb/v7e-m+fp/hard/crtbegin.o
                [!provide]                        PROVIDE (__fini_array_end = .)
                0x000000000800cb50                . = ALIGN (0x4)
                0x000000000800cb50                _sidata = LOADADDR (.data)

.data           0x0000000020000000       0xe8 load address 0x000000000800cb50
                0x0000000020000000                . = ALIGN (0x4)
                0x0000000020000000                _sdata = .
 *(.data)
 *(.data*)
 .data.size     0x0000000020000000        0x1 ./Core/Src/GFX_BW.o
                0x0000000020000000                size
 *fill*         0x0000000020000001        0x3 
 .data.RandomNumber
                0x0000000020000004       0x30 ./Core/Src/crc.o
                0x0000000020000004                RandomNumber
 .data.RfpTransitionTable
                0x0000000020000034       0x24 ./Core/Src/rfp.o
 .data.RfpFunction
                0x0000000020000058       0x1c ./Core/Src/rfp.o
                0x0000000020000058                RfpFunction
 .data.SystemCoreClock
                0x0000000020000074        0x4 ./Core/Src/system_stm32l4xx.o
                0x0000000020000074                SystemCoreClock
 .data.uwTickPrio
                0x0000000020000078        0x4 ./Drivers/STM32L4xx_HAL_Driver/Src/stm32l4xx_hal.o
                0x0000000020000078                uwTickPrio
 .data.uwTickFreq
                0x000000002000007c        0x1 ./Drivers/STM32L4xx_HAL_Driver/Src/stm32l4xx_hal.o
                0x000000002000007c                uwTickFreq
 *fill*         0x000000002000007d        0x3 
 .data.uxCriticalNesting
                0x0000000020000080        0x4 ./Middlewares/Third_Party/FreeRTOS/Source/portable/GCC/ARM_CM4F/port.o
 .data._impure_ptr
                0x0000000020000084        0x4 c:/st/stm32cubeide_1.7.0/stm32cubeide/plugins/com.st.stm32cube.ide.mcu.externaltools.gnu-tools-for-stm32.10.3-2021.10.win32_1.0.100.202210260954/tools/bin/../lib/gcc/arm-none-eabi/10.3.1/../../../../arm-none-eabi/lib/thumb/v7e-m+fp/hard\libc_nano.a(lib_a-impure.o)
                0x0000000020000084                _impure_ptr
 .data.impure_data
                0x0000000020000088       0x60 c:/st/stm32cubeide_1.7.0/stm32cubeide/plugins/com.st.stm32cube.ide.mcu.externaltools.gnu-tools-for-stm32.10.3-2021.10.win32_1.0.100.202210260954/tools/bin/../lib/gcc/arm-none-eabi/10.3.1/../../../../arm-none-eabi/lib/thumb/v7e-m+fp/hard\libc_nano.a(lib_a-impure.o)
 *(.RamFunc)
 *(.RamFunc*)
                0x00000000200000e8                . = ALIGN (0x4)
                0x00000000200000e8                _edata = .

.igot.plt       0x00000000200000e8        0x0 load address 0x000000000800cc38
 .igot.plt      0x00000000200000e8        0x0 c:/st/stm32cubeide_1.7.0/stm32cubeide/plugins/com.st.stm32cube.ide.mcu.externaltools.gnu-tools-for-stm32.10.3-2021.10.win32_1.0.100.202210260954/tools/bin/../lib/gcc/arm-none-eabi/10.3.1/thumb/v7e-m+fp/hard/crtbegin.o
                0x00000000200000e8                . = ALIGN (0x4)

.bss            0x00000000200000e8     0xc578 load address 0x000000000800cc38
                0x00000000200000e8                _sbss = .
                0x00000000200000e8                __bss_start__ = _sbss
 *(.bss)
 .bss           0x00000000200000e8       0x1c c:/st/stm32cubeide_1.7.0/stm32cubeide/plugins/com.st.stm32cube.ide.mcu.externaltools.gnu-tools-for-stm32.10.3-2021.10.win32_1.0.100.202210260954/tools/bin/../lib/gcc/arm-none-eabi/10.3.1/thumb/v7e-m+fp/hard/crtbegin.o
 *(.bss*)
 .bss.font      0x0000000020000104        0x4 ./Core/Src/GFX_BW.o
                0x0000000020000104                font
 .bss.rfp       0x0000000020000108        0x4 ./Core/Src/HC12.o
 .bss.HC12Data  0x000000002000010c        0x4 ./Core/Src/HC12.o
 .bss.k         0x0000000020000110        0x4 ./Core/Src/crc.o
                0x0000000020000110                k
 .bss.e_papier_spi
                0x0000000020000114        0x4 ./Core/Src/e_papier.o
                0x0000000020000114                e_papier_spi
 .bss.buffer    0x0000000020000118     0x3a98 ./Core/Src/e_papier.o
 .bss.Rfp       0x0000000020003bb0       0x1c ./Core/Src/freertos.o
                0x0000000020003bb0                Rfp
 .bss.defaultTaskHandle
                0x0000000020003bcc        0x4 ./Core/Src/freertos.o
                0x0000000020003bcc                defaultTaskHandle
 .bss.InitAndTimeTaskHandle
                0x0000000020003bd0        0x4 ./Core/Src/freertos.o
                0x0000000020003bd0                InitAndTimeTaskHandle
 .bss.RfpTaskHandle
                0x0000000020003bd4        0x4 ./Core/Src/freertos.o
                0x0000000020003bd4                RfpTaskHandle
 .bss.ScreensDcMutexHandle
                0x0000000020003bd8        0x4 ./Core/Src/freertos.o
                0x0000000020003bd8                ScreensDcMutexHandle
 .bss.SSD1306MutexHandle
                0x0000000020003bdc        0x4 ./Core/Src/freertos.o
                0x0000000020003bdc                SSD1306MutexHandle
 .bss.C3V1FlagsHandle
                0x0000000020003be0        0x4 ./Core/Src/freertos.o
                0x0000000020003be0                C3V1FlagsHandle
 .bss.RfpDataRecive
                0x0000000020003be4       0x64 ./Core/Src/rfp.o
                0x0000000020003be4                RfpDataRecive
 .bss.RfpDataTransmit
                0x0000000020003c48       0x64 ./Core/Src/rfp.o
                0x0000000020003c48                RfpDataTransmit
 .bss.Rfp       0x0000000020003cac        0x4 ./Core/Src/rfp.o
 .bss.RfpCommandFunction
                0x0000000020003cb0       0x18 ./Core/Src/rfp.o
                0x0000000020003cb0                RfpCommandFunction
 .bss.RfpDataFunctions
                0x0000000020003cc8        0x4 ./Core/Src/rfp.o
                0x0000000020003cc8                RfpDataFunctions
 .bss.RfpMessageFunction
                0x0000000020003ccc       0x14 ./Core/Src/rfp.o
                0x0000000020003ccc                RfpMessageFunction
 .bss.hrng      0x0000000020003ce0       0x14 ./Core/Src/rng.o
                0x0000000020003ce0                hrng
 .bss.hrtc      0x0000000020003cf4       0x34 ./Core/Src/rtc.o
                0x0000000020003cf4                hrtc
 .bss.hspi1     0x0000000020003d28       0x64 ./Core/Src/spi.o
                0x0000000020003d28                hspi1
 .bss.hspi3     0x0000000020003d8c       0x64 ./Core/Src/spi.o
                0x0000000020003d8c                hspi3
 .bss.ssd1306_spi
                0x0000000020003df0        0x4 ./Core/Src/ssd1306_spi.o
                0x0000000020003df0                ssd1306_spi
 .bss.buffer    0x0000000020003df4      0x400 ./Core/Src/ssd1306_spi.o
 .bss.htim17    0x00000000200041f4       0x4c ./Core/Src/stm32l4xx_hal_timebase_tim.o
                0x00000000200041f4                htim17
 .bss.__sbrk_heap_end
                0x0000000020004240        0x4 ./Core/Src/sysmem.o
 .bss.htim2     0x0000000020004244       0x4c ./Core/Src/tim.o
                0x0000000020004244                htim2
 .bss.htim5     0x0000000020004290       0x4c ./Core/Src/tim.o
                0x0000000020004290                htim5
 .bss.huart1    0x00000000200042dc       0x90 ./Core/Src/usart.o
                0x00000000200042dc                huart1
 .bss.hdma_usart1_rx
                0x000000002000436c       0x60 ./Core/Src/usart.o
                0x000000002000436c                hdma_usart1_rx
 .bss.uwTick    0x00000000200043cc        0x4 ./Drivers/STM32L4xx_HAL_Driver/Src/stm32l4xx_hal.o
                0x00000000200043cc                uwTick
 .bss.KernelState
                0x00000000200043d0        0x4 ./Middlewares/Third_Party/FreeRTOS/Source/CMSIS_RTOS_V2/cmsis_os2.o
 .bss.Idle_TCB.3
                0x00000000200043d4       0x5c ./Middlewares/Third_Party/FreeRTOS/Source/CMSIS_RTOS_V2/cmsis_os2.o
 .bss.Idle_Stack.2
                0x0000000020004430      0x200 ./Middlewares/Third_Party/FreeRTOS/Source/CMSIS_RTOS_V2/cmsis_os2.o
 .bss.Timer_TCB.1
                0x0000000020004630       0x5c ./Middlewares/Third_Party/FreeRTOS/Source/CMSIS_RTOS_V2/cmsis_os2.o
 .bss.Timer_Stack.0
                0x000000002000468c      0x400 ./Middlewares/Third_Party/FreeRTOS/Source/CMSIS_RTOS_V2/cmsis_os2.o
 .bss.xQueueRegistry
                0x0000000020004a8c       0x40 ./Middlewares/Third_Party/FreeRTOS/Source/queue.o
                0x0000000020004a8c                xQueueRegistry
 .bss.pxCurrentTCB
                0x0000000020004acc        0x4 ./Middlewares/Third_Party/FreeRTOS/Source/tasks.o
                0x0000000020004acc                pxCurrentTCB
 .bss.pxReadyTasksLists
                0x0000000020004ad0      0x460 ./Middlewares/Third_Party/FreeRTOS/Source/tasks.o
 .bss.xDelayedTaskList1
                0x0000000020004f30       0x14 ./Middlewares/Third_Party/FreeRTOS/Source/tasks.o
 .bss.xDelayedTaskList2
                0x0000000020004f44       0x14 ./Middlewares/Third_Party/FreeRTOS/Source/tasks.o
 .bss.pxDelayedTaskList
                0x0000000020004f58        0x4 ./Middlewares/Third_Party/FreeRTOS/Source/tasks.o
 .bss.pxOverflowDelayedTaskList
                0x0000000020004f5c        0x4 ./Middlewares/Third_Party/FreeRTOS/Source/tasks.o
 .bss.xPendingReadyList
                0x0000000020004f60       0x14 ./Middlewares/Third_Party/FreeRTOS/Source/tasks.o
 .bss.xTasksWaitingTermination
                0x0000000020004f74       0x14 ./Middlewares/Third_Party/FreeRTOS/Source/tasks.o
 .bss.uxDeletedTasksWaitingCleanUp
                0x0000000020004f88        0x4 ./Middlewares/Third_Party/FreeRTOS/Source/tasks.o
 .bss.xSuspendedTaskList
                0x0000000020004f8c       0x14 ./Middlewares/Third_Party/FreeRTOS/Source/tasks.o
 .bss.uxCurrentNumberOfTasks
                0x0000000020004fa0        0x4 ./Middlewares/Third_Party/FreeRTOS/Source/tasks.o
 .bss.xTickCount
                0x0000000020004fa4        0x4 ./Middlewares/Third_Party/FreeRTOS/Source/tasks.o
 .bss.uxTopReadyPriority
                0x0000000020004fa8        0x4 ./Middlewares/Third_Party/FreeRTOS/Source/tasks.o
 .bss.xSchedulerRunning
                0x0000000020004fac        0x4 ./Middlewares/Third_Party/FreeRTOS/Source/tasks.o
 .bss.xPendedTicks
                0x0000000020004fb0        0x4 ./Middlewares/Third_Party/FreeRTOS/Source/tasks.o
 .bss.xYieldPending
                0x0000000020004fb4        0x4 ./Middlewares/Third_Party/FreeRTOS/Source/tasks.o
 .bss.xNumOfOverflows
                0x0000000020004fb8        0x4 ./Middlewares/Third_Party/FreeRTOS/Source/tasks.o
 .bss.uxTaskNumber
                0x0000000020004fbc        0x4 ./Middlewares/Third_Party/FreeRTOS/Source/tasks.o
 .bss.xNextTaskUnblockTime
                0x0000000020004fc0        0x4 ./Middlewares/Third_Party/FreeRTOS/Source/tasks.o
 .bss.xIdleTaskHandle
                0x0000000020004fc4        0x4 ./Middlewares/Third_Party/FreeRTOS/Source/tasks.o
 .bss.uxSchedulerSuspended
                0x0000000020004fc8        0x4 ./Middlewares/Third_Party/FreeRTOS/Source/tasks.o
 .bss.xActiveTimerList1
                0x0000000020004fcc       0x14 ./Middlewares/Third_Party/FreeRTOS/Source/timers.o
 .bss.xActiveTimerList2
                0x0000000020004fe0       0x14 ./Middlewares/Third_Party/FreeRTOS/Source/timers.o
 .bss.pxCurrentTimerList
                0x0000000020004ff4        0x4 ./Middlewares/Third_Party/FreeRTOS/Source/timers.o
 .bss.pxOverflowTimerList
                0x0000000020004ff8        0x4 ./Middlewares/Third_Party/FreeRTOS/Source/timers.o
 .bss.xTimerQueue
                0x0000000020004ffc        0x4 ./Middlewares/Third_Party/FreeRTOS/Source/timers.o
 .bss.xTimerTaskHandle
                0x0000000020005000        0x4 ./Middlewares/Third_Party/FreeRTOS/Source/timers.o
 .bss.xLastTime.2
                0x0000000020005004        0x4 ./Middlewares/Third_Party/FreeRTOS/Source/timers.o
 .bss.ucStaticTimerQueueStorage.1
                0x0000000020005008       0xa0 ./Middlewares/Third_Party/FreeRTOS/Source/timers.o
 .bss.xStaticTimerQueue.0
                0x00000000200050a8       0x50 ./Middlewares/Third_Party/FreeRTOS/Source/timers.o
 .bss.ucMaxSysCallPriority
                0x00000000200050f8        0x1 ./Middlewares/Third_Party/FreeRTOS/Source/portable/GCC/ARM_CM4F/port.o
 *fill*         0x00000000200050f9        0x3 
 .bss.ulMaxPRIGROUPValue
                0x00000000200050fc        0x4 ./Middlewares/Third_Party/FreeRTOS/Source/portable/GCC/ARM_CM4F/port.o
 .bss.ucHeap    0x0000000020005100     0x7530 ./Middlewares/Third_Party/FreeRTOS/Source/portable/MemMang/heap_4.o
 .bss.xStart    0x000000002000c630        0x8 ./Middlewares/Third_Party/FreeRTOS/Source/portable/MemMang/heap_4.o
 .bss.pxEnd     0x000000002000c638        0x4 ./Middlewares/Third_Party/FreeRTOS/Source/portable/MemMang/heap_4.o
 .bss.xFreeBytesRemaining
                0x000000002000c63c        0x4 ./Middlewares/Third_Party/FreeRTOS/Source/portable/MemMang/heap_4.o
 .bss.xMinimumEverFreeBytesRemaining
                0x000000002000c640        0x4 ./Middlewares/Third_Party/FreeRTOS/Source/portable/MemMang/heap_4.o
 .bss.xNumberOfSuccessfulAllocations
                0x000000002000c644        0x4 ./Middlewares/Third_Party/FreeRTOS/Source/portable/MemMang/heap_4.o
 .bss.xNumberOfSuccessfulFrees
                0x000000002000c648        0x4 ./Middlewares/Third_Party/FreeRTOS/Source/portable/MemMang/heap_4.o
 .bss.xBlockAllocatedBit
                0x000000002000c64c        0x4 ./Middlewares/Third_Party/FreeRTOS/Source/portable/MemMang/heap_4.o
 .bss.__malloc_free_list