../Core/Src/e_papier.c:44:6:e_papier_reset	8	static
../Core/Src/e_papier.c:53:6:e_papier_send_command	16	static
../Core/Src/e_papier.c:60:6:e_papier_send_data	16	static
../Core/Src/e_papier.c:67:6:e_papier_wait_until_idle	8	static
../Core/Src/e_papier.c:74:6:e_papier_set_pixel	16	static
../Core/Src/e_papier.c:89:6:e_papier_set_lut	16	static
../Core/Src/e_papier.c:122:6:e_papier_clear2	24	static
../Core/Src/e_papier.c:146:6:e_papier_turn_on_display	8	static
../Core/Src/e_papier.c:151:6:e_papier_display	24	static
../Core/Src/e_papier.c:182:6:e_papier_clear	8	static
../Core/Src/e_papier.c:186:6:e_papier_init	16	static
