../Core/Src/e_papier.c:41:6:e_papier_reset	8	static
../Core/Src/e_papier.c:50:6:e_papier_send_command	16	static
../Core/Src/e_papier.c:57:6:e_papier_send_data	16	static
../Core/Src/e_papier.c:64:6:e_papier_wait_until_idle	8	static
../Core/Src/e_papier.c:71:6:e_papier_set_pixel	16	static
../Core/Src/e_papier.c:86:6:e_papier_set_lut	16	static
../Core/Src/e_papier.c:119:6:e_papier_clear2	24	static
../Core/Src/e_papier.c:143:6:e_papier_turn_on_display	8	static
../Core/Src/e_papier.c:148:6:e_papier_display	24	static
../Core/Src/e_papier.c:174:6:e_papier_clear	8	static
../Core/Src/e_papier.c:178:6:e_papier_init	16	static
