../Core/Src/flash_spi.c:12:6:flash_CsLow	16	static
../Core/Src/flash_spi.c:16:6:flash_CsHigh	16	static
../Core/Src/flash_spi.c:20:6:flash_WriteCommand	24	static
../Core/Src/flash_spi.c:24:6:flash_ReadCommand	24	static
../Core/Src/flash_spi.c:28:6:flash_WriteData	24	static
../Core/Src/flash_spi.c:32:6:flash_ReadData	24	static
../Core/Src/flash_spi.c:36:9:flash_ReadSR1	24	static
../Core/Src/flash_spi.c:45:9:flash_ReadSR2	24	static
../Core/Src/flash_spi.c:54:6:flash_Reset	24	static
../Core/Src/flash_spi.c:65:6:flash_SetWELBit	24	static
../Core/Src/flash_spi.c:72:6:flash_ReadID	24	static
../Core/Src/flash_spi.c:81:6:flash_WaitForEndProcess	16	static
../Core/Src/flash_spi.c:88:6:flash_SetWELBit_and_WaitForEndProcess	16	static
../Core/Src/flash_spi.c:96:6:flash_ReadDataBytes	32	static
../Core/Src/flash_spi.c:112:6:flash_WritePage	32	static
../Core/Src/flash_spi.c:127:6:flash_ClearSector	24	static
../Core/Src/flash_spi.c:142:6:flash_ChipErase	24	static
../Core/Src/flash_spi.c:152:6:flash_Init	24	static
