../Core/Src/freertos.c:194:6:MX_FREERTOS_Init	8	static
../Core/Src/freertos.c:292:6:StartDefaultTask	16	static
../Core/Src/freertos.c:312:6:StartInitAndTimeTask	160	static
../Core/Src/freertos.c:368:6:StartRfpTask	16	static
../Core/Src/freertos.c:391:6:StartMeasurmentTask	24	static
../Core/Src/freertos.c:414:6:StartInternalMeasurmentTask	64	static
../Core/Src/freertos.c:443:6:StartMoonPhaseTask	96	static
../Core/Src/freertos.c:483:6:StartE_PapierDrawingTask	208	static
../Core/Src/freertos.c:557:6:StartE_PapierDisplayTask	16	static
../Core/Src/freertos.c:585:6:StartMenuTask	16	static
../Core/Src/freertos.c:599:6:MenuTimerCallback	16	static
../Core/Src/freertos.c:608:13:RFP_DataFunction	80	static
../Core/Src/freertos.c:644:15:rang	32	static
../Core/Src/freertos.c:653:15:faza	168	static
../Core/Src/freertos.c:692:6:HAL_UARTEx_RxEventCallback	16	static
