../Core/Src/freertos.c:283:6:MX_FREERTOS_Init	8	static
../Core/Src/freertos.c:426:6:StartDefaultTask	16	static
../Core/Src/freertos.c:446:6:StartInitAndTimeTask	160	static
../Core/Src/freertos.c:533:6:StartRfpTask	16	static
../Core/Src/freertos.c:556:6:StartMeasurmentTask	80	static
../Core/Src/freertos.c:598:6:StartInternalMeasurmentTask	72	static
../Core/Src/freertos.c:643:6:StartMoonPhaseTask	112	static
../Core/Src/freertos.c:730:6:StartE_PapierDrawingTask	272	static
../Core/Src/freertos.c:932:6:StartE_PapierDisplayTask	16	static
../Core/Src/freertos.c:960:6:StartMenuTask	16	static
../Core/Src/freertos.c:982:6:StartSaveMemoryTask	640	static
../Core/Src/freertos.c:1117:6:StartChartTask	8472	static
../Core/Src/freertos.c:1449:6:StartRfpMessageTask	24	static
../Core/Src/freertos.c:1490:6:StartSunriseAndSunsetTask	88	static
../Core/Src/freertos.c:1520:6:StartWS2812Task	136	static
../Core/Src/freertos.c:1570:6:MenuTimerCallback	16	static
../Core/Src/freertos.c:1579:13:Memory_ClearBuffer	24	static
../Core/Src/freertos.c:1600:13:RFP_DataFunction	80	static
../Core/Src/freertos.c:1637:15:rang	32	static
../Core/Src/freertos.c:1646:15:faza	168	static
../Core/Src/freertos.c:1685:8:modd	32	static
../Core/Src/freertos.c:1692:6:Wschod	160	static
../Core/Src/freertos.c:1712:14:mapf	32	static
../Core/Src/freertos.c:1716:17:map	24	static
../Core/Src/freertos.c:1720:6:HAL_UARTEx_RxEventCallback	16	static
