../Core/Src/freertos.c:310:6:MX_FREERTOS_Init	8	static
../Core/Src/freertos.c:447:6:StartDefaultTask	16	static
../Core/Src/freertos.c:467:6:StartInitAndTimeTask	160	static
../Core/Src/freertos.c:552:6:StartRfpTask	16	static
../Core/Src/freertos.c:575:6:StartMeasurmentTask	32	static
../Core/Src/freertos.c:602:6:StartInternalMeasurmentTask	64	static
../Core/Src/freertos.c:630:6:StartMoonPhaseTask	104	static
../Core/Src/freertos.c:672:6:StartE_PapierDrawingTask	224	static
../Core/Src/freertos.c:809:6:StartE_PapierDisplayTask	16	static
../Core/Src/freertos.c:837:6:StartMenuTask	16	static
../Core/Src/freertos.c:859:6:StartSaveMemoryTask	640	static
../Core/Src/freertos.c:994:6:StartChartTask	8472	static
../Core/Src/freertos.c:1326:6:StartRfpMessageTask	24	static
../Core/Src/freertos.c:1367:6:StartSunriseAndSunsetTask	88	static
../Core/Src/freertos.c:1396:6:StartWS2812Task	16	static
../Core/Src/freertos.c:1411:6:MenuTimerCallback	16	static
../Core/Src/freertos.c:1420:13:Memory_ClearBuffer	24	static
../Core/Src/freertos.c:1441:13:RFP_DataFunction	80	static
../Core/Src/freertos.c:1477:15:rang	32	static
../Core/Src/freertos.c:1486:15:faza	168	static
../Core/Src/freertos.c:1525:8:modd	32	static
../Core/Src/freertos.c:1532:6:Wschod	160	static
../Core/Src/freertos.c:1552:14:mapf	32	static
../Core/Src/freertos.c:1556:17:map	24	static
../Core/Src/freertos.c:1560:6:HAL_UARTEx_RxEventCallback	16	static
