../Core/Src/freertos.c:231:6:MX_FREERTOS_Init	8	static
../Core/Src/freertos.c:347:6:StartDefaultTask	16	static
../Core/Src/freertos.c:367:6:StartInitAndTimeTask	168	static
../Core/Src/freertos.c:433:6:StartRfpTask	16	static
../Core/Src/freertos.c:456:6:StartMeasurmentTask	24	static
../Core/Src/freertos.c:479:6:StartInternalMeasurmentTask	64	static
../Core/Src/freertos.c:509:6:StartMoonPhaseTask	104	static
../Core/Src/freertos.c:551:6:StartE_PapierDrawingTask	208	static
../Core/Src/freertos.c:626:6:StartE_PapierDisplayTask	16	static
../Core/Src/freertos.c:654:6:StartMenuTask	16	static
../Core/Src/freertos.c:676:6:StartSaveMemoryTask	640	static
../Core/Src/freertos.c:811:6:StartChartTask	5248	static
../Core/Src/freertos.c:1110:6:MenuTimerCallback	16	static
../Core/Src/freertos.c:1119:13:Memory_ClearBuffer	24	static
../Core/Src/freertos.c:1140:13:RFP_DataFunction	80	static
../Core/Src/freertos.c:1176:15:rang	32	static
../Core/Src/freertos.c:1185:15:faza	168	static
../Core/Src/freertos.c:1224:14:mapf	32	static
../Core/Src/freertos.c:1228:17:map	24	static
../Core/Src/freertos.c:1232:6:HAL_UARTEx_RxEventCallback	16	static
