../Core/Src/freertos.c:223:6:MX_FREERTOS_Init	8	static
../Core/Src/freertos.c:333:6:StartDefaultTask	16	static
../Core/Src/freertos.c:353:6:StartInitAndTimeTask	168	static
../Core/Src/freertos.c:415:6:StartRfpTask	16	static
../Core/Src/freertos.c:438:6:StartMeasurmentTask	24	static
../Core/Src/freertos.c:461:6:StartInternalMeasurmentTask	64	static
../Core/Src/freertos.c:491:6:StartMoonPhaseTask	104	static
../Core/Src/freertos.c:531:6:StartE_PapierDrawingTask	208	static
../Core/Src/freertos.c:603:6:StartE_PapierDisplayTask	16	static
../Core/Src/freertos.c:631:6:StartMenuTask	16	static
../Core/Src/freertos.c:651:6:StartSaveMemoryTask	640	static
../Core/Src/freertos.c:793:6:StartChartTask	2744	static
../Core/Src/freertos.c:914:6:MenuTimerCallback	16	static
../Core/Src/freertos.c:923:13:Memory_ClearBuffer	24	static
../Core/Src/freertos.c:944:13:RFP_DataFunction	80	static
../Core/Src/freertos.c:980:15:rang	32	static
../Core/Src/freertos.c:989:15:faza	168	static
../Core/Src/freertos.c:1028:6:HAL_UARTEx_RxEventCallback	16	static
