../Core/Src/GFX_BW.c:23:13:GFX_DrawPixelScreen	24	static
../Core/Src/GFX_BW.c:34:6:GFX_SetFont	16	static
../Core/Src/GFX_BW.c:39:6:GFX_SetFontSize	16	static
../Core/Src/GFX_BW.c:45:9:GFX_GetFontHeight	4	static
../Core/Src/GFX_BW.c:50:9:GFX_GetFontWidth	4	static
../Core/Src/GFX_BW.c:55:9:GFX_GetFontSize	4	static
../Core/Src/GFX_BW.c:60:6:GFX_DrawChar	48	static
../Core/Src/GFX_BW.c:89:6:GFX_DrawString	40	static
../Core/Src/GFX_BW.c:115:6:GFX_WriteLine	56	static
../Core/Src/GFX_BW.c:166:6:GFX_DrawFastVLine	32	static
../Core/Src/GFX_BW.c:171:6:GFX_DrawFastHLine	32	static
../Core/Src/GFX_BW.c:176:6:GFX_DrawLine	40	static
../Core/Src/GFX_BW.c:198:6:GFX_DrawRectangle	32	static
../Core/Src/GFX_BW.c:208:6:GFX_DrawFillRectangle	40	static
../Core/Src/GFX_BW.c:217:6:GFX_DrawCircle	40	static
../Core/Src/GFX_BW.c:254:6:GFX_DrawCircleHelper	40	static
../Core/Src/GFX_BW.c:297:6:GFX_DrawFillCircleHelper	56	static
../Core/Src/GFX_BW.c:332:6:GFX_DrawFillCircle	40	static
../Core/Src/GFX_BW.c:340:6:GFX_DrawRoundRectangle	40	static
../Core/Src/GFX_BW.c:354:6:GFX_DrawFillRoundRectangle	48	static
../Core/Src/GFX_BW.c:366:6:GFX_DrawTriangle	32	static
../Core/Src/GFX_BW.c:374:6:GFX_DrawFillTriangle	104	static
../Core/Src/GFX_BW.c:477:6:GFX_Image	32	static
