../Core/Src/rfp.c:47:6:RFP_Handle	8	static
../Core/Src/rfp.c:55:6:RFP_Init	24	static
../Core/Src/rfp.c:70:13:RFP_ChangeState	16	static
../Core/Src/rfp.c:83:6:RFP_RegisterCommandFunction	16	static
../Core/Src/rfp.c:87:6:RFP_RegisterDataFunction	16	static
../Core/Src/rfp.c:91:6:RFP_RegisterMessageFunction	16	static
../Core/Src/rfp.c:95:6:RFP_InterruptTask	4	static
../Core/Src/rfp.c:99:6:RFP_SendData	32	static
../Core/Src/rfp.c:116:13:RFP_SendResponseFunction	24	static
../Core/Src/rfp.c:130:13:RFP_InitializeFunction	8	static
../Core/Src/rfp.c:137:13:RFP_IdleFunction	8	static
../Core/Src/rfp.c:151:13:RFP_ParseFunction	16	static
../Core/Src/rfp.c:189:13:RFP_RunningFunction	8	static
../Core/Src/rfp.c:224:13:RFP_SendFunction	16	static
../Core/Src/rfp.c:241:13:RFP_WaitForResponseFunction	8	static
../Core/Src/rfp.c:253:13:RFP_ParseResponseFunction	16	static
