../Core/Src/stm32l4xx_it.c:77:6:NMI_Handler	8	static
../Core/Src/stm32l4xx_it.c:93:6:HardFault_Handler	8	static
../Core/Src/stm32l4xx_it.c:109:6:MemManage_Handler	4	static
../Core/Src/stm32l4xx_it.c:124:6:BusFault_Handler	4	static
../Core/Src/stm32l4xx_it.c:139:6:UsageFault_Handler	4	static
../Core/Src/stm32l4xx_it.c:154:6:DebugMon_Handler	4	static
../Core/Src/stm32l4xx_it.c:174:6:DMA1_Channel1_IRQHandler	8	static
../Core/Src/stm32l4xx_it.c:188:6:DMA1_Channel2_IRQHandler	8	static
../Core/Src/stm32l4xx_it.c:202:6:DMA1_Channel3_IRQHandler	8	static
../Core/Src/stm32l4xx_it.c:216:6:TIM1_BRK_TIM15_IRQHandler	8	static
../Core/Src/stm32l4xx_it.c:231:6:TIM1_UP_TIM16_IRQHandler	8	static
../Core/Src/stm32l4xx_it.c:246:6:TIM1_TRG_COM_TIM17_IRQHandler	8	static
../Core/Src/stm32l4xx_it.c:260:6:USART1_IRQHandler	8	static
../Core/Src/stm32l4xx_it.c:274:6:USART2_IRQHandler	8	static
