../Core/Src/stm32l4xx_it.c:75:6:NMI_Handler	8	static
../Core/Src/stm32l4xx_it.c:91:6:HardFault_Handler	8	static
../Core/Src/stm32l4xx_it.c:107:6:MemManage_Handler	4	static
../Core/Src/stm32l4xx_it.c:122:6:BusFault_Handler	4	static
../Core/Src/stm32l4xx_it.c:137:6:UsageFault_Handler	4	static
../Core/Src/stm32l4xx_it.c:152:6:DebugMon_Handler	4	static
../Core/Src/stm32l4xx_it.c:172:6:DMA1_Channel1_IRQHandler	8	static
../Core/Src/stm32l4xx_it.c:186:6:DMA1_Channel2_IRQHandler	8	static
../Core/Src/stm32l4xx_it.c:200:6:TIM1_BRK_TIM15_IRQHandler	8	static
../Core/Src/stm32l4xx_it.c:215:6:TIM1_UP_TIM16_IRQHandler	8	static
../Core/Src/stm32l4xx_it.c:230:6:TIM1_TRG_COM_TIM17_IRQHandler	8	static
../Core/Src/stm32l4xx_it.c:244:6:USART1_IRQHandler	8	static
