Archive member included to satisfy reference by file (symbol)

c:/st/stm32cubeide_1.10.1/stm32cubeide/plugins/com.st.stm32cube.ide.mcu.externaltools.gnu-tools-for-stm32.10.3-2021.10.win32_1.0.0.202111181127/tools/bin/../lib/gcc/arm-none-eabi/10.3.1/../../../../arm-none-eabi/lib/thumb/v7e-m+fp/hard\libc_nano.a(lib_a-errno.o)
                              ./Core/Src/syscalls.o (__errno)
c:/st/stm32cubeide_1.10.1/stm32cubeide/plugins/com.st.stm32cube.ide.mcu.externaltools.gnu-tools-for-stm32.10.3-2021.10.win32_1.0.0.202111181127/tools/bin/../lib/gcc/arm-none-eabi/10.3.1/../../../../arm-none-eabi/lib/thumb/v7e-m+fp/hard\libc_nano.a(lib_a-exit.o)
                              c:/st/stm32cubeide_1.10.1/stm32cubeide/plugins/com.st.stm32cube.ide.mcu.externaltools.gnu-tools-for-stm32.10.3-2021.10.win32_1.0.0.202111181127/tools/bin/../lib/gcc/arm-none-eabi/10.3.1/../../../../arm-none-eabi/lib/thumb/v7e-m+fp/hard/crt0.o (exit)
c:/st/stm32cubeide_1.10.1/stm32cubeide/plugins/com.st.stm32cube.ide.mcu.externaltools.gnu-tools-for-stm32.10.3-2021.10.win32_1.0.0.202111181127/tools/bin/../lib/gcc/arm-none-eabi/10.3.1/../../../../arm-none-eabi/lib/thumb/v7e-m+fp/hard\libc_nano.a(lib_a-impure.o)
                              c:/st/stm32cubeide_1.10.1/stm32cubeide/plugins/com.st.stm32cube.ide.mcu.externaltools.gnu-tools-for-stm32.10.3-2021.10.win32_1.0.0.202111181127/tools/bin/../lib/gcc/arm-none-eabi/10.3.1/../../../../arm-none-eabi/lib/thumb/v7e-m+fp/hard\libc_nano.a(lib_a-exit.o) (_global_impure_ptr)
c:/st/stm32cubeide_1.10.1/stm32cubeide/plugins/com.st.stm32cube.ide.mcu.externaltools.gnu-tools-for-stm32.10.3-2021.10.win32_1.0.0.202111181127/tools/bin/../lib/gcc/arm-none-eabi/10.3.1/../../../../arm-none-eabi/lib/thumb/v7e-m+fp/hard\libc_nano.a(lib_a-init.o)
                              c:/st/stm32cubeide_1.10.1/stm32cubeide/plugins/com.st.stm32cube.ide.mcu.externaltools.gnu-tools-for-stm32.10.3-2021.10.win32_1.0.0.202111181127/tools/bin/../lib/gcc/arm-none-eabi/10.3.1/../../../../arm-none-eabi/lib/thumb/v7e-m+fp/hard/crt0.o (__libc_init_array)
c:/st/stm32cubeide_1.10.1/stm32cubeide/plugins/com.st.stm32cube.ide.mcu.externaltools.gnu-tools-for-stm32.10.3-2021.10.win32_1.0.0.202111181127/tools/bin/../lib/gcc/arm-none-eabi/10.3.1/../../../../arm-none-eabi/lib/thumb/v7e-m+fp/hard\libc_nano.a(lib_a-memcpy-stub.o)
                              ./Middlewares/Third_Party/FreeRTOS/Source/CMSIS_RTOS_V2/cmsis_os2.o (memcpy)
c:/st/stm32cubeide_1.10.1/stm32cubeide/plugins/com.st.stm32cube.ide.mcu.externaltools.gnu-tools-for-stm32.10.3-2021.10.win32_1.0.0.202111181127/tools/bin/../lib/gcc/arm-none-eabi/10.3.1/../../../../arm-none-eabi/lib/thumb/v7e-m+fp/hard\libc_nano.a(lib_a-memset.o)
                              c:/st/stm32cubeide_1.10.1/stm32cubeide/plugins/com.st.stm32cube.ide.mcu.externaltools.gnu-tools-for-stm32.10.3-2021.10.win32_1.0.0.202111181127/tools/bin/../lib/gcc/arm-none-eabi/10.3.1/../../../../arm-none-eabi/lib/thumb/v7e-m+fp/hard/crt0.o (memset)
c:/st/stm32cubeide_1.10.1/stm32cubeide/plugins/com.st.stm32cube.ide.mcu.externaltools.gnu-tools-for-stm32.10.3-2021.10.win32_1.0.0.202111181127/tools/bin/../lib/gcc/arm-none-eabi/10.3.1/thumb/v7e-m+fp/hard\libgcc.a(_aeabi_uldivmod.o)
                              ./Drivers/STM32L4xx_HAL_Driver/Src/stm32l4xx_hal_uart.o (__aeabi_uldivmod)
c:/st/stm32cubeide_1.10.1/stm32cubeide/plugins/com.st.stm32cube.ide.mcu.externaltools.gnu-tools-for-stm32.10.3-2021.10.win32_1.0.0.202111181127/tools/bin/../lib/gcc/arm-none-eabi/10.3.1/thumb/v7e-m+fp/hard\libgcc.a(_udivmoddi4.o)
                              c:/st/stm32cubeide_1.10.1/stm32cubeide/plugins/com.st.stm32cube.ide.mcu.externaltools.gnu-tools-for-stm32.10.3-2021.10.win32_1.0.0.202111181127/tools/bin/../lib/gcc/arm-none-eabi/10.3.1/thumb/v7e-m+fp/hard\libgcc.a(_aeabi_uldivmod.o) (__udivmoddi4)
c:/st/stm32cubeide_1.10.1/stm32cubeide/plugins/com.st.stm32cube.ide.mcu.externaltools.gnu-tools-for-stm32.10.3-2021.10.win32_1.0.0.202111181127/tools/bin/../lib/gcc/arm-none-eabi/10.3.1/thumb/v7e-m+fp/hard\libgcc.a(_dvmd_tls.o)
                              c:/st/stm32cubeide_1.10.1/stm32cubeide/plugins/com.st.stm32cube.ide.mcu.externaltools.gnu-tools-for-stm32.10.3-2021.10.win32_1.0.0.202111181127/tools/bin/../lib/gcc/arm-none-eabi/10.3.1/thumb/v7e-m+fp/hard\libgcc.a(_aeabi_uldivmod.o) (__aeabi_ldiv0)

Discarded input sections

 .text          0x0000000000000000        0x0 c:/st/stm32cubeide_1.10.1/stm32cubeide/plugins/com.st.stm32cube.ide.mcu.externaltools.gnu-tools-for-stm32.10.3-2021.10.win32_1.0.0.202111181127/tools/bin/../lib/gcc/arm-none-eabi/10.3.1/thumb/v7e-m+fp/hard/crti.o
 .data          0x0000000000000000        0x0 c:/st/stm32cubeide_1.10.1/stm32cubeide/plugins/com.st.stm32cube.ide.mcu.externaltools.gnu-tools-for-stm32.10.3-2021.10.win32_1.0.0.202111181127/tools/bin/../lib/gcc/arm-none-eabi/10.3.1/thumb/v7e-m+fp/hard/crti.o
[...]
Memory Configuration

Name             Origin             Length             Attributes
RAM              0x0000000020000000 0x0000000000050000 xrw
RAM2             0x0000000010000000 0x0000000000010000 xrw
RAM3             0x0000000020030000 0x0000000000020000 xrw
FLASH            0x0000000008000000 0x0000000000100000 xr
*default*        0x0000000000000000 0xffffffffffffffff

Linker script and memory map

LOAD c:/st/stm32cubeide_1.10.1/stm32cubeide/plugins/com.st.stm32cube.ide.mcu.externaltools.gnu-tools-for-stm32.10.3-2021.10.win32_1.0.0.202111181127/tools/bin/../lib/gcc/arm-none-eabi/10.3.1/thumb/v7e-m+fp/hard/crti.o
LOAD c:/st/stm32cubeide_1.10.1/stm32cubeide/plugins/com.st.stm32cube.ide.mcu.externaltools.gnu-tools-for-stm32.10.3-2021.10.win32_1.0.0.202111181127/tools/bin/../lib/gcc/arm-none-eabi/10.3.1/thumb/v7e-m+fp/hard/crtbegin.o
LOAD c:/st/stm32cubeide_1.10.1/stm32cubeide/plugins/com.st.stm32cube.ide.mcu.externaltools.gnu-tools-for-stm32.10.3-2021.10.win32_1.0.0.202111181127/tools/bin/../lib/gcc/arm-none-eabi/10.3.1/../../../../arm-none-eabi/lib/thumb/v7e-m+fp/hard/crt0.o
LOAD ./Core/Src/dma.o
LOAD ./Core/Src/freertos.o
LOAD ./Core/Src/gpio.o
LOAD ./Core/Src/main.o
LOAD ./Core/Src/spi.o
LOAD ./Core/Src/stm32l4xx_hal_msp.o
LOAD ./Core/Src/stm32l4xx_it.o
LOAD ./Core/Src/syscalls.o
LOAD ./Core/Src/sysmem.o
LOAD ./Core/Src/system_stm32l4xx.o
LOAD ./Core/Src/tim.o
LOAD ./Core/Src/usart.o
LOAD ./Core/Startup/startup_stm32l4p5cgtx.o
LOAD ./Drivers/STM32L4xx_HAL_Driver/Src/stm32l4xx_hal.o
LOAD ./Drivers/STM32L4xx_HAL_Driver/Src/stm32l4xx_hal_cortex.o
LOAD ./Drivers/STM32L4xx_HAL_Driver/Src/stm32l4xx_hal_dma.o
LOAD ./Drivers/STM32L4xx_HAL_Driver/Src/stm32l4xx_hal_dma_ex.o
LOAD ./Drivers/STM32L4xx_HAL_Driver/Src/stm32l4xx_hal_exti.o
LOAD ./Drivers/STM32L4xx_HAL_Driver/Src/stm32l4xx_hal_flash.o
LOAD ./Drivers/STM32L4xx_HAL_Driver/Src/stm32l4xx_hal_flash_ex.o
LOAD ./Drivers/STM32L4xx_HAL_Driver/Src/stm32l4xx_hal_flash_ramfunc.o
LOAD ./Drivers/STM32L4xx_HAL_Driver/Src/stm32l4xx_hal_gpio.o
LOAD ./Drivers/STM32L4xx_HAL_Driver/Src/stm32l4xx_hal_i2c.o
LOAD ./Drivers/STM32L4xx_HAL_Driver/Src/stm32l4xx_hal_i2c_ex.o
LOAD ./Drivers/STM32L4xx_HAL_Driver/Src/stm32l4xx_hal_pwr.o
LOAD ./Drivers/STM32L4xx_HAL_Driver/Src/stm32l4xx_hal_pwr_ex.o
LOAD ./Drivers/STM32L4xx_HAL_Driver/Src/stm32l4xx_hal_rcc.o
LOAD ./Drivers/STM32L4xx_HAL_Driver/Src/stm32l4xx_hal_rcc_ex.o
LOAD ./Drivers/STM32L4xx_HAL_Driver/Src/stm32l4xx_hal_spi.o
LOAD ./Drivers/STM32L4xx_HAL_Driver/Src/stm32l4xx_hal_spi_ex.o
LOAD ./Drivers/STM32L4xx_HAL_Driver/Src/stm32l4xx_hal_tim.o
LOAD ./Drivers/STM32L4xx_HAL_Driver/Src/stm32l4xx_hal_tim_ex.o
LOAD ./Drivers/STM32L4xx_HAL_Driver/Src/stm32l4xx_hal_uart.o
LOAD ./Drivers/STM32L4xx_HAL_Driver/Src/stm32l4xx_hal_uart_ex.o
LOAD ./Middlewares/Third_Party/FreeRTOS/Source/CMSIS_RTOS_V2/cmsis_os2.o
LOAD ./Middlewares/Third_Party/FreeRTOS/Source/croutine.o
LOAD ./Middlewares/Third_Party/FreeRTOS/Source/event_groups.o
LOAD ./Middlewares/Third_Party/FreeRTOS/Source/list.o
LOAD ./Middlewares/Third_Party/FreeRTOS/Source/queue.o
LOAD ./Middlewares/Third_Party/FreeRTOS/Source/stream_buffer.o
LOAD ./Middlewares/Third_Party/FreeRTOS/Source/tasks.o
LOAD ./Middlewares/Third_Party/FreeRTOS/Source/timers.o
LOAD ./Middlewares/Third_Party/FreeRTOS/Source/portable/GCC/ARM_CM4F/port.o
LOAD ./Middlewares/Third_Party/FreeRTOS/Source/portable/MemMang/heap_4.o
START GROUP
LOAD c:/st/stm32cubeide_1.10.1/stm32cubeide/plugins/com.st.stm32cube.ide.mcu.externaltools.gnu-tools-for-stm32.10.3-2021.10.win32_1.0.0.202111181127/tools/bin/../lib/gcc/arm-none-eabi/10.3.1/../../../../arm-none-eabi/lib/thumb/v7e-m+fp/hard\libc_nano.a
LOAD c:/st/stm32cubeide_1.10.1/stm32cubeide/plugins/com.st.stm32cube.ide.mcu.externaltools.gnu-tools-for-stm32.10.3-2021.10.win32_1.0.0.202111181127/tools/bin/../lib/gcc/arm-none-eabi/10.3.1/../../../../arm-none-eabi/lib/thumb/v7e-m+fp/hard\libm.a
END GROUP
START GROUP
LOAD c:/st/stm32cubeide_1.10.1/stm32cubeide/plugins/com.st.stm32cube.ide.mcu.externaltools.gnu-tools-for-stm32.10.3-2021.10.win32_1.0.0.202111181127/tools/bin/../lib/gcc/arm-none-eabi/10.3.1/thumb/v7e-m+fp/hard\libgcc.a
LOAD c:/st/stm32cubeide_1.10.1/stm32cubeide/plugins/com.st.stm32cube.ide.mcu.externaltools.gnu-tools-for-stm32.10.3-2021.10.win32_1.0.0.202111181127/tools/bin/../lib/gcc/arm-none-eabi/10.3.1/../../../../arm-none-eabi/lib/thumb/v7e-m+fp/hard\libc_nano.a
END GROUP
START GROUP
LOAD c:/st/stm32cubeide_1.10.1/stm32cubeide/plugins/com.st.stm32cube.ide.mcu.externaltools.gnu-tools-for-stm32.10.3-2021.10.win32_1.0.0.202111181127/tools/bin/../lib/gcc/arm-none-eabi/10.3.1/thumb/v7e-m+fp/hard\libgcc.a
LOAD c:/st/stm32cubeide_1.10.1/stm32cubeide/plugins/com.st.stm32cube.ide.mcu.externaltools.gnu-tools-for-stm32.10.3-2021.10.win32_1.0.0.202111181127/tools/bin/../lib/gcc/arm-none-eabi/10.3.1/../../../../arm-none-eabi/lib/thumb/v7e-m+fp/hard\libc_nano.a
LOAD c:/st/stm32cubeide_1.10.1/stm32cubeide/plugins/com.st.stm32cube.ide.mcu.externaltools.gnu-tools-for-stm32.10.3-2021.10.win32_1.0.0.202111181127/tools/bin/../lib/gcc/arm-none-eabi/10.3.1/../../../../arm-none-eabi/lib/thumb/v7e-m+fp/hard\libnosys.a
END GROUP
START GROUP
LOAD c:/st/stm32cubeide_1.10.1/stm32cubeide/plugins/com.st.stm32cube.ide.mcu.externaltools.gnu-tools-for-stm32.10.3-2021.10.win32_1.0.0.202111181127/tools/bin/../lib/gcc/arm-none-eabi/10.3.1/thumb/v7e-m+fp/hard\libgcc.a
LOAD c:/st/stm32cubeide_1.10.1/stm32cubeide/plugins/com.st.stm32cube.ide.mcu.externaltools.gnu-tools-for-stm32.10.3-2021.10.win32_1.0.0.202111181127/tools/bin/../lib/gcc/arm-none-eabi/10.3.1/../../../../arm-none-eabi/lib/thumb/v7e-m+fp/hard\libc_nano.a
LOAD c:/st/stm32cubeide_1.10.1/stm32cubeide/plugins/com.st.stm32cube.ide.mcu.externaltools.gnu-tools-for-stm32.10.3-2021.10.win32_1.0.0.202111181127/tools/bin/../lib/gcc/arm-none-eabi/10.3.1/../../../../arm-none-eabi/lib/thumb/v7e-m+fp/hard\libnosys.a
END GROUP
LOAD c:/st/stm32cubeide_1.10.1/stm32cubeide/plugins/com.st.stm32cube.ide.mcu.externaltools.gnu-tools-for-stm32.10.3-2021.10.win32_1.0.0.202111181127/tools/bin/../lib/gcc/arm-none-eabi/10.3.1/thumb/v7e-m+fp/hard/crtend.o
LOAD c:/st/stm32cubeide_1.10.1/stm32cubeide/plugins/com.st.stm32cube.ide.mcu.externaltools.gnu-tools-for-stm32.10.3-2021.10.win32_1.0.0.202111181127/tools/bin/../lib/gcc/arm-none-eabi/10.3.1/thumb/v7e-m+fp/hard/crtn.o
                0x0000000020050000                _estack = (ORIGIN (RAM) + LENGTH (RAM))
                0x0000000000000200                _Min_Heap_Size = 0x200
                0x0000000000000400                _Min_Stack_Size = 0x400

.isr_vector     0x0000000008000000      0x1bc
                0x0000000008000000                . = ALIGN (0x4)
 *(.isr_vector)
 .isr_vector    0x0000000008000000      0x1bc ./Core/Startup/startup_stm32l4p5cgtx.o
                0x0000000008000000                g_pfnVectors
                0x00000000080001bc                . = ALIGN (0x4)

.text           0x00000000080001c0     0x7e18
                0x00000000080001c0                . = ALIGN (0x4)
 *(.text)
 .text          0x00000000080001c0       0x40 c:/st/stm32cubeide_1.10.1/stm32cubeide/plugins/com.st.stm32cube.ide.mcu.externaltools.gnu-tools-for-stm32.10.3-2021.10.win32_1.0.0.202111181127/tools/bin/../lib/gcc/arm-none-eabi/10.3.1/thumb/v7e-m+fp/hard/crtbegin.o
 .text          0x0000000008000200       0x30 c:/st/stm32cubeide_1.10.1/stm32cubeide/plugins/com.st.stm32cube.ide.mcu.externaltools.gnu-tools-for-stm32.10.3-2021.10.win32_1.0.0.202111181127/tools/bin/../lib/gcc/arm-none-eabi/10.3.1/thumb/v7e-m+fp/hard\libgcc.a(_aeabi_uldivmod.o)
                0x0000000008000200                __aeabi_uldivmod
 .text          0x0000000008000230      0x2d0 c:/st/stm32cubeide_1.10.1/stm32cubeide/plugins/com.st.stm32cube.ide.mcu.externaltools.gnu-tools-for-stm32.10.3-2021.10.win32_1.0.0.202111181127/tools/bin/../lib/gcc/arm-none-eabi/10.3.1/thumb/v7e-m+fp/hard\libgcc.a(_udivmoddi4.o)
                0x0000000008000230                __udivmoddi4
 .text          0x0000000008000500        0x4 c:/st/stm32cubeide_1.10.1/stm32cubeide/plugins/com.st.stm32cube.ide.mcu.externaltools.gnu-tools-for-stm32.10.3-2021.10.win32_1.0.0.202111181127/tools/bin/../lib/gcc/arm-none-eabi/10.3.1/thumb/v7e-m+fp/hard\libgcc.a(_dvmd_tls.o)
                0x0000000008000500                __aeabi_idiv0
                0x0000000008000500                __aeabi_ldiv0
 *(.text*)
 .text.MX_DMA_Init
                0x0000000008000504       0x54 ./Core/Src/dma.o
                0x0000000008000504                MX_DMA_Init
 .text.MX_FREERTOS_Init
                0x0000000008000558       0x24 ./Core/Src/freertos.o
                0x0000000008000558                MX_FREERTOS_Init
 .text.StartDefaultTask
                0x000000000800057c       0x10 ./Core/Src/freertos.o
                0x000000000800057c                StartDefaultTask
 .text.MX_GPIO_Init
                0x000000000800058c      0x110 ./Core/Src/gpio.o
                0x000000000800058c                MX_GPIO_Init
 .text.main     0x000000000800069c       0x3e ./Core/Src/main.o
                0x000000000800069c                main
 .text.SystemClock_Config
                0x00000000080006da       0xa2 ./Core/Src/main.o
                0x00000000080006da                SystemClock_Config
 .text.Error_Handler
                0x000000000800077c        0xa ./Core/Src/main.o
                0x000000000800077c                Error_Handler
 *fill*         0x0000000008000786        0x2 
 .text.MX_SPI1_Init
                0x0000000008000788       0x7c ./Core/Src/spi.o
                0x0000000008000788                MX_SPI1_Init
 .text.MX_SPI3_Init
                0x0000000008000804       0x7c ./Core/Src/spi.o
                0x0000000008000804                MX_SPI3_Init
 .text.HAL_SPI_MspInit
                0x0000000008000880       0xe8 ./Core/Src/spi.o
                0x0000000008000880                HAL_SPI_MspInit
 .text.HAL_MspInit
                0x0000000008000968       0x50 ./Core/Src/stm32l4xx_hal_msp.o
                0x0000000008000968                HAL_MspInit
 .text.NMI_Handler
                0x00000000080009b8        0x6 ./Core/Src/stm32l4xx_it.o
                0x00000000080009b8                NMI_Handler
 .text.HardFault_Handler
                0x00000000080009be        0x6 ./Core/Src/stm32l4xx_it.o
                0x00000000080009be                HardFault_Handler
 .text.MemManage_Handler
                0x00000000080009c4        0x6 ./Core/Src/stm32l4xx_it.o
                0x00000000080009c4                MemManage_Handler
 .text.BusFault_Handler
                0x00000000080009ca        0x6 ./Core/Src/stm32l4xx_it.o
                0x00000000080009ca                BusFault_Handler
 .text.UsageFault_Handler
                0x00000000080009d0        0x6 ./Core/Src/stm32l4xx_it.o
                0x00000000080009d0                UsageFault_Handler
 .text.DebugMon_Handler
                0x00000000080009d6        0xe ./Core/Src/stm32l4xx_it.o
                0x00000000080009d6                DebugMon_Handler
 .text.SysTick_Handler
                0x00000000080009e4       0x1a ./Core/Src/stm32l4xx_it.o
                0x00000000080009e4                SysTick_Handler
 *fill*         0x00000000080009fe        0x2 
 .text.DMA1_Channel1_IRQHandler
                0x0000000008000a00       0x14 ./Core/Src/stm32l4xx_it.o
                0x0000000008000a00                DMA1_Channel1_IRQHandler
 .text.SystemInit
                0x0000000008000a14       0x24 ./Core/Src/system_stm32l4xx.o
                0x0000000008000a14                SystemInit
 .text.MX_TIM1_Init
                0x0000000008000a38      0x158 ./Core/Src/tim.o
                0x0000000008000a38                MX_TIM1_Init
 .text.MX_TIM2_Init
                0x0000000008000b90       0xec ./Core/Src/tim.o
                0x0000000008000b90                MX_TIM2_Init
 .text.MX_TIM5_Init
                0x0000000008000c7c       0xac ./Core/Src/tim.o
                0x0000000008000c7c                MX_TIM5_Init
 .text.HAL_TIM_Base_MspInit
                0x0000000008000d28       0xbc ./Core/Src/tim.o
                0x0000000008000d28                HAL_TIM_Base_MspInit
 .text.HAL_TIM_Encoder_MspInit
                0x0000000008000de4       0x84 ./Core/Src/tim.o
                0x0000000008000de4                HAL_TIM_Encoder_MspInit
 .text.HAL_TIM_MspPostInit
                0x0000000008000e68       0xb8 ./Core/Src/tim.o
                0x0000000008000e68                HAL_TIM_MspPostInit
 .text.MX_USART1_UART_Init
                0x0000000008000f20       0x98 ./Core/Src/usart.o
                0x0000000008000f20                MX_USART1_UART_Init
 .text.MX_USART2_UART_Init
                0x0000000008000fb8       0x98 ./Core/Src/usart.o
                0x0000000008000fb8                MX_USART2_UART_Init
 .text.HAL_UART_MspInit
                0x0000000008001050      0x144 ./Core/Src/usart.o
                0x0000000008001050                HAL_UART_MspInit
 .text.Reset_Handler
                0x0000000008001194       0x50 ./Core/Startup/startup_stm32l4p5cgtx.o
                0x0000000008001194                Reset_Handler
 .text.Default_Handler
                0x00000000080011e4        0x2 ./Core/Startup/startup_stm32l4p5cgtx.o
                0x00000000080011e4                RTC_Alarm_IRQHandler
                0x00000000080011e4                EXTI2_IRQHandler
                0x00000000080011e4                TIM8_TRG_COM_IRQHandler
                0x00000000080011e4                TIM8_CC_IRQHandler
                0x00000000080011e4                TIM1_CC_IRQHandler
                0x00000000080011e4                TSC_IRQHandler
                0x00000000080011e4                TAMP_STAMP_IRQHandler
                0x00000000080011e4                EXTI3_IRQHandler
                0x00000000080011e4                LPTIM2_IRQHandler
                0x00000000080011e4                DFSDM1_FLT1_IRQHandler
                0x00000000080011e4                I2C3_ER_IRQHandler
                0x00000000080011e4                EXTI0_IRQHandler
                0x00000000080011e4                I2C2_EV_IRQHandler
                0x00000000080011e4                CAN1_RX0_IRQHandler
                0x00000000080011e4                FPU_IRQHandler
                0x00000000080011e4                TIM1_UP_TIM16_IRQHandler
                0x00000000080011e4                LTDC_ER_IRQHandler
                0x00000000080011e4                ADC1_2_IRQHandler
                0x00000000080011e4                SPI1_IRQHandler
                0x00000000080011e4                OCTOSPI1_IRQHandler
                0x00000000080011e4                TIM6_DAC_IRQHandler
                0x00000000080011e4                TIM8_UP_IRQHandler
                0x00000000080011e4                OCTOSPI2_IRQHandler
                0x00000000080011e4                DMA2_Channel2_IRQHandler
                0x00000000080011e4                DMA1_Channel4_IRQHandler
                0x00000000080011e4                SAI2_IRQHandler
                0x00000000080011e4                USART3_IRQHandler
                0x00000000080011e4                DMA1_Channel7_IRQHandler
                0x00000000080011e4                CAN1_RX1_IRQHandler
                0x00000000080011e4                UART5_IRQHandler
                0x00000000080011e4                TIM4_IRQHandler
                0x00000000080011e4                DMA2_Channel1_IRQHandler
                0x00000000080011e4                I2C1_EV_IRQHandler
                0x00000000080011e4                DMAMUX1_OVR_IRQHandler
                0x00000000080011e4                DMA1_Channel6_IRQHandler
                0x00000000080011e4                UART4_IRQHandler
                0x00000000080011e4                DMA2_Channel4_IRQHandler
                0x00000000080011e4                TIM3_IRQHandler
                0x00000000080011e4                RCC_IRQHandler
                0x00000000080011e4                Default_Handler
                0x00000000080011e4                DMA2_Channel7_IRQHandler
                0x00000000080011e4                EXTI15_10_IRQHandler
                0x00000000080011e4                TIM7_IRQHandler
                0x00000000080011e4                SDMMC1_IRQHandler
                0x00000000080011e4                TIM5_IRQHandler
                0x00000000080011e4                I2C3_EV_IRQHandler
                0x00000000080011e4                EXTI9_5_IRQHandler
                0x00000000080011e4                RTC_WKUP_IRQHandler
                0x00000000080011e4                LTDC_IRQHandler
                0x00000000080011e4                PVD_PVM_IRQHandler
                0x00000000080011e4                SPI2_IRQHandler
                0x00000000080011e4                CAN1_TX_IRQHandler
                0x00000000080011e4                DMA2_Channel5_IRQHandler
                0x00000000080011e4                DMA1_Channel5_IRQHandler
                0x00000000080011e4                EXTI4_IRQHandler
                0x00000000080011e4                RNG_IRQHandler
                0x00000000080011e4                TIM1_TRG_COM_TIM17_IRQHandler
                0x00000000080011e4                DMA1_Channel3_IRQHandler
                0x00000000080011e4                COMP_IRQHandler
                0x00000000080011e4                HASH_CRS_IRQHandler
                0x00000000080011e4                WWDG_IRQHandler
                0x00000000080011e4                I2C4_EV_IRQHandler
                0x00000000080011e4                LPUART1_IRQHandler
                0x00000000080011e4                DMA2_Channel6_IRQHandler
                0x00000000080011e4                TIM2_IRQHandler
                0x00000000080011e4                DMA2D_IRQHandler
                0x00000000080011e4                EXTI1_IRQHandler
                0x00000000080011e4                SDMMC2_IRQHandler
                0x00000000080011e4                USART2_IRQHandler
                0x00000000080011e4                DFSDM1_FLT0_IRQHandler
                0x00000000080011e4                I2C2_ER_IRQHandler
                0x00000000080011e4                DMA1_Channel2_IRQHandler
                0x00000000080011e4                TIM8_BRK_IRQHandler
                0x00000000080011e4                CAN1_SCE_IRQHandler
                0x00000000080011e4                FLASH_IRQHandler
                0x00000000080011e4                USART1_IRQHandler
                0x00000000080011e4                OTG_FS_IRQHandler
                0x00000000080011e4                SPI3_IRQHandler
                0x00000000080011e4                I2C1_ER_IRQHandler
                0x00000000080011e4                FMC_IRQHandler
                0x00000000080011e4                LPTIM1_IRQHandler
                0x00000000080011e4                DCMI_PSSI_IRQHandler
                0x00000000080011e4                I2C4_ER_IRQHandler
                0x00000000080011e4                SAI1_IRQHandler
                0x00000000080011e4                DMA2_Channel3_IRQHandler
                0x00000000080011e4                TIM1_BRK_TIM15_IRQHandler
 .text.HAL_Init
                0x00000000080011e6       0x30 ./Drivers/STM32L4xx_HAL_Driver/Src/stm32l4xx_hal.o
                0x00000000080011e6                HAL_Init
 *fill*         0x0000000008001216        0x2 
 .text.HAL_InitTick
                0x0000000008001218       0x78 ./Drivers/STM32L4xx_HAL_Driver/Src/stm32l4xx_hal.o
                0x0000000008001218                HAL_InitTick
 .text.HAL_IncTick
                0x0000000008001290       0x28 ./Drivers/STM32L4xx_HAL_Driver/Src/stm32l4xx_hal.o
                0x0000000008001290                HAL_IncTick
 .text.HAL_GetTick
                0x00000000080012b8       0x18 ./Drivers/STM32L4xx_HAL_Driver/Src/stm32l4xx_hal.o
                0x00000000080012b8                HAL_GetTick
 .text.__NVIC_SetPriorityGrouping
                0x00000000080012d0       0x48 ./Drivers/STM32L4xx_HAL_Driver/Src/stm32l4xx_hal_cortex.o
 .text.__NVIC_GetPriorityGrouping
                0x0000000008001318       0x1c ./Drivers/STM32L4xx_HAL_Driver/Src/stm32l4xx_hal_cortex.o
 .text.__NVIC_EnableIRQ
                0x0000000008001334       0x3c ./Drivers/STM32L4xx_HAL_Driver/Src/stm32l4xx_hal_cortex.o
 .text.__NVIC_SetPriority
                0x0000000008001370       0x54 ./Drivers/STM32L4xx_HAL_Driver/Src/stm32l4xx_hal_cortex.o
 .text.NVIC_EncodePriority
                0x00000000080013c4       0x66 ./Drivers/STM32L4xx_HAL_Driver/Src/stm32l4xx_hal_cortex.o
 *fill*         0x000000000800142a        0x2 
 .text.SysTick_Config
                0x000000000800142c       0x44 ./Drivers/STM32L4xx_HAL_Driver/Src/stm32l4xx_hal_cortex.o
 .text.HAL_NVIC_SetPriorityGrouping
                0x0000000008001470       0x16 ./Drivers/STM32L4xx_HAL_Driver/Src/stm32l4xx_hal_cortex.o
                0x0000000008001470                HAL_NVIC_SetPriorityGrouping
 .text.HAL_NVIC_SetPriority
                0x0000000008001486       0x38 ./Drivers/STM32L4xx_HAL_Driver/Src/stm32l4xx_hal_cortex.o
                0x0000000008001486                HAL_NVIC_SetPriority
 .text.HAL_NVIC_EnableIRQ
                0x00000000080014be       0x1c ./Drivers/STM32L4xx_HAL_Driver/Src/stm32l4xx_hal_cortex.o
                0x00000000080014be                HAL_NVIC_EnableIRQ
 .text.HAL_SYSTICK_Config
                0x00000000080014da       0x18 ./Drivers/STM32L4xx_HAL_Driver/Src/stm32l4xx_hal_cortex.o
                0x00000000080014da                HAL_SYSTICK_Config
 *fill*         0x00000000080014f2        0x2 
 .text.HAL_DMA_Init
                0x00000000080014f4      0x150 ./Drivers/STM32L4xx_HAL_Driver/Src/stm32l4xx_hal_dma.o
                0x00000000080014f4                HAL_DMA_Init
 .text.HAL_DMA_IRQHandler
                0x0000000008001644      0x15e ./Drivers/STM32L4xx_HAL_Driver/Src/stm32l4xx_hal_dma.o
                0x0000000008001644                HAL_DMA_IRQHandler
 *fill*         0x00000000080017a2        0x2 
 .text.DMA_CalcDMAMUXChannelBaseAndMask
                0x00000000080017a4       0x7c ./Drivers/STM32L4xx_HAL_Driver/Src/stm32l4xx_hal_dma.o
 .text.DMA_CalcDMAMUXRequestGenBaseAndMask
                0x0000000008001820       0x48 ./Drivers/STM32L4xx_HAL_Driver/Src/stm32l4xx_hal_dma.o
 .text.HAL_GPIO_Init
                0x0000000008001868      0x324 ./Drivers/STM32L4xx_HAL_Driver/Src/stm32l4xx_hal_gpio.o
                0x0000000008001868                HAL_GPIO_Init
 .text.HAL_GPIO_WritePin
                0x0000000008001b8c       0x30 ./Drivers/STM32L4xx_HAL_Driver/Src/stm32l4xx_hal_gpio.o
                0x0000000008001b8c                HAL_GPIO_WritePin
 .text.HAL_PWREx_GetVoltageRange
                0x0000000008001bbc       0x40 ./Drivers/STM32L4xx_HAL_Driver/Src/stm32l4xx_hal_pwr_ex.o
                0x0000000008001bbc                HAL_PWREx_GetVoltageRange
 .text.HAL_PWREx_ControlVoltageScaling
                0x0000000008001bfc      0x148 ./Drivers/STM32L4xx_HAL_Driver/Src/stm32l4xx_hal_pwr_ex.o
                0x0000000008001bfc                HAL_PWREx_ControlVoltageScaling
 .text.HAL_RCC_OscConfig
                0x0000000008001d44      0x8f8 ./Drivers/STM32L4xx_HAL_Driver/Src/stm32l4xx_hal_rcc.o
                0x0000000008001d44                HAL_RCC_OscConfig
 .text.HAL_RCC_ClockConfig
                0x000000000800263c      0x274 ./Drivers/STM32L4xx_HAL_Driver/Src/stm32l4xx_hal_rcc.o
                0x000000000800263c                HAL_RCC_ClockConfig
 .text.HAL_RCC_GetSysClockFreq
                0x00000000080028b0      0x118 ./Drivers/STM32L4xx_HAL_Driver/Src/stm32l4xx_hal_rcc.o
                0x00000000080028b0                HAL_RCC_GetSysClockFreq
 .text.HAL_RCC_GetHCLKFreq
                0x00000000080029c8       0x18 ./Drivers/STM32L4xx_HAL_Driver/Src/stm32l4xx_hal_rcc.o
                0x00000000080029c8                HAL_RCC_GetHCLKFreq
 .text.HAL_RCC_GetPCLK1Freq
                0x00000000080029e0       0x2c ./Drivers/STM32L4xx_HAL_Driver/Src/stm32l4xx_hal_rcc.o
                0x00000000080029e0                HAL_RCC_GetPCLK1Freq
 .text.HAL_RCC_GetPCLK2Freq
                0x0000000008002a0c       0x2c ./Drivers/STM32L4xx_HAL_Driver/Src/stm32l4xx_hal_rcc.o
                0x0000000008002a0c                HAL_RCC_GetPCLK2Freq
 .text.RCC_SetFlashLatencyFromMSIRange
                0x0000000008002a38       0xb4 ./Drivers/STM32L4xx_HAL_Driver/Src/stm32l4xx_hal_rcc.o
 .text.RCC_GetSysClockFreqFromPLLSource
                0x0000000008002aec       0xcc ./Drivers/STM32L4xx_HAL_Driver/Src/stm32l4xx_hal_rcc.o
 .text.HAL_RCCEx_PeriphCLKConfig
                0x0000000008002bb8      0x6d8 ./Drivers/STM32L4xx_HAL_Driver/Src/stm32l4xx_hal_rcc_ex.o
                0x0000000008002bb8                HAL_RCCEx_PeriphCLKConfig
 .text.RCCEx_PLLSAI1_Config
                0x0000000008003290      0x1e8 ./Drivers/STM32L4xx_HAL_Driver/Src/stm32l4xx_hal_rcc_ex.o
 .text.RCCEx_PLLSAI2_Config
                0x0000000008003478      0x1e8 ./Drivers/STM32L4xx_HAL_Driver/Src/stm32l4xx_hal_rcc_ex.o
 .text.HAL_SPI_Init
                0x0000000008003660      0x146 ./Drivers/STM32L4xx_HAL_Driver/Src/stm32l4xx_hal_spi.o
                0x0000000008003660                HAL_SPI_Init
 .text.HAL_TIM_Base_Init
                0x00000000080037a6       0xae ./Drivers/STM32L4xx_HAL_Driver/Src/stm32l4xx_hal_tim.o
                0x00000000080037a6                HAL_TIM_Base_Init
 .text.HAL_TIM_PWM_Init
                0x0000000008003854       0xae ./Drivers/STM32L4xx_HAL_Driver/Src/stm32l4xx_hal_tim.o
                0x0000000008003854                HAL_TIM_PWM_Init
 .text.HAL_TIM_PWM_MspInit
                0x0000000008003902       0x14 ./Drivers/STM32L4xx_HAL_Driver/Src/stm32l4xx_hal_tim.o
                0x0000000008003902                HAL_TIM_PWM_MspInit
 .text.HAL_TIM_Encoder_Init
                0x0000000008003916      0x14c ./Drivers/STM32L4xx_HAL_Driver/Src/stm32l4xx_hal_tim.o
                0x0000000008003916                HAL_TIM_Encoder_Init
 *fill*         0x0000000008003a62        0x2 
 .text.HAL_TIM_PWM_ConfigChannel
                0x0000000008003a64      0x228 ./Drivers/STM32L4xx_HAL_Driver/Src/stm32l4xx_hal_tim.o
                0x0000000008003a64                HAL_TIM_PWM_ConfigChannel
 .text.HAL_TIM_ConfigClockSource
                0x0000000008003c8c      0x192 ./Drivers/STM32L4xx_HAL_Driver/Src/stm32l4xx_hal_tim.o
                0x0000000008003c8c                HAL_TIM_ConfigClockSource
 *fill*         0x0000000008003e1e        0x2 
 .text.TIM_Base_SetConfig
                0x0000000008003e20      0x134 ./Drivers/STM32L4xx_HAL_Driver/Src/stm32l4xx_hal_tim.o
                0x0000000008003e20                TIM_Base_SetConfig
 .text.TIM_OC1_SetConfig
                0x0000000008003f54      0x120 ./Drivers/STM32L4xx_HAL_Driver/Src/stm32l4xx_hal_tim.o
 .text.TIM_OC2_SetConfig
                0x0000000008004074      0x114 ./Drivers/STM32L4xx_HAL_Driver/Src/stm32l4xx_hal_tim.o
                0x0000000008004074                TIM_OC2_SetConfig
 .text.TIM_OC3_SetConfig
                0x0000000008004188      0x110 ./Drivers/STM32L4xx_HAL_Driver/Src/stm32l4xx_hal_tim.o
 .text.TIM_OC4_SetConfig
                0x0000000008004298       0xd4 ./Drivers/STM32L4xx_HAL_Driver/Src/stm32l4xx_hal_tim.o
 .text.TIM_OC5_SetConfig
                0x000000000800436c       0xc8 ./Drivers/STM32L4xx_HAL_Driver/Src/stm32l4xx_hal_tim.o
 .text.TIM_OC6_SetConfig
                0x0000000008004434       0xcc ./Drivers/STM32L4xx_HAL_Driver/Src/stm32l4xx_hal_tim.o
 .text.TIM_TI1_ConfigInputStage
                0x0000000008004500       0x5e ./Drivers/STM32L4xx_HAL_Driver/Src/stm32l4xx_hal_tim.o
 .text.TIM_TI2_ConfigInputStage
                0x000000000800455e       0x60 ./Drivers/STM32L4xx_HAL_Driver/Src/stm32l4xx_hal_tim.o
 .text.TIM_ITRx_SetConfig
                0x00000000080045be       0x36 ./Drivers/STM32L4xx_HAL_Driver/Src/stm32l4xx_hal_tim.o
 .text.TIM_ETR_SetConfig
                0x00000000080045f4       0x40 ./Drivers/STM32L4xx_HAL_Driver/Src/stm32l4xx_hal_tim.o
                0x00000000080045f4                TIM_ETR_SetConfig
 .text.HAL_TIMEx_MasterConfigSynchronization
                0x0000000008004634      0x110 ./Drivers/STM32L4xx_HAL_Driver/Src/stm32l4xx_hal_tim_ex.o
                0x0000000008004634                HAL_TIMEx_MasterConfigSynchronization
 .text.HAL_TIMEx_ConfigBreakDeadTime
                0x0000000008004744       0xfc ./Drivers/STM32L4xx_HAL_Driver/Src/stm32l4xx_hal_tim_ex.o
                0x0000000008004744                HAL_TIMEx_ConfigBreakDeadTime
 .text.HAL_UART_Init
                0x0000000008004840       0xa0 ./Drivers/STM32L4xx_HAL_Driver/Src/stm32l4xx_hal_uart.o
                0x0000000008004840                HAL_UART_Init
 .text.UART_SetConfig
                0x00000000080048e0      0x5f8 ./Drivers/STM32L4xx_HAL_Driver/Src/stm32l4xx_hal_uart.o
                0x00000000080048e0                UART_SetConfig
 .text.UART_AdvFeatureConfig
                0x0000000008004ed8      0x144 ./Drivers/STM32L4xx_HAL_Driver/Src/stm32l4xx_hal_uart.o
                0x0000000008004ed8                UART_AdvFeatureConfig
 .text.UART_CheckIdleState
                0x000000000800501c       0x96 ./Drivers/STM32L4xx_HAL_Driver/Src/stm32l4xx_hal_uart.o
                0x000000000800501c                UART_CheckIdleState
 .text.UART_WaitOnFlagUntilTimeout
                0x00000000080050b2      0x190 ./Drivers/STM32L4xx_HAL_Driver/Src/stm32l4xx_hal_uart.o
                0x00000000080050b2                UART_WaitOnFlagUntilTimeout
 .text.HAL_UARTEx_DisableFifoMode
                0x0000000008005242       0x72 ./Drivers/STM32L4xx_HAL_Driver/Src/stm32l4xx_hal_uart_ex.o
                0x0000000008005242                HAL_UARTEx_DisableFifoMode
 .text.HAL_UARTEx_SetTxFifoThreshold
                0x00000000080052b4       0x7c ./Drivers/STM32L4xx_HAL_Driver/Src/stm32l4xx_hal_uart_ex.o
                0x00000000080052b4                HAL_UARTEx_SetTxFifoThreshold
 .text.HAL_UARTEx_SetRxFifoThreshold
                0x0000000008005330       0x7c ./Drivers/STM32L4xx_HAL_Driver/Src/stm32l4xx_hal_uart_ex.o
                0x0000000008005330                HAL_UARTEx_SetRxFifoThreshold
 .text.UARTEx_SetNbDataToProcess
                0x00000000080053ac       0x9c ./Drivers/STM32L4xx_HAL_Driver/Src/stm32l4xx_hal_uart_ex.o
 .text.__NVIC_SetPriority
                0x0000000008005448       0x54 ./Middlewares/Third_Party/FreeRTOS/Source/CMSIS_RTOS_V2/cmsis_os2.o
 .text.SVC_Setup
                0x000000000800549c       0x12 ./Middlewares/Third_Party/FreeRTOS/Source/CMSIS_RTOS_V2/cmsis_os2.o
 *fill*         0x00000000080054ae        0x2 
 .text.osKernelInitialize
                0x00000000080054b0       0x48 ./Middlewares/Third_Party/FreeRTOS/Source/CMSIS_RTOS_V2/cmsis_os2.o
                0x00000000080054b0                osKernelInitialize
 .text.osKernelStart
                0x00000000080054f8       0x4c ./Middlewares/Third_Party/FreeRTOS/Source/CMSIS_RTOS_V2/cmsis_os2.o
                0x00000000080054f8                osKernelStart
 .text.osThreadNew
                0x0000000008005544      0x124 ./Middlewares/Third_Party/FreeRTOS/Source/CMSIS_RTOS_V2/cmsis_os2.o
                0x0000000008005544                osThreadNew
 .text.osDelay  0x0000000008005668       0x36 ./Middlewares/Third_Party/FreeRTOS/Source/CMSIS_RTOS_V2/cmsis_os2.o
                0x0000000008005668                osDelay
 *fill*         0x000000000800569e        0x2 
 .text.vApplicationGetIdleTaskMemory
                0x00000000080056a0       0x34 ./Middlewares/Third_Party/FreeRTOS/Source/CMSIS_RTOS_V2/cmsis_os2.o
                0x00000000080056a0                vApplicationGetIdleTaskMemory
 .text.vApplicationGetTimerTaskMemory
                0x00000000080056d4       0x34 ./Middlewares/Third_Party/FreeRTOS/Source/CMSIS_RTOS_V2/cmsis_os2.o
                0x00000000080056d4                vApplicationGetTimerTaskMemory
 .text.vListInitialise
                0x0000000008005708       0x40 ./Middlewares/Third_Party/FreeRTOS/Source/list.o
                0x0000000008005708                vListInitialise
 .text.vListInitialiseItem
                0x0000000008005748       0x1a ./Middlewares/Third_Party/FreeRTOS/Source/list.o
                0x0000000008005748                vListInitialiseItem
 .text.vListInsertEnd
                0x0000000008005762       0x48 ./Middlewares/Third_Party/FreeRTOS/Source/list.o
                0x0000000008005762                vListInsertEnd
 .text.vListInsert
                0x00000000080057aa       0x72 ./Middlewares/Third_Party/FreeRTOS/Source/list.o
                0x00000000080057aa                vListInsert
 .text.uxListRemove
                0x000000000800581c       0x54 ./Middlewares/Third_Party/FreeRTOS/Source/list.o
                0x000000000800581c                uxListRemove
 .text.xQueueGenericReset
                0x0000000008005870       0xd0 ./Middlewares/Third_Party/FreeRTOS/Source/queue.o
                0x0000000008005870                xQueueGenericReset
 .text.xQueueGenericCreateStatic
                0x0000000008005940       0xf0 ./Middlewares/Third_Party/FreeRTOS/Source/queue.o
                0x0000000008005940                xQueueGenericCreateStatic
 .text.prvInitialiseNewQueue
                0x0000000008005a30       0x46 ./Middlewares/Third_Party/FreeRTOS/Source/queue.o
 *fill*         0x0000000008005a76        0x2 
 .text.xQueueGenericSend
                0x0000000008005a78      0x1fc ./Middlewares/Third_Party/FreeRTOS/Source/queue.o
                0x0000000008005a78                xQueueGenericSend
 .text.xQueueGenericSendFromISR
                0x0000000008005c74      0x136 ./Middlewares/Third_Party/FreeRTOS/Source/queue.o
                0x0000000008005c74                xQueueGenericSendFromISR
 *fill*         0x0000000008005daa        0x2 
 .text.xQueueReceive
                0x0000000008005dac      0x1c0 ./Middlewares/Third_Party/FreeRTOS/Source/queue.o
                0x0000000008005dac                xQueueReceive
 .text.prvCopyDataToQueue
                0x0000000008005f6c       0xd4 ./Middlewares/Third_Party/FreeRTOS/Source/queue.o
 .text.prvCopyDataFromQueue
                0x0000000008006040       0x4c ./Middlewares/Third_Party/FreeRTOS/Source/queue.o
 .text.prvUnlockQueue
                0x000000000800608c       0xa4 ./Middlewares/Third_Party/FreeRTOS/Source/queue.o
 .text.prvIsQueueEmpty
                0x0000000008006130       0x2c ./Middlewares/Third_Party/FreeRTOS/Source/queue.o
 .text.prvIsQueueFull
                0x000000000800615c       0x30 ./Middlewares/Third_Party/FreeRTOS/Source/queue.o
 .text.vQueueAddToRegistry
                0x000000000800618c       0x54 ./Middlewares/Third_Party/FreeRTOS/Source/queue.o
                0x000000000800618c                vQueueAddToRegistry
 .text.vQueueWaitForMessageRestricted
                0x00000000080061e0       0x68 ./Middlewares/Third_Party/FreeRTOS/Source/queue.o
                0x00000000080061e0                vQueueWaitForMessageRestricted
 .text.xTaskCreateStatic
                0x0000000008006248       0xba ./Middlewares/Third_Party/FreeRTOS/Source/tasks.o
                0x0000000008006248                xTaskCreateStatic
 .text.xTaskCreate
                0x0000000008006302       0x8a ./Middlewares/Third_Party/FreeRTOS/Source/tasks.o
                0x0000000008006302                xTaskCreate
 .text.prvInitialiseNewTask
                0x000000000800638c      0x11e ./Middlewares/Third_Party/FreeRTOS/Source/tasks.o
 *fill*         0x00000000080064aa        0x2 
 .text.prvAddNewTaskToReadyList
                0x00000000080064ac       0xe0 ./Middlewares/Third_Party/FreeRTOS/Source/tasks.o
 .text.vTaskDelay
                0x000000000800658c       0x68 ./Middlewares/Third_Party/FreeRTOS/Source/tasks.o
                0x000000000800658c                vTaskDelay
 .text.vTaskStartScheduler
                0x00000000080065f4       0xcc ./Middlewares/Third_Party/FreeRTOS/Source/tasks.o
                0x00000000080065f4                vTaskStartScheduler
 .text.vTaskSuspendAll
                0x00000000080066c0       0x1c ./Middlewares/Third_Party/FreeRTOS/Source/tasks.o
                0x00000000080066c0                vTaskSuspendAll
 .text.xTaskResumeAll
                0x00000000080066dc      0x13c ./Middlewares/Third_Party/FreeRTOS/Source/tasks.o
                0x00000000080066dc                xTaskResumeAll
 .text.xTaskGetTickCount
                0x0000000008006818       0x20 ./Middlewares/Third_Party/FreeRTOS/Source/tasks.o
                0x0000000008006818                xTaskGetTickCount
 .text.xTaskIncrementTick
                0x0000000008006838      0x174 ./Middlewares/Third_Party/FreeRTOS/Source/tasks.o
                0x0000000008006838                xTaskIncrementTick
 .text.vTaskSwitchContext
                0x00000000080069ac       0xbc ./Middlewares/Third_Party/FreeRTOS/Source/tasks.o
                0x00000000080069ac                vTaskSwitchContext
 .text.vTaskPlaceOnEventList
                0x0000000008006a68       0x48 ./Middlewares/Third_Party/FreeRTOS/Source/tasks.o
                0x0000000008006a68                vTaskPlaceOnEventList
 .text.vTaskPlaceOnEventListRestricted
                0x0000000008006ab0       0x58 ./Middlewares/Third_Party/FreeRTOS/Source/tasks.o
                0x0000000008006ab0                vTaskPlaceOnEventListRestricted
 .text.xTaskRemoveFromEventList
                0x0000000008006b08       0xc8 ./Middlewares/Third_Party/FreeRTOS/Source/tasks.o
                0x0000000008006b08                xTaskRemoveFromEventList
 .text.vTaskInternalSetTimeOutState
                0x0000000008006bd0       0x2c ./Middlewares/Third_Party/FreeRTOS/Source/tasks.o
                0x0000000008006bd0                vTaskInternalSetTimeOutState
 .text.xTaskCheckForTimeOut
                0x0000000008006bfc       0xc4 ./Middlewares/Third_Party/FreeRTOS/Source/tasks.o
                0x0000000008006bfc                xTaskCheckForTimeOut
 .text.vTaskMissedYield
                0x0000000008006cc0       0x18 ./Middlewares/Third_Party/FreeRTOS/Source/tasks.o
                0x0000000008006cc0                vTaskMissedYield
 .text.prvIdleTask
                0x0000000008006cd8       0x30 ./Middlewares/Third_Party/FreeRTOS/Source/tasks.o
 .text.prvInitialiseTaskLists
                0x0000000008006d08       0x80 ./Middlewares/Third_Party/FreeRTOS/Source/tasks.o
 .text.prvCheckTasksWaitingTermination
                0x0000000008006d88       0x5c ./Middlewares/Third_Party/FreeRTOS/Source/tasks.o
 .text.prvDeleteTCB
                0x0000000008006de4       0x5e ./Middlewares/Third_Party/FreeRTOS/Source/tasks.o
 *fill*         0x0000000008006e42        0x2 
 .text.prvResetNextTaskUnblockTime
                0x0000000008006e44       0x40 ./Middlewares/Third_Party/FreeRTOS/Source/tasks.o
 .text.xTaskGetSchedulerState
                0x0000000008006e84       0x3c ./Middlewares/Third_Party/FreeRTOS/Source/tasks.o
                0x0000000008006e84                xTaskGetSchedulerState
 .text.xTaskPriorityDisinherit
                0x0000000008006ec0       0xdc ./Middlewares/Third_Party/FreeRTOS/Source/tasks.o
                0x0000000008006ec0                xTaskPriorityDisinherit
 .text.prvAddCurrentTaskToDelayedList
                0x0000000008006f9c       0xa8 ./Middlewares/Third_Party/FreeRTOS/Source/tasks.o
 .text.xTimerCreateTimerTask
                0x0000000008007044       0x90 ./Middlewares/Third_Party/FreeRTOS/Source/timers.o
                0x0000000008007044                xTimerCreateTimerTask
 .text.xTimerGenericCommand
                0x00000000080070d4       0x9c ./Middlewares/Third_Party/FreeRTOS/Source/timers.o
                0x00000000080070d4                xTimerGenericCommand
 .text.prvProcessExpiredTimer
                0x0000000008007170       0x98 ./Middlewares/Third_Party/FreeRTOS/Source/timers.o
 .text.prvTimerTask
                0x0000000008007208       0x24 ./Middlewares/Third_Party/FreeRTOS/Source/timers.o
 .text.prvProcessTimerOrBlockTask
                0x000000000800722c       0x9c ./Middlewares/Third_Party/FreeRTOS/Source/timers.o
 .text.prvGetNextExpireTime
                0x00000000080072c8       0x48 ./Middlewares/Third_Party/FreeRTOS/Source/timers.o
 .text.prvSampleTimeNow
                0x0000000008007310       0x40 ./Middlewares/Third_Party/FreeRTOS/Source/timers.o
 .text.prvInsertTimerInActiveList
                0x0000000008007350       0x84 ./Middlewares/Third_Party/FreeRTOS/Source/timers.o
 .text.prvProcessReceivedCommands
                0x00000000080073d4      0x1c4 ./Middlewares/Third_Party/FreeRTOS/Source/timers.o
 .text.prvSwitchTimerLists
                0x0000000008007598       0xc8 ./Middlewares/Third_Party/FreeRTOS/Source/timers.o
 .text.prvCheckForValidListAndQueue
                0x0000000008007660       0x80 ./Middlewares/Third_Party/FreeRTOS/Source/timers.o
 .text.pxPortInitialiseStack
                0x00000000080076e0       0x68 ./Middlewares/Third_Party/FreeRTOS/Source/portable/GCC/ARM_CM4F/port.o
                0x00000000080076e0                pxPortInitialiseStack
 .text.prvTaskExitError
                0x0000000008007748       0x58 ./Middlewares/Third_Party/FreeRTOS/Source/portable/GCC/ARM_CM4F/port.o
 .text.SVC_Handler
                0x00000000080077a0       0x28 ./Middlewares/Third_Party/FreeRTOS/Source/portable/GCC/ARM_CM4F/port.o
                0x00000000080077a0                SVC_Handler
 .text.prvPortStartFirstTask
                0x00000000080077c8       0x28 ./Middlewares/Third_Party/FreeRTOS/Source/portable/GCC/ARM_CM4F/port.o
 .text.xPortStartScheduler
                0x00000000080077f0      0x144 ./Middlewares/Third_Party/FreeRTOS/Source/portable/GCC/ARM_CM4F/port.o
                0x00000000080077f0                xPortStartScheduler
 .text.vPortEnterCritical
                0x0000000008007934       0x60 ./Middlewares/Third_Party/FreeRTOS/Source/portable/GCC/ARM_CM4F/port.o
                0x0000000008007934                vPortEnterCritical
 .text.vPortExitCritical
                0x0000000008007994       0x54 ./Middlewares/Third_Party/FreeRTOS/Source/portable/GCC/ARM_CM4F/port.o
                0x0000000008007994                vPortExitCritical
 *fill*         0x00000000080079e8        0x8 
 .text.PendSV_Handler
                0x00000000080079f0       0x68 ./Middlewares/Third_Party/FreeRTOS/Source/portable/GCC/ARM_CM4F/port.o
                0x00000000080079f0                PendSV_Handler
 .text.xPortSysTickHandler
                0x0000000008007a58       0x44 ./Middlewares/Third_Party/FreeRTOS/Source/portable/GCC/ARM_CM4F/port.o
                0x0000000008007a58                xPortSysTickHandler
 .text.vPortSetupTimerInterrupt
                0x0000000008007a9c       0x48 ./Middlewares/Third_Party/FreeRTOS/Source/portable/GCC/ARM_CM4F/port.o
                0x0000000008007a9c                vPortSetupTimerInterrupt
 .text.vPortEnableVFP
                0x0000000008007ae4       0x14 ./Middlewares/Third_Party/FreeRTOS/Source/portable/GCC/ARM_CM4F/port.o
 .text.vPortValidateInterruptPriority
                0x0000000008007af8       0x80 ./Middlewares/Third_Party/FreeRTOS/Source/portable/GCC/ARM_CM4F/port.o
                0x0000000008007af8                vPortValidateInterruptPriority
 .text.pvPortMalloc
                0x0000000008007b78      0x198 ./Middlewares/Third_Party/FreeRTOS/Source/portable/MemMang/heap_4.o
                0x0000000008007b78                pvPortMalloc
 .text.vPortFree
                0x0000000008007d10       0xc4 ./Middlewares/Third_Party/FreeRTOS/Source/portable/MemMang/heap_4.o
                0x0000000008007d10                vPortFree
 .text.prvHeapInit
                0x0000000008007dd4       0xc4 ./Middlewares/Third_Party/FreeRTOS/Source/portable/MemMang/heap_4.o
 .text.prvInsertBlockIntoFreeList
                0x0000000008007e98       0xb4 ./Middlewares/Third_Party/FreeRTOS/Source/portable/MemMang/heap_4.o
 .text.__libc_init_array
                0x0000000008007f4c       0x48 c:/st/stm32cubeide_1.10.1/stm32cubeide/plugins/com.st.stm32cube.ide.mcu.externaltools.gnu-tools-for-stm32.10.3-2021.10.win32_1.0.0.202111181127/tools/bin/../lib/gcc/arm-none-eabi/10.3.1/../../../../arm-none-eabi/lib/thumb/v7e-m+fp/hard\libc_nano.a(lib_a-init.o)
                0x0000000008007f4c                __libc_init_array
 .text.memcpy   0x0000000008007f94       0x1c c:/st/stm32cubeide_1.10.1/stm32cubeide/plugins/com.st.stm32cube.ide.mcu.externaltools.gnu-tools-for-stm32.10.3-2021.10.win32_1.0.0.202111181127/tools/bin/../lib/gcc/arm-none-eabi/10.3.1/../../../../arm-none-eabi/lib/thumb/v7e-m+fp/hard\libc_nano.a(lib_a-memcpy-stub.o)
                0x0000000008007f94                memcpy
 .text.memset   0x0000000008007fb0       0x10 c:/st/stm32cubeide_1.10.1/stm32cubeide/plugins/com.st.stm32cube.ide.mcu.externaltools.gnu-tools-for-stm32.10.3-2021.10.win32_1.0.0.202111181127/tools/bin/../lib/gcc/arm-none-eabi/10.3.1/../../../../arm-none-eabi/lib/thumb/v7e-m+fp/hard\libc_nano.a(lib_a-memset.o)
                0x0000000008007fb0                memset
 *(.glue_7)
 .glue_7        0x0000000008007fc0        0x0 linker stubs
 *(.glue_7t)
 .glue_7t       0x0000000008007fc0        0x0 linker stubs
 *(.eh_frame)
 .eh_frame      0x0000000008007fc0        0x0 c:/st/stm32cubeide_1.10.1/stm32cubeide/plugins/com.st.stm32cube.ide.mcu.externaltools.gnu-tools-for-stm32.10.3-2021.10.win32_1.0.0.202111181127/tools/bin/../lib/gcc/arm-none-eabi/10.3.1/thumb/v7e-m+fp/hard/crtbegin.o
 *(.init)
 .init          0x0000000008007fc0        0x4 c:/st/stm32cubeide_1.10.1/stm32cubeide/plugins/com.st.stm32cube.ide.mcu.externaltools.gnu-tools-for-stm32.10.3-2021.10.win32_1.0.0.202111181127/tools/bin/../lib/gcc/arm-none-eabi/10.3.1/thumb/v7e-m+fp/hard/crti.o
                0x0000000008007fc0                _init
 .init          0x0000000008007fc4        0x8 c:/st/stm32cubeide_1.10.1/stm32cubeide/plugins/com.st.stm32cube.ide.mcu.externaltools.gnu-tools-for-stm32.10.3-2021.10.win32_1.0.0.202111181127/tools/bin/../lib/gcc/arm-none-eabi/10.3.1/thumb/v7e-m+fp/hard/crtn.o
 *(.fini)
 .fini          0x0000000008007fcc        0x4 c:/st/stm32cubeide_1.10.1/stm32cubeide/plugins/com.st.stm32cube.ide.mcu.externaltools.gnu-tools-for-stm32.10.3-2021.10.win32_1.0.0.202111181127/tools/bin/../lib/gcc/arm-none-eabi/10.3.1/thumb/v7e-m+fp/hard/crti.o
                0x0000000008007fcc                _fini
 .fini          0x0000000008007fd0        0x8 c:/st/stm32cubeide_1.10.1/stm32cubeide/plugins/com.st.stm32cube.ide.mcu.externaltools.gnu-tools-for-stm32.10.3-2021.10.win32_1.0.0.202111181127/tools/bin/../lib/gcc/arm-none-eabi/10.3.1/thumb/v7e-m+fp/hard/crtn.o
                0x0000000008007fd8                . = ALIGN (0x4)
                0x0000000008007fd8                _etext = .

.vfp11_veneer   0x0000000008007fd8        0x0
 .vfp11_veneer  0x0000000008007fd8        0x0 linker stubs

.v4_bx          0x0000000008007fd8        0x0
 .v4_bx         0x0000000008007fd8        0x0 linker stubs

.iplt           0x0000000008007fd8        0x0
 .iplt          0x0000000008007fd8        0x0 c:/st/stm32cubeide_1.10.1/stm32cubeide/plugins/com.st.stm32cube.ide.mcu.externaltools.gnu-tools-for-stm32.10.3-2021.10.win32_1.0.0.202111181127/tools/bin/../lib/gcc/arm-none-eabi/10.3.1/thumb/v7e-m+fp/hard/crtbegin.o

.rodata         0x0000000008007fd8       0xb8
                0x0000000008007fd8                . = ALIGN (0x4)
 *(.rodata)
 .rodata        0x0000000008007fd8        0xc ./Core/Src/freertos.o
 .rodata        0x0000000008007fe4        0x5 ./Middlewares/Third_Party/FreeRTOS/Source/tasks.o
 *fill*         0x0000000008007fe9        0x3 
 .rodata        0x0000000008007fec        0xd ./Middlewares/Third_Party/FreeRTOS/Source/timers.o
 *(.rodata*)
 *fill*         0x0000000008007ff9        0x3 
 .rodata.defaultTask_attributes
                0x0000000008007ffc       0x24 ./Core/Src/freertos.o
                0x0000000008007ffc                defaultTask_attributes
 .rodata.AHBPrescTable
                0x0000000008008020       0x10 ./Core/Src/system_stm32l4xx.o
                0x0000000008008020                AHBPrescTable
 .rodata.APBPrescTable
                0x0000000008008030        0x8 ./Core/Src/system_stm32l4xx.o
                0x0000000008008030                APBPrescTable
 .rodata.MSIRangeTable
                0x0000000008008038       0x30 ./Core/Src/system_stm32l4xx.o
                0x0000000008008038                MSIRangeTable
 .rodata.UARTPrescTable
                0x0000000008008068       0x18 ./Drivers/STM32L4xx_HAL_Driver/Src/stm32l4xx_hal_uart.o
                0x0000000008008068                UARTPrescTable
 .rodata.numerator.1
                0x0000000008008080        0x8 ./Drivers/STM32L4xx_HAL_Driver/Src/stm32l4xx_hal_uart_ex.o
 .rodata.denominator.0
                0x0000000008008088        0x8 ./Drivers/STM32L4xx_HAL_Driver/Src/stm32l4xx_hal_uart_ex.o
                0x0000000008008090                . = ALIGN (0x4)

.ARM.extab      0x0000000008008090        0x0
                0x0000000008008090                . = ALIGN (0x4)
 *(.ARM.extab* .gnu.linkonce.armextab.*)
                0x0000000008008090                . = ALIGN (0x4)

.ARM            0x0000000008008090        0x8
                0x0000000008008090                . = ALIGN (0x4)
                0x0000000008008090                __exidx_start = .
 *(.ARM.exidx*)
 .ARM.exidx     0x0000000008008090        0x8 c:/st/stm32cubeide_1.10.1/stm32cubeide/plugins/com.st.stm32cube.ide.mcu.externaltools.gnu-tools-for-stm32.10.3-2021.10.win32_1.0.0.202111181127/tools/bin/../lib/gcc/arm-none-eabi/10.3.1/thumb/v7e-m+fp/hard\libgcc.a(_udivmoddi4.o)
                0x0000000008008098                __exidx_end = .
                0x0000000008008098                . = ALIGN (0x4)

.rel.dyn        0x0000000008008098        0x0
 .rel.iplt      0x0000000008008098        0x0 c:/st/stm32cubeide_1.10.1/stm32cubeide/plugins/com.st.stm32cube.ide.mcu.externaltools.gnu-tools-for-stm32.10.3-2021.10.win32_1.0.0.202111181127/tools/bin/../lib/gcc/arm-none-eabi/10.3.1/thumb/v7e-m+fp/hard/crtbegin.o

.preinit_array  0x0000000008008098        0x0
                0x0000000008008098                . = ALIGN (0x4)
                0x0000000008008098                PROVIDE (__preinit_array_start = .)
 *(.preinit_array*)
                0x0000000008008098                PROVIDE (__preinit_array_end = .)
                0x0000000008008098                . = ALIGN (0x4)

.init_array     0x0000000008008098        0x4
                0x0000000008008098                . = ALIGN (0x4)
                0x0000000008008098                PROVIDE (__init_array_start = .)
 *(SORT_BY_NAME(.init_array.*))
 *(.init_array*)
 .init_array    0x0000000008008098        0x4 c:/st/stm32cubeide_1.10.1/stm32cubeide/plugins/com.st.stm32cube.ide.mcu.externaltools.gnu-tools-for-stm32.10.3-2021.10.win32_1.0.0.202111181127/tools/bin/../lib/gcc/arm-none-eabi/10.3.1/thumb/v7e-m+fp/hard/crtbegin.o
                0x000000000800809c                PROVIDE (__init_array_end = .)
                0x000000000800809c                . = ALIGN (0x4)

.fini_array     0x000000000800809c        0x4
                0x000000000800809c                . = ALIGN (0x4)
                [!provide]                        PROVIDE (__fini_array_start = .)
 *(SORT_BY_NAME(.fini_array.*))
 *(.fini_array*)
 .fini_array    0x000000000800809c        0x4 c:/st/stm32cubeide_1.10.1/stm32cubeide/plugins/com.st.stm32cube.ide.mcu.externaltools.gnu-tools-for-stm32.10.3-2021.10.win32_1.0.0.202111181127/tools/bin/../lib/gcc/arm-none-eabi/10.3.1/thumb/v7e-m+fp/hard/crtbegin.o
                [!provide]                        PROVIDE (__fini_array_end = .)
                0x00000000080080a0                . = ALIGN (0x4)
                0x00000000080080a0                _sidata = LOADADDR (.data)

.data           0x0000000020000000       0x10 load address 0x00000000080080a0
                0x0000000020000000                . = ALIGN (0x4)
                0x0000000020000000                _sdata = .
 *(.data)
 *(.data*)
 .data.SystemCoreClock
                0x0000000020000000        0x4 ./Core/Src/system_stm32l4xx.o
                0x0000000020000000                SystemCoreClock
 .data.uwTickPrio
                0x0000000020000004        0x4 ./Drivers/STM32L4xx_HAL_Driver/Src/stm32l4xx_hal.o
                0x0000000020000004                uwTickPrio
 .data.uwTickFreq
                0x0000000020000008        0x1 ./Drivers/STM32L4xx_HAL_Driver/Src/stm32l4xx_hal.o
                0x0000000020000008                uwTickFreq
 *fill*         0x0000000020000009        0x3 
 .data.uxCriticalNesting
                0x000000002000000c        0x4 ./Middlewares/Third_Party/FreeRTOS/Source/portable/GCC/ARM_CM4F/port.o
 *(.RamFunc)
 *(.RamFunc*)
                0x0000000020000010                . = ALIGN (0x4)
                0x0000000020000010                _edata = .

.igot.plt       0x0000000020000010        0x0 load address 0x00000000080080b0
 .igot.plt      0x0000000020000010        0x0 c:/st/stm32cubeide_1.10.1/stm32cubeide/plugins/com.st.stm32cube.ide.mcu.externaltools.gnu-tools-for-stm32.10.3-2021.10.win32_1.0.0.202111181127/tools/bin/../lib/gcc/arm-none-eabi/10.3.1/thumb/v7e-m+fp/hard/crtbegin.o
                0x0000000020000010                . = ALIGN (0x4)

.bss            0x0000000020000010     0x1c58 load address 0x00000000080080b0
                0x0000000020000010                _sbss = .
                0x0000000020000010                __bss_start__ = _sbss
 *(.bss)
 .bss           0x0000000020000010       0x1c c:/st/stm32cubeide_1.10.1/stm32cubeide/plugins/com.st.stm32cube.ide.mcu.externaltools.gnu-tools-for-stm32.10.3-2021.10.win32_1.0.0.202111181127/tools/bin/../lib/gcc/arm-none-eabi/10.3.1/thumb/v7e-m+fp/hard/crtbegin.o
 *(.bss*)
 .bss.defaultTaskHandle
                0x000000002000002c        0x4 ./Core/Src/freertos.o
                0x000000002000002c                defaultTaskHandle
 .bss.hspi1     0x0000000020000030       0x64 ./Core/Src/spi.o
                0x0000000020000030                hspi1
 .bss.hspi3     0x0000000020000094       0x64 ./Core/Src/spi.o
                0x0000000020000094                hspi3
 .bss.htim1     0x00000000200000f8       0x4c ./Core/Src/tim.o
                0x00000000200000f8                htim1
 .bss.htim2     0x0000000020000144       0x4c ./Core/Src/tim.o
                0x0000000020000144                htim2
 .bss.htim5     0x0000000020000190       0x4c ./Core/Src/tim.o
                0x0000000020000190                htim5
 .bss.hdma_tim1_ch1
                0x00000000200001dc       0x60 ./Core/Src/tim.o
                0x00000000200001dc                hdma_tim1_ch1
 .bss.huart1    0x000000002000023c       0x90 ./Core/Src/usart.o
                0x000000002000023c                huart1
 .bss.huart2    0x00000000200002cc       0x90 ./Core/Src/usart.o
                0x00000000200002cc                huart2
 .bss.uwTick    0x000000002000035c        0x4 ./Drivers/STM32L4xx_HAL_Driver/Src/stm32l4xx_hal.o
                0x000000002000035c                uwTick
 .bss.KernelState
                0x0000000020000360        0x4 ./Middlewares/Third_Party/FreeRTOS/Source/CMSIS_RTOS_V2/cmsis_os2.o
 .bss.Idle_TCB.3
                0x0000000020000364       0x5c ./Middlewares/Third_Party/FreeRTOS/Source/CMSIS_RTOS_V2/cmsis_os2.o
 .bss.Idle_Stack.2
                0x00000000200003c0      0x200 ./Middlewares/Third_Party/FreeRTOS/Source/CMSIS_RTOS_V2/cmsis_os2.o
 .bss.Timer_TCB.1
                0x00000000200005c0       0x5c ./Middlewares/Third_Party/FreeRTOS/Source/CMSIS_RTOS_V2/cmsis_os2.o
 .bss.Timer_Stack.0
                0x000000002000061c      0x400 ./Middlewares/Third_Party/FreeRTOS/Source/CMSIS_RTOS_V2/cmsis_os2.o
 .bss.xQueueRegistry
                0x0000000020000a1c       0x40 ./Middlewares/Third_Party/FreeRTOS/Source/queue.o
                0x0000000020000a1c                xQueueRegistry
 .bss.pxCurrentTCB
                0x0000000020000a5c        0x4 ./Middlewares/Third_Party/FreeRTOS/Source/tasks.o
                0x0000000020000a5c                pxCurrentTCB
 .bss.pxReadyTasksLists
                0x0000000020000a60      0x460 ./Middlewares/Third_Party/FreeRTOS/Source/tasks.o
 .bss.xDelayedTaskList1
                0x0000000020000ec0       0x14 ./Middlewares/Third_Party/FreeRTOS/Source/tasks.o
 .bss.xDelayedTaskList2
                0x0000000020000ed4       0x14 ./Middlewares/Third_Party/FreeRTOS/Source/tasks.o
 .bss.pxDelayedTaskList
                0x0000000020000ee8        0x4 ./Middlewares/Third_Party/FreeRTOS/Source/tasks.o
 .bss.pxOverflowDelayedTaskList
                0x0000000020000eec        0x4 ./Middlewares/Third_Party/FreeRTOS/Source/tasks.o
 .bss.xPendingReadyList
                0x0000000020000ef0       0x14 ./Middlewares/Third_Party/FreeRTOS/Source/tasks.o
 .bss.xTasksWaitingTermination
                0x0000000020000f04       0x14 ./Middlewares/Third_Party/FreeRTOS/Source/tasks.o
 .bss.uxDeletedTasksWaitingCleanUp
                0x0000000020000f18        0x4 ./Middlewares/Third_Party/FreeRTOS/Source/tasks.o
 .bss.xSuspendedTaskList
                0x0000000020000f1c       0x14 ./Middlewares/Third_Party/FreeRTOS/Source/tasks.o
 .bss.uxCurrentNumberOfTasks
                0x0000000020000f30        0x4 ./Middlewares/Third_Party/FreeRTOS/Source/tasks.o
 .bss.xTickCount
                0x0000000020000f34        0x4 ./Middlewares/Third_Party/FreeRTOS/Source/tasks.o
 .bss.uxTopReadyPriority
                0x0000000020000f38        0x4 ./Middlewares/Third_Party/FreeRTOS/Source/tasks.o
 .bss.xSchedulerRunning
                0x0000000020000f3c        0x4 ./Middlewares/Third_Party/FreeRTOS/Source/tasks.o
 .bss.xPendedTicks
                0x0000000020000f40        0x4 ./Middlewares/Third_Party/FreeRTOS/Source/tasks.o
 .bss.xYieldPending
                0x0000000020000f44        0x4 ./Middlewares/Third_Party/FreeRTOS/Source/tasks.o
 .bss.xNumOfOverflows
                0x0000000020000f48        0x4 ./Middlewares/Third_Party/FreeRTOS/Source/tasks.o
 .bss.uxTaskNumber
                0x0000000020000f4c        0x4 ./Middlewares/Third_Party/FreeRTOS/Source/tasks.o
 .bss.xNextTaskUnblockTime
                0x0000000020000f50        0x4 ./Middlewares/Third_Party/FreeRTOS/Source/tasks.o
 .bss.xIdleTaskHandle
                0x0000000020000f54        0x4 ./Middlewares/Third_Party/FreeRTOS/Source/tasks.o
 .bss.uxSchedulerSuspended
                0x0000000020000f58        0x4 ./Middlewares/Third_Party/FreeRTOS/Source/tasks.o
 .bss.xActiveTimerList1
                0x0000000020000f5c       0x14 ./Middlewares/Third_Party/FreeRTOS/Source/timers.o
 .bss.xActiveTimerList2
                0x0000000020000f70       0x14 ./Middlewares/Third_Party/FreeRTOS/Source/timers.o
 .bss.pxCurrentTimerList
                0x0000000020000f84        0x4 ./Middlewares/Third_Party/FreeRTOS/Source/timers.o
 .bss.pxOverflowTimerList
                0x0000000020000f88        0x4 ./Middlewares/Third_Party/FreeRTOS/Source/timers.o
 .bss.xTimerQueue
                0x0000000020000f8c        0x4 ./Middlewares/Third_Party/FreeRTOS/Source/timers.o
 .bss.xTimerTaskHandle
                0x0000000020000f90        0x4 ./Middlewares/Third_Party/FreeRTOS/Source/timers.o
 .bss.xLastTime.2
                0x0000000020000f94        0x4 ./Middlewares/Third_Party/FreeRTOS/Source/timers.o
 .bss.ucStaticTimerQueueStorage.1
                0x0000000020000f98       0xa0 ./Middlewares/Third_Party/FreeRTOS/Source/timers.o
 .bss.xStaticTimerQueue.0
                0x0000000020001038       0x50 ./Middlewares/Third_Party/FreeRTOS/Source/timers.o
 .bss.ucMaxSysCallPriority
                0x0000000020001088        0x1 ./Middlewares/Third_Party/FreeRTOS/Source/portable/GCC/ARM_CM4F/port.o
 *fill*         0x0000000020001089        0x3 
 .bss.ulMaxPRIGROUPValue
                0x000000002000108c        0x4 ./Middlewares/Third_Party/FreeRTOS/Source/portable/GCC/ARM_CM4F/port.o
 .bss.ucHeap    0x0000000020001090      0xbb8 ./Middlewares/Third_Party/FreeRTOS/Source/portable/MemMang/heap_4.o
 .bss.xStart    0x0000000020001c48        0x8 ./Middlewares/Third_Party/FreeRTOS/Source/portable/MemMang/heap_4.o
 .bss.pxEnd     0x0000000020001c50        0x4 ./Middlewares/Third_Party/FreeRTOS/Source/portable/MemMang/heap_4.o
 .bss.xFreeBytesRemaining
                0x0000000020001c54        0x4 ./Middlewares/Third_Party/FreeRTOS/Source/portable/MemMang/heap_4.o
 .bss.xMinimumEverFreeBytesRemaining
                0x0000000020001c58        0x4 ./Middlewares/Third_Party/FreeRTOS/Source/portable/MemMang/heap_4.o
 .bss.xNumberOfSuccessfulAllocations
                0x0000000020001c5c        0x4 ./Middlewares/Third_Party/FreeRTOS/Source/portable/MemMang/heap_4.o
 .bss.xNumberOfSuccessfulFrees
                0x0000000020001c60        0x4 ./Middlewares/Third_Party/FreeRTOS/Source/portable/MemMang/heap_4.o
 .bss.xBlockAllocatedBit
                0x0000000020001c64        0x4 ./Middlewares/Third_Party/FreeRTOS/Source/portable/MemMang/heap_4.o
 *(COMMON)
                0x0000000020001c68                . = ALIGN (0x4)
                0x0000000020001c68                _ebss = .
                0x0000000020001c68                __bss_end__ = _ebss

._user_heap_stack
                0x0000000020001c68      0x600 load address 0x00000000080080b0
                0x0000000020001c68                . = ALIGN (0x8)
                [!provide]                        PROVIDE (end = .)
                0x0000000020001c68                PROVIDE (_end = .)
                0x0000000020001e68                . = (. + _Min_Heap_Size)
 *fill*         0x0000000020001c68      0x200 
                0x0000000020002268                . = (. + _Min_Stack_Size)
 *fill*         0x0000000020001e68      0x400 
                0x0000000020002268                . = ALIGN (0x8)

/DISCARD/
 libc.a(*)
 libm.a(*)
 libgcc.a(*)

.ARM.attributes
                0x0000000000000000       0x30
 *(.ARM.attributes)
 .ARM.attributes
                0x0000000000000000       0x1e c:/st/stm32cubeide_1.10.1/stm32cubeide/plugins/com.st.stm32cube.ide.mcu.externaltools.gnu-tools-for-stm32.10.3-2021.10.win32_1.0.0.202111181127/tools/bin/../lib/gcc/arm-none-eabi/10.3.1/thumb/v7e-m+fp/hard/crti.o
 .ARM.attributes
                0x000000000000001e       0x34 c:/st/stm32cubeide_1.10.1/stm32cubeide/plugins/com.st.stm32cube.ide.mcu.externaltools.gnu-tools-for-stm32.10.3-2021.10.win32_1.0.0.202111181127/tools/bin/../lib/gcc/arm-none-eabi/10.3.1/thumb/v7e-m+fp/hard/crtbegin.o
 .ARM.attributes
                0x0000000000000052       0x34 ./Core/Src/dma.o
 .ARM.attributes
                0x0000000000000086       0x34 ./Core/Src/freertos.o
 .ARM.attributes
                0x00000000000000ba       0x34 ./Core/Src/gpio.o
 .ARM.attributes
                0x00000000000000ee       0x34 ./Core/Src/main.o
 .ARM.attributes
                0x0000000000000122       0x34 ./Core/Src/spi.o
 .ARM.attributes
                0x0000000000000156       0x34 ./Core/Src/stm32l4xx_hal_msp.o
 .ARM.attributes
                0x000000000000018a       0x34 ./Core/Src/stm32l4xx_it.o
 .ARM.attributes
                0x00000000000001be       0x34 ./Core/Src/system_stm32l4xx.o
 .ARM.attributes
                0x00000000000001f2       0x34 ./Core/Src/tim.o
 .ARM.attributes
                0x0000000000000226       0x34 ./Core/Src/usart.o
 .ARM.attributes
                0x000000000000025a       0x21 ./Core/Startup/startup_stm32l4p5cgtx.o
 .ARM.attributes
                0x000000000000027b       0x34 ./Drivers/STM32L4xx_HAL_Driver/Src/stm32l4xx_hal.o
 .ARM.attributes
                0x00000000000002af       0x34 ./Drivers/STM32L4xx_HAL_Driver/Src/stm32l4xx_hal_cortex.o
 .ARM.attributes
                0x00000000000002e3       0x34 ./Drivers/STM32L4xx_HAL_Driver/Src/stm32l4xx_hal_dma.o
 .ARM.attributes
                0x0000000000000317       0x34 ./Drivers/STM32L4xx_HAL_Driver/Src/stm32l4xx_hal_gpio.o
 .ARM.attributes
                0x000000000000034b       0x34 ./Drivers/STM32L4xx_HAL_Driver/Src/stm32l4xx_hal_pwr_ex.o
 .ARM.attributes
                0x000000000000037f       0x34 ./Drivers/STM32L4xx_HAL_Driver/Src/stm32l4xx_hal_rcc.o
 .ARM.attributes
                0x00000000000003b3       0x34 ./Drivers/STM32L4xx_HAL_Driver/Src/stm32l4xx_hal_rcc_ex.o
 .ARM.attributes
                0x00000000000003e7       0x34 ./Drivers/STM32L4xx_HAL_Driver/Src/stm32l4xx_hal_spi.o
 .ARM.attributes
                0x000000000000041b       0x34 ./Drivers/STM32L4xx_HAL_Driver/Src/stm32l4xx_hal_tim.o
 .ARM.attributes
                0x000000000000044f       0x34 ./Drivers/STM32L4xx_HAL_Driver/Src/stm32l4xx_hal_tim_ex.o
 .ARM.attributes
                0x0000000000000483       0x34 ./Drivers/STM32L4xx_HAL_Driver/Src/stm32l4xx_hal_uart.o
 .ARM.attributes
                0x00000000000004b7       0x34 ./Drivers/STM32L4xx_HAL_Driver/Src/stm32l4xx_hal_uart_ex.o
 .ARM.attributes
                0x00000000000004eb       0x34 ./Middlewares/Third_Party/FreeRTOS/Source/CMSIS_RTOS_V2/cmsis_os2.o
 .ARM.attributes
                0x000000000000051f       0x34 ./Middlewares/Third_Party/FreeRTOS/Source/list.o
 .ARM.attributes
                0x0000000000000553       0x34 ./Middlewares/Third_Party/FreeRTOS/Source/queue.o
 .ARM.attributes
                0x0000000000000587       0x34 ./Middlewares/Third_Party/FreeRTOS/Source/tasks.o
 .ARM.attributes
                0x00000000000005bb       0x34 ./Middlewares/Third_Party/FreeRTOS/Source/timers.o
 .ARM.attributes
                0x00000000000005ef       0x34 ./Middlewares/Third_Party/FreeRTOS/Source/portable/GCC/ARM_CM4F/port.o
 .ARM.attributes
                0x0000000000000623       0x34 ./Middlewares/Third_Party/FreeRTOS/Source/portable/MemMang/heap_4.o
 .ARM.attributes
                0x0000000000000657       0x34 c:/st/stm32cubeide_1.10.1/stm32cubeide/plugins/com.st.stm32cube.ide.mcu.externaltools.gnu-tools-for-stm32.10.3-2021.10.win32_1.0.0.202111181127/tools/bin/../lib/gcc/arm-none-eabi/10.3.1/../../../../arm-none-eabi/lib/thumb/v7e-m+fp/hard\libc_nano.a(lib_a-init.o)
 .ARM.attributes
                0x000000000000068b       0x34 c:/st/stm32cubeide_1.10.1/stm32cubeide/plugins/com.st.stm32cube.ide.mcu.externaltools.gnu-tools-for-stm32.10.3-2021.10.win32_1.0.0.202111181127/tools/bin/../lib/gcc/arm-none-eabi/10.3.1/../../../../arm-none-eabi/lib/thumb/v7e-m+fp/hard\libc_nano.a(lib_a-memcpy-stub.o)
 .ARM.attributes
                0x00000000000006bf       0x34 c:/st/stm32cubeide_1.10.1/stm32cubeide/plugins/com.st.stm32cube.ide.mcu.externaltools.gnu-tools-for-stm32.10.3-2021.10.win32_1.0.0.202111181127/tools/bin/../lib/gcc/arm-none-eabi/10.3.1/../../../../arm-none-eabi/lib/thumb/v7e-m+fp/hard\libc_nano.a(lib_a-memset.o)
 .ARM.attributes
                0x00000000000006f3       0x1e c:/st/stm32cubeide_1.10.1/stm32cubeide/plugins/com.st.stm32cube.ide.mcu.externaltools.gnu-tools-for-stm32.10.3-2021.10.win32_1.0.0.202111181127/tools/bin/../lib/gcc/arm-none-eabi/10.3.1/thumb/v7e-m+fp/hard\libgcc.a(_aeabi_uldivmod.o)
 .ARM.attributes
                0x0000000000000711       0x34 c:/st/stm32cubeide_1.10.1/stm32cubeide/plugins/com.st.stm32cube.ide.mcu.externaltools.gnu-tools-for-stm32.10.3-2021.10.win32_1.0.0.202111181127/tools/bin/../lib/gcc/arm-none-eabi/10.3.1/thumb/v7e-m+fp/hard\libgcc.a(_udivmoddi4.o)
 .ARM.attributes
                0x0000000000000745       0x1e c:/st/stm32cubeide_1.10.1/stm32cubeide/plugins/com.st.stm32cube.ide.mcu.externaltools.gnu-tools-for-stm32.10.3-2021.10.win32_1.0.0.202111181127/tools/bin/../lib/gcc/arm-none-eabi/10.3.1/thumb/v7e-m+fp/hard\libgcc.a(_dvmd_tls.o)
 .ARM.attributes
                0x0000000000000763       0x1e c:/st/stm32cubeide_1.10.1/stm32cubeide/plugins/com.st.stm32cube.ide.mcu.externaltools.gnu-tools-for-stm32.10.3-2021.10.win32_1.0.0.202111181127/tools/bin/../lib/gcc/arm-none-eabi/10.3.1/thumb/v7e-m+fp/hard/crtn.o
OUTPUT(C3V1_InDoorWeatherStation.elf elf32-littlearm)
LOAD linker stubs
LOAD c:/st/stm32cubeide_1.10.1/stm32cubeide/plugins/com.st.stm32cube.ide.mcu.externaltools.gnu-tools-for-stm32.10.3-2021.10.win32_1.0.0.202111181127/tools/bin/../lib/gcc/arm-none-eabi/10.3.1/../../../../arm-none-eabi/lib/thumb/v7e-m+fp/hard\libc.a
LOAD c:/st/stm32cubeide_1.10.1/stm32cubeide/plugins/com.st.stm32cube.ide.mcu.externaltools.gnu-tools-for-stm32.10.3-2021.10.win32_1.0.0.202111181127/tools/bin/../lib/gcc/arm-none-eabi/10.3.1/../../../../arm-none-eabi/lib/thumb/v7e-m+fp/hard\libm.a
LOAD c:/st/stm32cubeide_1.10.1/stm32cubeide/plugins/com.st.stm32cube.ide.mcu.externaltools.gnu-tools-for-stm32.10.3-2021.10.win32_1.0.0.202111181127/tools/bin/../lib/gcc/arm-none-eabi/10.3.1/thumb/v7e-m+fp/hard\libgcc.a

.debug_info     0x0000000000000000    0x1fe0d
 .debug_info    0x0000000000000000      0x5c5 ./Core/Src/dma.o
 .debug_info    0x00000000000005c5      0x3ac ./Core/Src/freertos.o
 .debug_info    0x0000000000000971      0x4fc ./Core/Src/gpio.o
 .debug_info    0x0000000000000e6d      0x3db ./Core/Src/main.o
 .debug_info    0x0000000000001248      0xbe3 ./Core/Src/spi.o
 .debug_info    0x0000000000001e2b      0x5b2 ./Core/Src/stm32l4xx_hal_msp.o
 .debug_info    0x00000000000023dd      0x4d0 ./Core/Src/stm32l4xx_it.o
 .debug_info    0x00000000000028ad      0x5fe ./Core/Src/system_stm32l4xx.o
 .debug_info    0x0000000000002eab     0x11c2 ./Core/Src/tim.o
 .debug_info    0x000000000000406d      0xf88 ./Core/Src/usart.o
 .debug_info    0x0000000000004ff5       0x22 ./Core/Startup/startup_stm32l4p5cgtx.o
 .debug_info    0x0000000000005017      0xb99 ./Drivers/STM32L4xx_HAL_Driver/Src/stm32l4xx_hal.o
 .debug_info    0x0000000000005bb0      0xe3f ./Drivers/STM32L4xx_HAL_Driver/Src/stm32l4xx_hal_cortex.o
 .debug_info    0x00000000000069ef      0x8ce ./Drivers/STM32L4xx_HAL_Driver/Src/stm32l4xx_hal_dma.o
 .debug_info    0x00000000000072bd      0x859 ./Drivers/STM32L4xx_HAL_Driver/Src/stm32l4xx_hal_gpio.o
 .debug_info    0x0000000000007b16      0xa84 ./Drivers/STM32L4xx_HAL_Driver/Src/stm32l4xx_hal_pwr_ex.o
 .debug_info    0x000000000000859a      0xe72 ./Drivers/STM32L4xx_HAL_Driver/Src/stm32l4xx_hal_rcc.o
 .debug_info    0x000000000000940c     0x1200 ./Drivers/STM32L4xx_HAL_Driver/Src/stm32l4xx_hal_rcc_ex.o
 .debug_info    0x000000000000a60c     0x189c ./Drivers/STM32L4xx_HAL_Driver/Src/stm32l4xx_hal_spi.o
 .debug_info    0x000000000000bea8     0x2e1e ./Drivers/STM32L4xx_HAL_Driver/Src/stm32l4xx_hal_tim.o
 .debug_info    0x000000000000ecc6     0x1905 ./Drivers/STM32L4xx_HAL_Driver/Src/stm32l4xx_hal_tim_ex.o
 .debug_info    0x00000000000105cb     0x495e ./Drivers/STM32L4xx_HAL_Driver/Src/stm32l4xx_hal_uart.o
 .debug_info    0x0000000000014f29     0x1032 ./Drivers/STM32L4xx_HAL_Driver/Src/stm32l4xx_hal_uart_ex.o
 .debug_info    0x0000000000015f5b     0x3c3c ./Middlewares/Third_Party/FreeRTOS/Source/CMSIS_RTOS_V2/cmsis_os2.o
 .debug_info    0x0000000000019b97      0x2d1 ./Middlewares/Third_Party/FreeRTOS/Source/list.o
 .debug_info    0x0000000000019e68     0x1cbf ./Middlewares/Third_Party/FreeRTOS/Source/queue.o
 .debug_info    0x000000000001bb27     0x2362 ./Middlewares/Third_Party/FreeRTOS/Source/tasks.o
 .debug_info    0x000000000001de89     0x1572 ./Middlewares/Third_Party/FreeRTOS/Source/timers.o
 .debug_info    0x000000000001f3fb      0x507 ./Middlewares/Third_Party/FreeRTOS/Source/portable/GCC/ARM_CM4F/port.o
 .debug_info    0x000000000001f902      0x50b ./Middlewares/Third_Party/FreeRTOS/Source/portable/MemMang/heap_4.o

.debug_abbrev   0x0000000000000000     0x40b2
 .debug_abbrev  0x0000000000000000      0x103 ./Core/Src/dma.o
 .debug_abbrev  0x0000000000000103      0x122 ./Core/Src/freertos.o
 .debug_abbrev  0x0000000000000225      0x146 ./Core/Src/gpio.o
 .debug_abbrev  0x000000000000036b      0x171 ./Core/Src/main.o
 .debug_abbrev  0x00000000000004dc      0x1e0 ./Core/Src/spi.o
 .debug_abbrev  0x00000000000006bc      0x103 ./Core/Src/stm32l4xx_hal_msp.o
 .debug_abbrev  0x00000000000007bf      0x187 ./Core/Src/stm32l4xx_it.o
 .debug_abbrev  0x0000000000000946      0x116 ./Core/Src/system_stm32l4xx.o
 .debug_abbrev  0x0000000000000a5c      0x24b ./Core/Src/tim.o
 .debug_abbrev  0x0000000000000ca7      0x1fe ./Core/Src/usart.o
 .debug_abbrev  0x0000000000000ea5       0x12 ./Core/Startup/startup_stm32l4p5cgtx.o
 .debug_abbrev  0x0000000000000eb7      0x23a ./Drivers/STM32L4xx_HAL_Driver/Src/stm32l4xx_hal.o
 .debug_abbrev  0x00000000000010f1      0x316 ./Drivers/STM32L4xx_HAL_Driver/Src/stm32l4xx_hal_cortex.o
 .debug_abbrev  0x0000000000001407      0x1d7 ./Drivers/STM32L4xx_HAL_Driver/Src/stm32l4xx_hal_dma.o
 .debug_abbrev  0x00000000000015de      0x1bb ./Drivers/STM32L4xx_HAL_Driver/Src/stm32l4xx_hal_gpio.o
 .debug_abbrev  0x0000000000001799      0x1f3 ./Drivers/STM32L4xx_HAL_Driver/Src/stm32l4xx_hal_pwr_ex.o
 .debug_abbrev  0x000000000000198c      0x315 ./Drivers/STM32L4xx_HAL_Driver/Src/stm32l4xx_hal_rcc.o
 .debug_abbrev  0x0000000000001ca1      0x299 ./Drivers/STM32L4xx_HAL_Driver/Src/stm32l4xx_hal_rcc_ex.o
 .debug_abbrev  0x0000000000001f3a      0x254 ./Drivers/STM32L4xx_HAL_Driver/Src/stm32l4xx_hal_spi.o
 .debug_abbrev  0x000000000000218e      0x264 ./Drivers/STM32L4xx_HAL_Driver/Src/stm32l4xx_hal_tim.o
 .debug_abbrev  0x00000000000023f2      0x26c ./Drivers/STM32L4xx_HAL_Driver/Src/stm32l4xx_hal_tim_ex.o
 .debug_abbrev  0x000000000000265e      0x2f0 ./Drivers/STM32L4xx_HAL_Driver/Src/stm32l4xx_hal_uart.o
 .debug_abbrev  0x000000000000294e      0x2bd ./Drivers/STM32L4xx_HAL_Driver/Src/stm32l4xx_hal_uart_ex.o
 .debug_abbrev  0x0000000000002c0b      0x4e6 ./Middlewares/Third_Party/FreeRTOS/Source/CMSIS_RTOS_V2/cmsis_os2.o
 .debug_abbrev  0x00000000000030f1       0xf2 ./Middlewares/Third_Party/FreeRTOS/Source/list.o
 .debug_abbrev  0x00000000000031e3      0x3a1 ./Middlewares/Third_Party/FreeRTOS/Source/queue.o
 .debug_abbrev  0x0000000000003584      0x37d ./Middlewares/Third_Party/FreeRTOS/Source/tasks.o
 .debug_abbrev  0x0000000000003901      0x346 ./Middlewares/Third_Party/FreeRTOS/Source/timers.o
 .debug_abbrev  0x0000000000003c47      0x259 ./Middlewares/Third_Party/FreeRTOS/Source/portable/GCC/ARM_CM4F/port.o
 .debug_abbrev  0x0000000000003ea0      0x212 ./Middlewares/Third_Party/FreeRTOS/Source/portable/MemMang/heap_4.o

.debug_aranges  0x0000000000000000     0x1ab0
 .debug_aranges
                0x0000000000000000       0x20 ./Core/Src/dma.o
 .debug_aranges
                0x0000000000000020       0x28 ./Core/Src/freertos.o
 .debug_aranges
                0x0000000000000048       0x20 ./Core/Src/gpio.o
 .debug_aranges
                0x0000000000000068       0x30 ./Core/Src/main.o
 .debug_aranges
                0x0000000000000098       0x38 ./Core/Src/spi.o
 .debug_aranges
                0x00000000000000d0       0x20 ./Core/Src/stm32l4xx_hal_msp.o
 .debug_aranges
                0x00000000000000f0       0x58 ./Core/Src/stm32l4xx_it.o
 .debug_aranges
                0x0000000000000148       0x28 ./Core/Src/system_stm32l4xx.o
 .debug_aranges
                0x0000000000000170       0x58 ./Core/Src/tim.o
 .debug_aranges
                0x00000000000001c8       0x38 ./Core/Src/usart.o
 .debug_aranges
                0x0000000000000200       0x28 ./Core/Startup/startup_stm32l4p5cgtx.o
 .debug_aranges
                0x0000000000000228      0x130 ./Drivers/STM32L4xx_HAL_Driver/Src/stm32l4xx_hal.o
 .debug_aranges
                0x0000000000000358      0x118 ./Drivers/STM32L4xx_HAL_Driver/Src/stm32l4xx_hal_cortex.o
 .debug_aranges
                0x0000000000000470       0x90 ./Drivers/STM32L4xx_HAL_Driver/Src/stm32l4xx_hal_dma.o
 .debug_aranges
                0x0000000000000500       0x58 ./Drivers/STM32L4xx_HAL_Driver/Src/stm32l4xx_hal_gpio.o
 .debug_aranges
                0x0000000000000558      0x180 ./Drivers/STM32L4xx_HAL_Driver/Src/stm32l4xx_hal_pwr_ex.o
 .debug_aranges
                0x00000000000006d8       0x98 ./Drivers/STM32L4xx_HAL_Driver/Src/stm32l4xx_hal_rcc.o
 .debug_aranges
                0x0000000000000770      0x110 ./Drivers/STM32L4xx_HAL_Driver/Src/stm32l4xx_hal_rcc_ex.o
 .debug_aranges
                0x0000000000000880      0x1d8 ./Drivers/STM32L4xx_HAL_Driver/Src/stm32l4xx_hal_spi.o
 .debug_aranges
                0x0000000000000a58      0x3e0 ./Drivers/STM32L4xx_HAL_Driver/Src/stm32l4xx_hal_tim.o
 .debug_aranges
                0x0000000000000e38      0x180 ./Drivers/STM32L4xx_HAL_Driver/Src/stm32l4xx_hal_tim_ex.o
 .debug_aranges
                0x0000000000000fb8      0x248 ./Drivers/STM32L4xx_HAL_Driver/Src/stm32l4xx_hal_uart.o
 .debug_aranges
                0x0000000000001200       0xa0 ./Drivers/STM32L4xx_HAL_Driver/Src/stm32l4xx_hal_uart_ex.o
 .debug_aranges
                0x00000000000012a0      0x2a8 ./Middlewares/Third_Party/FreeRTOS/Source/CMSIS_RTOS_V2/cmsis_os2.o
 .debug_aranges
                0x0000000000001548       0x40 ./Middlewares/Third_Party/FreeRTOS/Source/list.o
 .debug_aranges
                0x0000000000001588      0x158 ./Middlewares/Third_Party/FreeRTOS/Source/queue.o
 .debug_aranges
                0x00000000000016e0      0x208 ./Middlewares/Third_Party/FreeRTOS/Source/tasks.o
 .debug_aranges
                0x00000000000018e8       0xf0 ./Middlewares/Third_Party/FreeRTOS/Source/timers.o
 .debug_aranges
                0x00000000000019d8       0x80 ./Middlewares/Third_Party/FreeRTOS/Source/portable/GCC/ARM_CM4F/port.o
 .debug_aranges
                0x0000000000001a58       0x58 ./Middlewares/Third_Party/FreeRTOS/Source/portable/MemMang/heap_4.o

.debug_ranges   0x0000000000000000     0x1908
 .debug_ranges  0x0000000000000000       0x10 ./Core/Src/dma.o
 .debug_ranges  0x0000000000000010       0x18 ./Core/Src/freertos.o
 .debug_ranges  0x0000000000000028       0x10 ./Core/Src/gpio.o
 .debug_ranges  0x0000000000000038       0x20 ./Core/Src/main.o
 .debug_ranges  0x0000000000000058       0x28 ./Core/Src/spi.o
 .debug_ranges  0x0000000000000080       0x10 ./Core/Src/stm32l4xx_hal_msp.o
 .debug_ranges  0x0000000000000090       0x48 ./Core/Src/stm32l4xx_it.o
 .debug_ranges  0x00000000000000d8       0x18 ./Core/Src/system_stm32l4xx.o
 .debug_ranges  0x00000000000000f0       0x48 ./Core/Src/tim.o
 .debug_ranges  0x0000000000000138       0x28 ./Core/Src/usart.o
 .debug_ranges  0x0000000000000160       0x20 ./Core/Startup/startup_stm32l4p5cgtx.o
 .debug_ranges  0x0000000000000180      0x120 ./Drivers/STM32L4xx_HAL_Driver/Src/stm32l4xx_hal.o
 .debug_ranges  0x00000000000002a0      0x108 ./Drivers/STM32L4xx_HAL_Driver/Src/stm32l4xx_hal_cortex.o
 .debug_ranges  0x00000000000003a8       0x80 ./Drivers/STM32L4xx_HAL_Driver/Src/stm32l4xx_hal_dma.o
 .debug_ranges  0x0000000000000428       0x48 ./Drivers/STM32L4xx_HAL_Driver/Src/stm32l4xx_hal_gpio.o
 .debug_ranges  0x0000000000000470      0x170 ./Drivers/STM32L4xx_HAL_Driver/Src/stm32l4xx_hal_pwr_ex.o
 .debug_ranges  0x00000000000005e0       0x88 ./Drivers/STM32L4xx_HAL_Driver/Src/stm32l4xx_hal_rcc.o
 .debug_ranges  0x0000000000000668      0x100 ./Drivers/STM32L4xx_HAL_Driver/Src/stm32l4xx_hal_rcc_ex.o
 .debug_ranges  0x0000000000000768      0x1c8 ./Drivers/STM32L4xx_HAL_Driver/Src/stm32l4xx_hal_spi.o
 .debug_ranges  0x0000000000000930      0x3d0 ./Drivers/STM32L4xx_HAL_Driver/Src/stm32l4xx_hal_tim.o
 .debug_ranges  0x0000000000000d00      0x170 ./Drivers/STM32L4xx_HAL_Driver/Src/stm32l4xx_hal_tim_ex.o
 .debug_ranges  0x0000000000000e70      0x268 ./Drivers/STM32L4xx_HAL_Driver/Src/stm32l4xx_hal_uart.o
 .debug_ranges  0x00000000000010d8       0x90 ./Drivers/STM32L4xx_HAL_Driver/Src/stm32l4xx_hal_uart_ex.o
 .debug_ranges  0x0000000000001168      0x298 ./Middlewares/Third_Party/FreeRTOS/Source/CMSIS_RTOS_V2/cmsis_os2.o
 .debug_ranges  0x0000000000001400       0x30 ./Middlewares/Third_Party/FreeRTOS/Source/list.o
 .debug_ranges  0x0000000000001430      0x148 ./Middlewares/Third_Party/FreeRTOS/Source/queue.o
 .debug_ranges  0x0000000000001578      0x1f8 ./Middlewares/Third_Party/FreeRTOS/Source/tasks.o
 .debug_ranges  0x0000000000001770       0xe0 ./Middlewares/Third_Party/FreeRTOS/Source/timers.o
 .debug_ranges  0x0000000000001850       0x70 ./Middlewares/Third_Party/FreeRTOS/Source/portable/GCC/ARM_CM4F/port.o
 .debug_ranges  0x00000000000018c0       0x48 ./Middlewares/Third_Party/FreeRTOS/Source/portable/MemMang/heap_4.o

.debug_macro    0x0000000000000000    0x2ebd5
 .debug_macro   0x0000000000000000      0x215 ./Core/Src/dma.o
 .debug_macro   0x0000000000000215      0xa78 ./Core/Src/dma.o
 .debug_macro   0x0000000000000c8d      0x1b3 ./Core/Src/dma.o
 .debug_macro   0x0000000000000e40       0x2e ./Core/Src/dma.o
 .debug_macro   0x0000000000000e6e       0x28 ./Core/Src/dma.o
 .debug_macro   0x0000000000000e96       0x22 ./Core/Src/dma.o
 .debug_macro   0x0000000000000eb8       0x8e ./Core/Src/dma.o
 .debug_macro   0x0000000000000f46       0x51 ./Core/Src/dma.o
 .debug_macro   0x0000000000000f97      0x103 ./Core/Src/dma.o
 .debug_macro   0x000000000000109a       0x6a ./Core/Src/dma.o
 .debug_macro   0x0000000000001104      0x1df ./Core/Src/dma.o
 .debug_macro   0x00000000000012e3       0x1c ./Core/Src/dma.o
 .debug_macro   0x00000000000012ff       0x22 ./Core/Src/dma.o
 .debug_macro   0x0000000000001321       0xfb ./Core/Src/dma.o
 .debug_macro   0x000000000000141c     0x1011 ./Core/Src/dma.o
 .debug_macro   0x000000000000242d      0x11f ./Core/Src/dma.o
 .debug_macro   0x000000000000254c    0x1e327 ./Core/Src/dma.o
 .debug_macro   0x0000000000020873       0x6d ./Core/Src/dma.o
 .debug_macro   0x00000000000208e0     0x38df ./Core/Src/dma.o
 .debug_macro   0x00000000000241bf      0x174 ./Core/Src/dma.o
 .debug_macro   0x0000000000024333       0x5c ./Core/Src/dma.o
 .debug_macro   0x000000000002438f     0x1979 ./Core/Src/dma.o
 .debug_macro   0x0000000000025d08      0x85a ./Core/Src/dma.o
 .debug_macro   0x0000000000026562      0x1b9 ./Core/Src/dma.o
 .debug_macro   0x000000000002671b      0x24f ./Core/Src/dma.o
 .debug_macro   0x000000000002696a      0x486 ./Core/Src/dma.o
 .debug_macro   0x0000000000026df0      0x1b4 ./Core/Src/dma.o
 .debug_macro   0x0000000000026fa4       0x43 ./Core/Src/dma.o
 .debug_macro   0x0000000000026fe7      0x23d ./Core/Src/dma.o
 .debug_macro   0x0000000000027224      0x241 ./Core/Src/dma.o
 .debug_macro   0x0000000000027465      0x416 ./Core/Src/dma.o
 .debug_macro   0x000000000002787b       0x1c ./Core/Src/dma.o
 .debug_macro   0x0000000000027897       0xeb ./Core/Src/dma.o
 .debug_macro   0x0000000000027982      0x22c ./Core/Src/dma.o
 .debug_macro   0x0000000000027bae       0x61 ./Core/Src/dma.o
 .debug_macro   0x0000000000027c0f       0xa5 ./Core/Src/dma.o
 .debug_macro   0x0000000000027cb4      0x122 ./Core/Src/dma.o
 .debug_macro   0x0000000000027dd6      0x404 ./Core/Src/dma.o
 .debug_macro   0x00000000000281da      0x2fe ./Core/Src/dma.o
 .debug_macro   0x00000000000284d8      0xa91 ./Core/Src/dma.o
 .debug_macro   0x0000000000028f69      0x1ab ./Core/Src/dma.o
 .debug_macro   0x0000000000029114      0x67e ./Core/Src/dma.o
 .debug_macro   0x0000000000029792       0xa6 ./Core/Src/dma.o
 .debug_macro   0x0000000000029838      0x432 ./Core/Src/dma.o
 .debug_macro   0x0000000000029c6a       0xd0 ./Core/Src/dma.o
 .debug_macro   0x0000000000029d3a      0x295 ./Core/Src/freertos.o
 .debug_macro   0x0000000000029fcf      0x169 ./Core/Src/freertos.o
 .debug_macro   0x000000000002a138      0x15a ./Core/Src/freertos.o
 .debug_macro   0x000000000002a292       0xc9 ./Core/Src/freertos.o
 .debug_macro   0x000000000002a35b       0x1c ./Core/Src/freertos.o
 .debug_macro   0x000000000002a377       0x26 ./Core/Src/freertos.o
 .debug_macro   0x000000000002a39d      0x4c5 ./Core/Src/freertos.o
 .debug_macro   0x000000000002a862       0xb5 ./Core/Src/freertos.o
 .debug_macro   0x000000000002a917       0xaa ./Core/Src/freertos.o
 .debug_macro   0x000000000002a9c1       0x6c ./Core/Src/freertos.o
 .debug_macro   0x000000000002aa2d       0x74 ./Core/Src/freertos.o
 .debug_macro   0x000000000002aaa1       0xdd ./Core/Src/freertos.o
 .debug_macro   0x000000000002ab7e      0x215 ./Core/Src/gpio.o
 .debug_macro   0x000000000002ad93      0x2d1 ./Core/Src/main.o
 .debug_macro   0x000000000002b064      0x169 ./Core/Src/main.o
 .debug_macro   0x000000000002b1cd       0x66 ./Core/Src/main.o
 .debug_macro   0x000000000002b233      0x215 ./Core/Src/spi.o
 .debug_macro   0x000000000002b448      0x20b ./Core/Src/stm32l4xx_hal_msp.o
 .debug_macro   0x000000000002b653      0x27d ./Core/Src/stm32l4xx_it.o
 .debug_macro   0x000000000002b8d0      0x1fc ./Core/Src/system_stm32l4xx.o
 .debug_macro   0x000000000002bacc      0x215 ./Core/Src/tim.o
 .debug_macro   0x000000000002bce1      0x215 ./Core/Src/usart.o
 .debug_macro   0x000000000002bef6      0x24a ./Drivers/STM32L4xx_HAL_Driver/Src/stm32l4xx_hal.o
 .debug_macro   0x000000000002c140      0x1fc ./Drivers/STM32L4xx_HAL_Driver/Src/stm32l4xx_hal_cortex.o
 .debug_macro   0x000000000002c33c      0x1fc ./Drivers/STM32L4xx_HAL_Driver/Src/stm32l4xx_hal_dma.o
 .debug_macro   0x000000000002c538      0x203 ./Drivers/STM32L4xx_HAL_Driver/Src/stm32l4xx_hal_gpio.o
 .debug_macro   0x000000000002c73b      0x226 ./Drivers/STM32L4xx_HAL_Driver/Src/stm32l4xx_hal_pwr_ex.o
 .debug_macro   0x000000000002c961      0x23e ./Drivers/STM32L4xx_HAL_Driver/Src/stm32l4xx_hal_rcc.o
 .debug_macro   0x000000000002cb9f      0x232 ./Drivers/STM32L4xx_HAL_Driver/Src/stm32l4xx_hal_rcc_ex.o
 .debug_macro   0x000000000002cdd1      0x204 ./Drivers/STM32L4xx_HAL_Driver/Src/stm32l4xx_hal_spi.o
 .debug_macro   0x000000000002cfd5      0x1fd ./Drivers/STM32L4xx_HAL_Driver/Src/stm32l4xx_hal_tim.o
 .debug_macro   0x000000000002d1d2      0x1fc ./Drivers/STM32L4xx_HAL_Driver/Src/stm32l4xx_hal_tim_ex.o
 .debug_macro   0x000000000002d3ce      0x227 ./Drivers/STM32L4xx_HAL_Driver/Src/stm32l4xx_hal_uart.o
 .debug_macro   0x000000000002d5f5      0x208 ./Drivers/STM32L4xx_HAL_Driver/Src/stm32l4xx_hal_uart_ex.o
 .debug_macro   0x000000000002d7fd      0x3f3 ./Middlewares/Third_Party/FreeRTOS/Source/CMSIS_RTOS_V2/cmsis_os2.o
 .debug_macro   0x000000000002dbf0       0x10 ./Middlewares/Third_Party/FreeRTOS/Source/CMSIS_RTOS_V2/cmsis_os2.o
 .debug_macro   0x000000000002dc00       0x20 ./Middlewares/Third_Party/FreeRTOS/Source/CMSIS_RTOS_V2/cmsis_os2.o
 .debug_macro   0x000000000002dc20       0x10 ./Middlewares/Third_Party/FreeRTOS/Source/CMSIS_RTOS_V2/cmsis_os2.o
 .debug_macro   0x000000000002dc30       0xf5 ./Middlewares/Third_Party/FreeRTOS/Source/CMSIS_RTOS_V2/cmsis_os2.o
 .debug_macro   0x000000000002dd25       0x91 ./Middlewares/Third_Party/FreeRTOS/Source/CMSIS_RTOS_V2/cmsis_os2.o
 .debug_macro   0x000000000002ddb6       0x8d ./Middlewares/Third_Party/FreeRTOS/Source/CMSIS_RTOS_V2/cmsis_os2.o
 .debug_macro   0x000000000002de43       0x9a ./Middlewares/Third_Party/FreeRTOS/Source/CMSIS_RTOS_V2/cmsis_os2.o
 .debug_macro   0x000000000002dedd       0x22 ./Middlewares/Third_Party/FreeRTOS/Source/CMSIS_RTOS_V2/cmsis_os2.o
 .debug_macro   0x000000000002deff       0x56 ./Middlewares/Third_Party/FreeRTOS/Source/CMSIS_RTOS_V2/cmsis_os2.o
 .debug_macro   0x000000000002df55      0x187 ./Middlewares/Third_Party/FreeRTOS/Source/list.o
 .debug_macro   0x000000000002e0dc      0x216 ./Middlewares/Third_Party/FreeRTOS/Source/queue.o
 .debug_macro   0x000000000002e2f2       0x16 ./Middlewares/Third_Party/FreeRTOS/Source/queue.o
 .debug_macro   0x000000000002e308       0x87 ./Middlewares/Third_Party/FreeRTOS/Source/queue.o
 .debug_macro   0x000000000002e38f      0x27f ./Middlewares/Third_Party/FreeRTOS/Source/tasks.o
 .debug_macro   0x000000000002e60e       0x10 ./Middlewares/Third_Party/FreeRTOS/Source/tasks.o
 .debug_macro   0x000000000002e61e      0x1dc ./Middlewares/Third_Party/FreeRTOS/Source/timers.o
 .debug_macro   0x000000000002e7fa       0x97 ./Middlewares/Third_Party/FreeRTOS/Source/timers.o
 .debug_macro   0x000000000002e891      0x196 ./Middlewares/Third_Party/FreeRTOS/Source/portable/GCC/ARM_CM4F/port.o
 .debug_macro   0x000000000002ea27      0x1ae ./Middlewares/Third_Party/FreeRTOS/Source/portable/MemMang/heap_4.o

.debug_line     0x0000000000000000    0x1fd4d
 .debug_line    0x0000000000000000      0x735 ./Core/Src/dma.o
 .debug_line    0x0000000000000735      0x8a8 ./Core/Src/freertos.o
 .debug_line    0x0000000000000fdd      0x76d ./Core/Src/gpio.o
 .debug_line    0x000000000000174a      0x946 ./Core/Src/main.o
 .debug_line    0x0000000000002090      0x82d ./Core/Src/spi.o
 .debug_line    0x00000000000028bd      0x739 ./Core/Src/stm32l4xx_hal_msp.o
 .debug_line    0x0000000000002ff6      0x8f9 ./Core/Src/stm32l4xx_it.o
 .debug_line    0x00000000000038ef      0x7d0 ./Core/Src/system_stm32l4xx.o
 .debug_line    0x00000000000040bf      0x9ac ./Core/Src/tim.o
 .debug_line    0x0000000000004a6b      0x870 ./Core/Src/usart.o
 .debug_line    0x00000000000052db       0x88 ./Core/Startup/startup_stm32l4p5cgtx.o
 .debug_line    0x0000000000005363      0xb28 ./Drivers/STM32L4xx_HAL_Driver/Src/stm32l4xx_hal.o
 .debug_line    0x0000000000005e8b      0xccf ./Drivers/STM32L4xx_HAL_Driver/Src/stm32l4xx_hal_cortex.o
 .debug_line    0x0000000000006b5a      0xe84 ./Drivers/STM32L4xx_HAL_Driver/Src/stm32l4xx_hal_dma.o
 .debug_line    0x00000000000079de      0xb84 ./Drivers/STM32L4xx_HAL_Driver/Src/stm32l4xx_hal_gpio.o
 .debug_line    0x0000000000008562      0xdc9 ./Drivers/STM32L4xx_HAL_Driver/Src/stm32l4xx_hal_pwr_ex.o
 .debug_line    0x000000000000932b     0x10e4 ./Drivers/STM32L4xx_HAL_Driver/Src/stm32l4xx_hal_rcc.o
 .debug_line    0x000000000000a40f     0x1943 ./Drivers/STM32L4xx_HAL_Driver/Src/stm32l4xx_hal_rcc_ex.o
 .debug_line    0x000000000000bd52     0x1f62 ./Drivers/STM32L4xx_HAL_Driver/Src/stm32l4xx_hal_spi.o
 .debug_line    0x000000000000dcb4     0x3d95 ./Drivers/STM32L4xx_HAL_Driver/Src/stm32l4xx_hal_tim.o
 .debug_line    0x0000000000011a49     0x1c2e ./Drivers/STM32L4xx_HAL_Driver/Src/stm32l4xx_hal_tim_ex.o
 .debug_line    0x0000000000013677     0x3b9b ./Drivers/STM32L4xx_HAL_Driver/Src/stm32l4xx_hal_uart.o
 .debug_line    0x0000000000017212      0xdc4 ./Drivers/STM32L4xx_HAL_Driver/Src/stm32l4xx_hal_uart_ex.o
 .debug_line    0x0000000000017fd6     0x240f ./Middlewares/Third_Party/FreeRTOS/Source/CMSIS_RTOS_V2/cmsis_os2.o
 .debug_line    0x000000000001a3e5      0x6fd ./Middlewares/Third_Party/FreeRTOS/Source/list.o
 .debug_line    0x000000000001aae2     0x16c7 ./Middlewares/Third_Party/FreeRTOS/Source/queue.o
 .debug_line    0x000000000001c1a9     0x1d7c ./Middlewares/Third_Party/FreeRTOS/Source/tasks.o
 .debug_line    0x000000000001df25      0xd5d ./Middlewares/Third_Party/FreeRTOS/Source/timers.o
 .debug_line    0x000000000001ec82      0x7a4 ./Middlewares/Third_Party/FreeRTOS/Source/portable/GCC/ARM_CM4F/port.o
 .debug_line    0x000000000001f426      0x927 ./Middlewares/Third_Party/FreeRTOS/Source/portable/MemMang/heap_4.o

.debug_str      0x0000000000000000   0x11e5c5
 .debug_str     0x0000000000000000   0x10b861 ./Core/Src/dma.o
                                     0x10bbc4 (size before relaxing)
 .debug_str     0x000000000010b861     0x4e6f ./Core/Src/freertos.o
                                     0x11037a (size before relaxing)
 .debug_str     0x00000000001106d0       0xe9 ./Core/Src/gpio.o
                                     0x10b73b (size before relaxing)
 .debug_str     0x00000000001107b9      0x2dd ./Core/Src/main.o
                                     0x1101a0 (size before relaxing)
 .debug_str     0x0000000000110a96      0x4d0 ./Core/Src/spi.o
                                     0x10bc75 (size before relaxing)
 .debug_str     0x0000000000110f66       0x2c ./Core/Src/stm32l4xx_hal_msp.o
                                     0x10bbb4 (size before relaxing)
 .debug_str     0x0000000000110f92      0x113 ./Core/Src/stm32l4xx_it.o
                                     0x10f68a (size before relaxing)
 .debug_str     0x00000000001110a5       0xf2 ./Core/Src/system_stm32l4xx.o
                                     0x10b3bb (size before relaxing)
 .debug_str     0x0000000000111197      0x678 ./Core/Src/tim.o
                                     0x10c170 (size before relaxing)
 .debug_str     0x000000000011180f      0x526 ./Core/Src/usart.o
                                     0x10c033 (size before relaxing)
 .debug_str     0x0000000000111d35       0x36 ./Core/Startup/startup_stm32l4p5cgtx.o
                                         0x72 (size before relaxing)
 .debug_str     0x0000000000111d6b      0x646 ./Drivers/STM32L4xx_HAL_Driver/Src/stm32l4xx_hal.o
                                     0x10bf98 (size before relaxing)
 .debug_str     0x00000000001123b1      0x328 ./Drivers/STM32L4xx_HAL_Driver/Src/stm32l4xx_hal_cortex.o
                                     0x10bc27 (size before relaxing)
 .debug_str     0x00000000001126d9      0x27a ./Drivers/STM32L4xx_HAL_Driver/Src/stm32l4xx_hal_dma.o
                                     0x10b743 (size before relaxing)
 .debug_str     0x0000000000112953      0x123 ./Drivers/STM32L4xx_HAL_Driver/Src/stm32l4xx_hal_gpio.o
                                     0x10b535 (size before relaxing)
 .debug_str     0x0000000000112a76      0x5a3 ./Drivers/STM32L4xx_HAL_Driver/Src/stm32l4xx_hal_pwr_ex.o
                                     0x10b9b7 (size before relaxing)
 .debug_str     0x0000000000113019      0x3dc ./Drivers/STM32L4xx_HAL_Driver/Src/stm32l4xx_hal_rcc.o
                                     0x10ba3f (size before relaxing)
 .debug_str     0x00000000001133f5      0x5c5 ./Drivers/STM32L4xx_HAL_Driver/Src/stm32l4xx_hal_rcc_ex.o
                                     0x10be02 (size before relaxing)
 .debug_str     0x00000000001139ba      0x587 ./Drivers/STM32L4xx_HAL_Driver/Src/stm32l4xx_hal_spi.o
                                     0x10bcb8 (size before relaxing)
 .debug_str     0x0000000000113f41      0xccd ./Drivers/STM32L4xx_HAL_Driver/Src/stm32l4xx_hal_tim.o
                                     0x10c7c7 (size before relaxing)
 .debug_str     0x0000000000114c0e      0x4ae ./Drivers/STM32L4xx_HAL_Driver/Src/stm32l4xx_hal_tim_ex.o
                                     0x10c0eb (size before relaxing)
 .debug_str     0x00000000001150bc      0x9a9 ./Drivers/STM32L4xx_HAL_Driver/Src/stm32l4xx_hal_uart.o
                                     0x10c337 (size before relaxing)
 .debug_str     0x0000000000115a65      0x24a ./Drivers/STM32L4xx_HAL_Driver/Src/stm32l4xx_hal_uart_ex.o
                                     0x10bb05 (size before relaxing)
 .debug_str     0x0000000000115caf     0x5dbc ./Middlewares/Third_Party/FreeRTOS/Source/CMSIS_RTOS_V2/cmsis_os2.o
                                     0x115c4e (size before relaxing)
 .debug_str     0x000000000011ba6b      0x20f ./Middlewares/Third_Party/FreeRTOS/Source/list.o